2026-07-01 21:54:25,021 - INFO - Starting automatic workflow...
2026-07-01 21:54:25,021 - INFO - Workflow context: steps=1 dump_location=. reset_env_after=False logging_level=INFO log_file=automatic_workflow_1782968065.log
2026-07-01 21:54:25,022 - INFO - Ensured workflow output directory exists: .
2026-07-01 21:54:25,022 - INFO - Creating new FACET-II badger environment.
2026-07-01 21:54:29,437 - INFO - Running workflow step: optimize_schottky
2026-07-01 21:54:29,437 - INFO - Step 1/1 parameters: {}
2026-07-01 21:54:30,176 - INFO - Starting auto_schottky_scan.
2026-07-01 21:54:30,177 - INFO - inserting Faraday cup, interrupting feedbacks
2026-07-01 21:54:40,312 - INFO - Initialized generator annotation=NoneType required=True description='generator name'
2026-07-01 21:54:40,318 - INFO - Created Schottky Xopt object.
2026-07-01 21:54:40,318 - INFO - Starting automatic Schottky scan with Amortized BOED generator.
2026-07-01 21:54:40,318 - INFO - Running 100 steps (10 grid + 90 BOED)...
2026-07-01 21:54:40,318 - INFO - Running Xopt step
2026-07-01 21:54:42,918 - INFO - Running Xopt step
2026-07-01 21:54:45,427 - INFO - Running Xopt step
2026-07-01 21:54:47,938 - INFO - Running Xopt step
2026-07-01 21:54:50,448 - INFO - Running Xopt step
2026-07-01 21:54:52,959 - INFO - Running Xopt step
2026-07-01 21:54:55,470 - INFO - Running Xopt step
2026-07-01 21:54:57,978 - INFO - Running Xopt step
2026-07-01 21:55:00,487 - INFO - Running Xopt step
2026-07-01 21:55:02,995 - INFO - Running Xopt step
2026-07-01 21:55:05,504 - INFO - BOED step 0 / 90
2026-07-01 21:55:05,504 - INFO - Running Xopt step
2026-07-01 21:55:08,089 - INFO - Running Xopt step
2026-07-01 21:55:10,607 - INFO - Running Xopt step
2026-07-01 21:55:13,116 - INFO - Running Xopt step
2026-07-01 21:55:15,625 - INFO - Running Xopt step
2026-07-01 21:55:18,137 - INFO - BOED step 5 / 90
2026-07-01 21:55:18,137 - INFO - Running Xopt step
2026-07-01 21:55:20,650 - INFO - Running Xopt step
2026-07-01 21:55:23,161 - INFO - Running Xopt step
2026-07-01 21:55:25,672 - INFO - Running Xopt step
2026-07-01 21:55:28,182 - INFO - Running Xopt step
2026-07-01 21:55:30,693 - INFO - BOED step 10 / 90
2026-07-01 21:55:30,693 - INFO - Running Xopt step
2026-07-01 21:55:33,224 - INFO - Running Xopt step
2026-07-01 21:55:35,742 - INFO - Running Xopt step
2026-07-01 21:55:38,253 - INFO - Running Xopt step
2026-07-01 21:55:40,765 - INFO - Running Xopt step
2026-07-01 21:55:43,276 - INFO - BOED step 15 / 90
2026-07-01 21:55:43,276 - INFO - Running Xopt step
2026-07-01 21:55:45,787 - INFO - Running Xopt step
2026-07-01 21:55:48,297 - INFO - Running Xopt step
2026-07-01 21:55:50,807 - INFO - Running Xopt step
2026-07-01 21:55:53,319 - INFO - Running Xopt step
2026-07-01 21:55:55,831 - INFO - BOED step 20 / 90
2026-07-01 21:55:55,832 - INFO - Running Xopt step
2026-07-01 21:55:58,365 - INFO - Running Xopt step
2026-07-01 21:56:00,882 - INFO - Running Xopt step
2026-07-01 21:56:03,393 - INFO - Running Xopt step
2026-07-01 21:56:05,903 - INFO - Running Xopt step
2026-07-01 21:56:08,413 - INFO - BOED step 25 / 90
2026-07-01 21:56:08,413 - INFO - Running Xopt step
2026-07-01 21:56:10,924 - INFO - Running Xopt step
2026-07-01 21:56:13,435 - INFO - Running Xopt step
2026-07-01 21:56:15,948 - INFO - Running Xopt step
2026-07-01 21:56:18,459 - INFO - Running Xopt step
2026-07-01 21:56:20,969 - INFO - BOED step 30 / 90
2026-07-01 21:56:20,969 - INFO - Running Xopt step
2026-07-01 21:56:23,496 - INFO - Running Xopt step
2026-07-01 21:56:26,013 - INFO - Running Xopt step
2026-07-01 21:56:28,525 - INFO - Running Xopt step
2026-07-01 21:56:31,038 - INFO - Running Xopt step
2026-07-01 21:56:33,549 - INFO - BOED step 35 / 90
2026-07-01 21:56:33,549 - INFO - Running Xopt step
2026-07-01 21:56:36,060 - INFO - Running Xopt step
2026-07-01 21:56:38,571 - INFO - Running Xopt step
2026-07-01 21:56:41,080 - INFO - Running Xopt step
2026-07-01 21:56:43,590 - INFO - Running Xopt step
2026-07-01 21:56:46,102 - INFO - BOED step 40 / 90
2026-07-01 21:56:46,103 - INFO - Running Xopt step
2026-07-01 21:56:48,637 - INFO - Running Xopt step
2026-07-01 21:56:51,154 - INFO - Running Xopt step
2026-07-01 21:56:53,665 - INFO - Running Xopt step
2026-07-01 21:56:56,175 - INFO - Running Xopt step
2026-07-01 21:56:58,685 - INFO - BOED step 45 / 90
2026-07-01 21:56:58,685 - INFO - Running Xopt step
2026-07-01 21:57:01,194 - INFO - Running Xopt step
2026-07-01 21:57:03,704 - INFO - Running Xopt step
2026-07-01 21:57:06,214 - INFO - Running Xopt step
2026-07-01 21:57:08,726 - INFO - Running Xopt step
2026-07-01 21:57:11,236 - INFO - BOED step 50 / 90
2026-07-01 21:57:11,236 - INFO - Running Xopt step
2026-07-01 21:57:13,766 - INFO - Running Xopt step
2026-07-01 21:57:16,285 - INFO - Running Xopt step
2026-07-01 21:57:18,795 - INFO - Running Xopt step
2026-07-01 21:57:21,305 - INFO - Running Xopt step
2026-07-01 21:57:23,815 - INFO - BOED step 55 / 90
2026-07-01 21:57:23,816 - INFO - Running Xopt step
2026-07-01 21:57:26,326 - INFO - Running Xopt step
2026-07-01 21:57:28,837 - INFO - Running Xopt step
2026-07-01 21:57:31,349 - INFO - Running Xopt step
2026-07-01 21:57:33,858 - INFO - Running Xopt step
2026-07-01 21:57:36,368 - INFO - BOED step 60 / 90
2026-07-01 21:57:36,368 - INFO - Running Xopt step
2026-07-01 21:57:38,896 - INFO - Running Xopt step
2026-07-01 21:57:41,415 - INFO - Running Xopt step
2026-07-01 21:57:43,929 - INFO - Running Xopt step
2026-07-01 21:57:46,440 - INFO - Running Xopt step
2026-07-01 21:57:48,951 - INFO - BOED step 65 / 90
2026-07-01 21:57:48,951 - INFO - Running Xopt step
2026-07-01 21:57:51,461 - INFO - Running Xopt step
2026-07-01 21:57:53,972 - INFO - Running Xopt step
2026-07-01 21:57:56,483 - INFO - Running Xopt step
2026-07-01 21:57:58,995 - INFO - Running Xopt step
2026-07-01 21:58:01,505 - INFO - BOED step 70 / 90
2026-07-01 21:58:01,506 - INFO - Running Xopt step
2026-07-01 21:58:04,046 - INFO - Running Xopt step
2026-07-01 21:58:06,565 - INFO - Running Xopt step
2026-07-01 21:58:09,075 - INFO - Running Xopt step
2026-07-01 21:58:11,585 - INFO - Running Xopt step
2026-07-01 21:58:14,094 - INFO - BOED step 75 / 90
2026-07-01 21:58:14,094 - INFO - Running Xopt step
2026-07-01 21:58:16,604 - INFO - Running Xopt step
2026-07-01 21:58:19,114 - INFO - Running Xopt step
2026-07-01 21:58:21,625 - INFO - Running Xopt step
2026-07-01 21:58:24,138 - INFO - Running Xopt step
2026-07-01 21:58:26,650 - INFO - BOED step 80 / 90
2026-07-01 21:58:26,650 - INFO - Running Xopt step
2026-07-01 21:58:29,179 - INFO - Running Xopt step
2026-07-01 21:58:31,696 - INFO - Running Xopt step
2026-07-01 21:58:34,206 - INFO - Running Xopt step
2026-07-01 21:58:36,718 - INFO - Running Xopt step
2026-07-01 21:58:39,229 - INFO - BOED step 85 / 90
2026-07-01 21:58:39,229 - INFO - Running Xopt step
2026-07-01 21:58:41,742 - INFO - Running Xopt step
2026-07-01 21:58:44,254 - INFO - Running Xopt step
2026-07-01 21:58:46,766 - INFO - Running Xopt step
2026-07-01 21:58:49,275 - INFO - Running Xopt step
2026-07-01 21:58:51,785 - INFO - BOED step 90 / 90
2026-07-01 21:58:53,796 - INFO - best T0 estimate from BOED scan: 0.50° gunphase
2026-07-01 21:58:53,797 - INFO - removing the faraday cup and restarting feedbacks
2026-07-01 21:58:53,797 - INFO - Automatic Schottky scan complete.
2026-07-01 21:58:53,828 - INFO - Appended Xopt serialization for optimize_schottky to ./automatic_workflow_xopt_1782968065.yaml
2026-07-01 21:58:53,828 - INFO - Completed workflow step: optimize_schottky (step 1/1) in 264.39 s
2026-07-01 21:58:53,828 - INFO - Skipping post-workflow environment reset (reset_env_after=False).
2026-07-01 21:58:53,828 - INFO - Automatic workflow completed.
2026-07-01 21:58:53,828 - INFO - Workflow summary: completed_steps=1 total_steps=1 duration=268.81 s xopt_dump_file=./automatic_workflow_xopt_1782968065.yaml
