/home/fphysics/zhezhang/AgenticOpt/bax_algorithms/bax_algorithms/solenoid_alignment.py:21: UserWarning: Field name "name" in "PathwiseSolenoidAlignment" shadows an attribute in parent "PathwiseOptimization"
  class PathwiseSolenoidAlignment(PathwiseOptimization):
2026-07-01 21:16:57,575 - INFO - Starting automatic workflow...
2026-07-01 21:16:57,576 - INFO - Workflow context: steps=1 dump_location=. reset_env_after=False logging_level=INFO log_file=automatic_workflow_1782965817.log
2026-07-01 21:16:57,576 - INFO - Ensured workflow output directory exists: .
2026-07-01 21:16:57,576 - INFO - Creating new FACET-II badger environment.
/home/fphysics/zhezhang/AgenticOpt/Badger/src/badger/environment.py:131: UserWarning: Field name "variables" in "Environment" shadows an attribute in parent "BaseAutomaticEmittanceEnvironment"
  return super().__new__(mcs, name, bases, namespace)
2026-07-01 21:17:02,170 - INFO - Running workflow step: tcav_phasing
2026-07-01 21:17:02,170 - INFO - Step 1/1 parameters: {'max_scan_range': [80, 100], 'n_iterations': 5, 'n_initial_points': 5, 'tcav_on_amplitude': 4, 'amplitude_tolerance': 0.01, 'phase_tolerance': 0.5}
2026-07-01 21:17:02,853 - INFO - Starting tcav_phasing.
2026-07-01 21:17:02,882 - INFO - Starting automatic TCAV phasing. Current TCAV phase: 93.34377395262294
2026-07-01 21:17:02,882 - INFO - TCAV phasing config: tcav_on_amplitude=4 n_initial_points=5 n_iterations=5 max_scan_range=[80, 100] min_transmission=0.4 dump_location=None
2026-07-01 21:17:02,905 - INFO - Starting TCAV phase optimization....
2026-07-01 21:17:02,905 - INFO - Acquiring nominal centroid.
2026-07-01 21:17:06,414 - INFO - Initialized generator expected_improvement
2026-07-01 21:17:06,417 - INFO - Initial TCAV amplitude: 4.0, phase: 93.34377395262294
2026-07-01 21:17:12,744 - INFO - Converged
2026-07-01 21:17:12,750 - INFO - setting final phase to 93.34377395262294
2026-07-01 21:17:18,252 - INFO - Restored original TCAV amplitude.
2026-07-01 21:17:18,253 - INFO - TCAV phase optimization complete.
2026-07-01 21:17:18,259 - INFO - Automatic TCAV phasing finished. Optimized phase: 93.34377395262294 duration=15.41 s
2026-07-01 21:17:18,285 - INFO - Appended Xopt serialization for tcav_phasing to ./automatic_workflow_xopt_1782965817.yaml
2026-07-01 21:17:18,286 - INFO - Completed workflow step: tcav_phasing (step 1/1) in 16.12 s
2026-07-01 21:17:18,286 - INFO - Skipping post-workflow environment reset (reset_env_after=False).
2026-07-01 21:17:18,286 - INFO - Automatic workflow completed.
2026-07-01 21:17:18,286 - INFO - Workflow summary: completed_steps=1 total_steps=1 duration=20.71 s xopt_dump_file=./automatic_workflow_xopt_1782965817.yaml
