2026-07-01 23:54:43,421 - INFO - Starting automatic workflow...
2026-07-01 23:54:43,421 - INFO - Workflow context: steps=1 dump_location=. reset_env_after=False logging_level=INFO log_file=automatic_workflow_1782975283.log
2026-07-01 23:54:43,422 - INFO - Ensured workflow output directory exists: .
2026-07-01 23:54:43,422 - INFO - Creating new FACET-II badger environment.
2026-07-01 23:54:47,685 - INFO - Running workflow step: tcav_phasing
2026-07-01 23:54:47,686 - INFO - Step 1/1 parameters: {'amplitude_tolerance': 0.01, 'max_scan_range': [80, 100], 'n_initial_points': 5, 'n_iterations': 5, 'phase_tolerance': 0.5, 'tcav_on_amplitude': 4}
2026-07-01 23:54:48,368 - INFO - Starting tcav_phasing.
2026-07-01 23:54:48,397 - INFO - Starting automatic TCAV phasing. Current TCAV phase: 92.7549681348903
2026-07-01 23:54:48,397 - INFO - TCAV phasing config: tcav_on_amplitude=4 n_initial_points=5 n_iterations=5 max_scan_range=[80, 100] min_transmission=0.4 dump_location=None
2026-07-01 23:54:48,419 - INFO - Starting TCAV phase optimization....
2026-07-01 23:54:48,419 - INFO - Acquiring nominal centroid.
2026-07-01 23:54:51,929 - INFO - Initialized generator expected_improvement
2026-07-01 23:54:51,931 - INFO - Initial TCAV amplitude: 4.0, phase: 92.7549681348903
2026-07-01 23:54:57,233 - INFO - Running Xopt step
2026-07-01 23:54:59,362 - INFO - Running Xopt step
2026-07-01 23:55:01,148 - INFO - Running Xopt step
2026-07-01 23:55:04,365 - INFO - Running Xopt step
2026-07-01 23:55:06,030 - INFO - Running Xopt step
2026-07-01 23:55:07,691 - INFO - setting final phase to 92.21497338457121
2026-07-01 23:55:11,193 - INFO - Restored original TCAV amplitude.
2026-07-01 23:55:11,193 - INFO - TCAV phase optimization complete.
2026-07-01 23:55:11,201 - INFO - Automatic TCAV phasing finished. Optimized phase: 92.21497338457121 duration=22.83 s
2026-07-01 23:55:11,226 - INFO - Appended Xopt serialization for tcav_phasing to ./automatic_workflow_xopt_1782975283.yaml
2026-07-01 23:55:11,226 - INFO - Completed workflow step: tcav_phasing (step 1/1) in 23.54 s
2026-07-01 23:55:11,226 - INFO - Skipping post-workflow environment reset (reset_env_after=False).
2026-07-01 23:55:11,226 - INFO - Automatic workflow completed.
2026-07-01 23:55:11,226 - INFO - Workflow summary: completed_steps=1 total_steps=1 duration=27.81 s xopt_dump_file=./automatic_workflow_xopt_1782975283.yaml
