/home/fphysics/zhezhang/AgenticOpt/bax_algorithms/bax_algorithms/solenoid_alignment.py:21: UserWarning: Field name "name" in "PathwiseSolenoidAlignment" shadows an attribute in parent "PathwiseOptimization"
  class PathwiseSolenoidAlignment(PathwiseOptimization):
2026-07-01 22:39:42,199 - INFO - Starting automatic workflow...
2026-07-01 22:39:42,199 - INFO - Workflow context: steps=1 dump_location=. reset_env_after=False logging_level=INFO log_file=automatic_workflow_1782970782.log
2026-07-01 22:39:42,199 - INFO - Ensured workflow output directory exists: .
2026-07-01 22:39:42,200 - INFO - Creating new FACET-II badger environment.
/home/fphysics/zhezhang/AgenticOpt/Badger/src/badger/environment.py:131: UserWarning: Field name "variables" in "Environment" shadows an attribute in parent "BaseAutomaticEmittanceEnvironment"
  return super().__new__(mcs, name, bases, namespace)
2026-07-01 22:39:46,474 - INFO - Running workflow step: optimize_alignment
2026-07-01 22:39:46,474 - INFO - Step 1/1 parameters: {'n_steps': 100, 'region_fraction': 0.15}
2026-07-01 22:39:47,157 - INFO - Starting alignment_opt_es.
2026-07-01 22:39:47,157 - INFO - Starting automatic alignment for screen: PR10571
2026-07-01 22:39:47,194 - INFO - Initialized generator extremum_seeking
2026-07-01 22:39:47,199 - INFO - Created alignment Xopt object.
2026-07-01 22:39:47,199 - INFO - Starting evaluation
2026-07-01 22:39:47,211 - INFO - evaluating point: {'XCOR:IN10:221:BCTRL': 0.00035140208, 'XCOR:IN10:311:BCTRL': 0.0010431391, 'XCOR:IN10:381:BCTRL': -2.110464e-05, 'XCOR:IN10:411:BCTRL': 0.0006039, 'XCOR:IN10:491:BCTRL': 0.0004852332, 'XCOR:IN10:521:BCTRL': -0.0011821252, 'XCOR:IN10:641:BCTRL': -0.0002505172, 'YCOR:IN10:222:BCTRL': 0.00031471521, 'YCOR:IN10:312:BCTRL': 0.00064077, 'YCOR:IN10:382:BCTRL': -0.0008571227, 'YCOR:IN10:412:BCTRL': 0.00032478616, 'YCOR:IN10:492:BCTRL': -0.0006024, 'YCOR:IN10:522:BCTRL': 0.0004338424, 'YCOR:IN10:642:BCTRL': -0.0016612768}
2026-07-01 22:39:47,734 - INFO - 0
2026-07-01 22:39:47,734 - INFO - Running Xopt step
2026-07-01 22:39:47,741 - INFO - evaluating point: {'XCOR:IN10:221:BCTRL': 0.00035010468438806294, 'XCOR:IN10:311:BCTRL': 0.0010427012189351123, 'XCOR:IN10:381:BCTRL': -2.5387953454115776e-05, 'XCOR:IN10:411:BCTRL': 0.0006031262888573626, 'XCOR:IN10:491:BCTRL': 0.00047525629134202805, 'XCOR:IN10:521:BCTRL': -0.001183211765388386, 'XCOR:IN10:641:BCTRL': -0.0002571340236172526, 'YCOR:IN10:222:BCTRL': 0.0003143929739561844, 'YCOR:IN10:312:BCTRL': 0.0006371337944062499, 'YCOR:IN10:382:BCTRL': -0.0008581543148568499, 'YCOR:IN10:412:BCTRL': 0.0003185991516773883, 'YCOR:IN10:492:BCTRL': -0.0006047428168693633, 'YCOR:IN10:522:BCTRL': 0.00042542098812349674, 'YCOR:IN10:642:BCTRL': -0.0016627979915437403}
2026-07-01 22:39:47,956 - INFO - 1
2026-07-01 22:39:47,956 - INFO - Running Xopt step
2026-07-01 22:39:47,961 - INFO - evaluating point: {'XCOR:IN10:221:BCTRL': 0.0003489132915386431, 'XCOR:IN10:311:BCTRL': 0.001041646338987197, 'XCOR:IN10:381:BCTRL': -2.9233717128366025e-05, 'XCOR:IN10:411:BCTRL': 0.0006010877833164656, 'XCOR:IN10:491:BCTRL': 0.00046652059215625643, 'XCOR:IN10:521:BCTRL': -0.0011863139757511338, 'XCOR:IN10:641:BCTRL': -0.00026276872800758475, 'YCOR:IN10:222:BCTRL': 0.0003134038186250487, 'YCOR:IN10:312:BCTRL': 0.0006341308773757684, 'YCOR:IN10:382:BCTRL': -0.0008615360295204126, 'YCOR:IN10:412:BCTRL': 0.0003136591929156413, 'YCOR:IN10:492:BCTRL': -0.0006128955735829312, 'YCOR:IN10:522:BCTRL': 0.0004189412572964338, 'YCOR:IN10:642:BCTRL': -0.001668387919102776}
2026-07-01 22:39:48,185 - INFO - 2
2026-07-01 22:39:48,185 - INFO - Running Xopt step
2026-07-01 22:39:48,190 - INFO - evaluating point: {'XCOR:IN10:221:BCTRL': 0.0003480219308936534, 'XCOR:IN10:311:BCTRL': 0.0010398312984163114, 'XCOR:IN10:381:BCTRL': -3.1877191305093355e-05, 'XCOR:IN10:411:BCTRL': 0.0005976298291011199, 'XCOR:IN10:491:BCTRL': 0.0004611100614501028, 'XCOR:IN10:521:BCTRL': -0.0011914833975798815, 'XCOR:IN10:641:BCTRL': -0.0002658328993622307, 'YCOR:IN10:222:BCTRL': 0.00031179020686629975, 'YCOR:IN10:312:BCTRL': 0.0006327486026076367, 'YCOR:IN10:382:BCTRL': -0.0008669181641456036, 'YCOR:IN10:412:BCTRL': 0.0003118393739770566, 'YCOR:IN10:492:BCTRL': -0.0006255112581322911, 'YCOR:IN10:522:BCTRL': 0.00041720846118835955, 'YCOR:IN10:642:BCTRL': -0.0016767683498407691}
2026-07-01 22:39:48,402 - INFO - 3
2026-07-01 22:39:48,402 - INFO - Running Xopt step
2026-07-01 22:39:48,406 - INFO - evaluating point: {'XCOR:IN10:221:BCTRL': 0.00034771681660248147, 'XCOR:IN10:311:BCTRL': 0.0010374348068308988, 'XCOR:IN10:381:BCTRL': -3.230699449737302e-05, 'XCOR:IN10:411:BCTRL': 0.0005932984699271012, 'XCOR:IN10:491:BCTRL': 0.0004614722577957473, 'XCOR:IN10:521:BCTRL': -0.001197592137265027, 'XCOR:IN10:641:BCTRL': -0.0002646928640480668, 'YCOR:IN10:222:BCTRL': 0.00031000366431426657, 'YCOR:IN10:312:BCTRL': 0.0006338582446545395, 'YCOR:IN10:382:BCTRL': -0.0008724538021011456, 'YCOR:IN10:412:BCTRL': 0.00031451533291731575, 'YCOR:IN10:492:BCTRL': -0.0006374377284455435, 'YCOR:IN10:522:BCTRL': 0.0004218573471067577, 'YCOR:IN10:642:BCTRL': -0.0016839531992771997}
2026-07-01 22:39:48,618 - INFO - 4
2026-07-01 22:39:48,618 - INFO - Running Xopt step
2026-07-01 22:39:48,622 - INFO - evaluating point: {'XCOR:IN10:221:BCTRL': 0.00034774292987108655, 'XCOR:IN10:311:BCTRL': 0.0010349719224051845, 'XCOR:IN10:381:BCTRL': -3.144512783302657e-05, 'XCOR:IN10:411:BCTRL': 0.0005890320207089176, 'XCOR:IN10:491:BCTRL': 0.0004652219314149914, 'XCOR:IN10:521:BCTRL': -0.0012032713410464965, 'XCOR:IN10:641:BCTRL': -0.00026113052609098294, 'YCOR:IN10:222:BCTRL': 0.00030846619934062265, 'YCOR:IN10:312:BCTRL': 0.0006363440006760509, 'YCOR:IN10:382:BCTRL': -0.0008767477719610786, 'YCOR:IN10:412:BCTRL': 0.0003195074908749961, 'YCOR:IN10:492:BCTRL': -0.000645449537167914, 'YCOR:IN10:522:BCTRL': 0.0004294720611940287, 'YCOR:IN10:642:BCTRL': -0.0016878583665048065}
2026-07-01 22:39:48,841 - INFO - 5
2026-07-01 22:39:48,841 - INFO - Running Xopt step
2026-07-01 22:39:48,845 - INFO - evaluating point: {'XCOR:IN10:221:BCTRL': 0.0003482795185419176, 'XCOR:IN10:311:BCTRL': 0.0010327218156749166, 'XCOR:IN10:381:BCTRL': -2.8833310790227755e-05, 'XCOR:IN10:411:BCTRL': 0.0005855500938266589, 'XCOR:IN10:491:BCTRL': 0.00047295768563311027, 'XCOR:IN10:521:BCTRL': -0.0012072224158332253, 'XCOR:IN10:641:BCTRL': -0.0002551615818345056, 'YCOR:IN10:222:BCTRL': 0.0003076316200995025, 'YCOR:IN10:312:BCTRL': 0.0006399204702697954, 'YCOR:IN10:382:BCTRL': -0.0008782062236486729, 'YCOR:IN10:412:BCTRL': 0.00032579186615357364, 'YCOR:IN10:492:BCTRL': -0.0006458399862199708, 'YCOR:IN10:522:BCTRL': 0.0004378679515747698, 'YCOR:IN10:642:BCTRL': -0.001686202097679695}
2026-07-01 22:39:49,059 - INFO - 6
2026-07-01 22:39:49,059 - INFO - Running Xopt step
2026-07-01 22:39:49,063 - INFO - evaluating point: {'XCOR:IN10:221:BCTRL': 0.000349176364479753, 'XCOR:IN10:311:BCTRL': 0.0010309162331994207, 'XCOR:IN10:381:BCTRL': -2.5130349101769687e-05, 'XCOR:IN10:411:BCTRL': 0.0005832624142572563, 'XCOR:IN10:491:BCTRL': 0.0004826895831297664, 'XCOR:IN10:521:BCTRL': -0.0012089358893188483, 'XCOR:IN10:641:BCTRL': -0.0002484384167614066, 'YCOR:IN10:222:BCTRL': 0.0003076047115107566, 'YCOR:IN10:312:BCTRL': 0.0006434965619770774, 'YCOR:IN10:382:BCTRL': -0.0008767454879338695, 'YCOR:IN10:412:BCTRL': 0.0003312363209119343, 'YCOR:IN10:492:BCTRL': -0.000639248726644581, 'YCOR:IN10:522:BCTRL': 0.0004438730211796918, 'YCOR:IN10:642:BCTRL': -0.0016801051032769995}
2026-07-01 22:39:49,282 - INFO - 7
2026-07-01 22:39:49,282 - INFO - Running Xopt step
2026-07-01 22:39:49,287 - INFO - evaluating point: {'XCOR:IN10:221:BCTRL': 0.00035036038168411506, 'XCOR:IN10:311:BCTRL': 0.001029832749270349, 'XCOR:IN10:381:BCTRL': -2.082107197811861e-05, 'XCOR:IN10:411:BCTRL': 0.0005826496061714512, 'XCOR:IN10:491:BCTRL': 0.0004926767888150421, 'XCOR:IN10:521:BCTRL': -0.0012078842732813205, 'XCOR:IN10:641:BCTRL': -0.00024249641260363548, 'YCOR:IN10:222:BCTRL': 0.00030845314899652577, 'YCOR:IN10:312:BCTRL': 0.0006460676981244819, 'YCOR:IN10:382:BCTRL': -0.000872577382772292, 'YCOR:IN10:412:BCTRL': 0.00033400164478337806, 'YCOR:IN10:492:BCTRL': -0.0006274121821046504, 'YCOR:IN10:522:BCTRL': 0.000445077861625552, 'YCOR:IN10:642:BCTRL': -0.0016716326442947158}
2026-07-01 22:39:49,501 - INFO - 8
2026-07-01 22:39:49,501 - INFO - Running Xopt step
2026-07-01 22:39:49,505 - INFO - evaluating point: {'XCOR:IN10:221:BCTRL': 0.00035167591570018936, 'XCOR:IN10:311:BCTRL': 0.0010296706425629958, 'XCOR:IN10:381:BCTRL': -1.665417413756591e-05, 'XCOR:IN10:411:BCTRL': 0.0005839075272599332, 'XCOR:IN10:491:BCTRL': 0.000500734115356856, 'XCOR:IN10:521:BCTRL': -0.0012041741734520996, 'XCOR:IN10:641:BCTRL': -0.00023892742525065486, 'YCOR:IN10:222:BCTRL': 0.00030998949265746483, 'YCOR:IN10:312:BCTRL': 0.0006468035812216422, 'YCOR:IN10:382:BCTRL': -0.0008668901281005723, 'YCOR:IN10:412:BCTRL': 0.0003330090221314507, 'YCOR:IN10:492:BCTRL': -0.0006143976046260446, 'YCOR:IN10:522:BCTRL': 0.00044084366543737405, 'YCOR:IN10:642:BCTRL': -0.0016641958584065464}
2026-07-01 22:39:49,720 - INFO - 9
2026-07-01 22:39:49,720 - INFO - Running Xopt step
2026-07-01 22:39:49,726 - INFO - evaluating point: {'XCOR:IN10:221:BCTRL': 0.00035293481542460095, 'XCOR:IN10:311:BCTRL': 0.001030402280251528, 'XCOR:IN10:381:BCTRL': -1.3340502071453844e-05, 'XCOR:IN10:411:BCTRL': 0.0005867297569665162, 'XCOR:IN10:491:BCTRL': 0.0005052477516793555, 'XCOR:IN10:521:BCTRL': -0.0011987007340261027, 'XCOR:IN10:641:BCTRL': -0.00023854113196744735, 'YCOR:IN10:222:BCTRL': 0.0003117992872731565, 'YCOR:IN10:312:BCTRL': 0.000645548932575987, 'YCOR:IN10:382:BCTRL': -0.0008614314136941367, 'YCOR:IN10:412:BCTRL': 0.0003287218312232389, 'YCOR:IN10:492:BCTRL': -0.000604757230515717, 'YCOR:IN10:522:BCTRL': 0.0004330176349212914, 'YCOR:IN10:642:BCTRL': -0.001660733568980776}
2026-07-01 22:39:49,942 - INFO - 10
2026-07-01 22:39:49,942 - INFO - Running Xopt step
2026-07-01 22:39:49,946 - INFO - evaluating point: {'XCOR:IN10:221:BCTRL': 0.0003539580829899427, 'XCOR:IN10:311:BCTRL': 0.0010319555577150295, 'XCOR:IN10:381:BCTRL': -1.1487587169112621e-05, 'XCOR:IN10:411:BCTRL': 0.0005906682985040822, 'XCOR:IN10:491:BCTRL': 0.0005051558616249396, 'XCOR:IN10:521:BCTRL': -0.0011925883433981722, 'XCOR:IN10:641:BCTRL': -0.00024151331308147663, 'YCOR:IN10:222:BCTRL': 0.00031342535751286403, 'YCOR:IN10:312:BCTRL': 0.0006426392626791839, 'YCOR:IN10:382:BCTRL': -0.0008578542584960633, 'YCOR:IN10:412:BCTRL': 0.00032257989970909176, 'YCOR:IN10:492:BCTRL': -0.0006019410140781357, 'YCOR:IN10:522:BCTRL': 0.0004246920980980052, 'YCOR:IN10:642:BCTRL': -0.0016627133766256152}
2026-07-01 22:39:50,159 - INFO - 11
2026-07-01 22:39:50,159 - INFO - Running Xopt step
2026-07-01 22:39:50,163 - INFO - evaluating point: {'XCOR:IN10:221:BCTRL': 0.0003546375609185346, 'XCOR:IN10:311:BCTRL': 0.0010340665638105553, 'XCOR:IN10:381:BCTRL': -1.127971170758953e-05, 'XCOR:IN10:411:BCTRL': 0.0005950159634947349, 'XCOR:IN10:491:BCTRL': 0.00050078346773257, 'XCOR:IN10:521:BCTRL': -0.0011870733836902162, 'XCOR:IN10:641:BCTRL': -0.00024694159543844966, 'YCOR:IN10:222:BCTRL': 0.00031449513196128595, 'YCOR:IN10:312:BCTRL': 0.000638979104450901, 'YCOR:IN10:382:BCTRL': -0.0008570585780945498, 'YCOR:IN10:412:BCTRL': 0.0003166872900937029, 'YCOR:IN10:492:BCTRL': -0.0006065363267450455, 'YCOR:IN10:522:BCTRL': 0.0004190430116712391, 'YCOR:IN10:642:BCTRL': -0.0016691415975497422}
2026-07-01 22:39:50,387 - INFO - 12
2026-07-01 22:39:50,387 - INFO - Running Xopt step
2026-07-01 22:39:50,391 - INFO - evaluating point: {'XCOR:IN10:221:BCTRL': 0.00035490261937740623, 'XCOR:IN10:311:BCTRL': 0.0010364796335528199, 'XCOR:IN10:381:BCTRL': -1.2715376474799516e-05, 'XCOR:IN10:411:BCTRL': 0.0005991250107997246, 'XCOR:IN10:491:BCTRL': 0.0004930038371430472, 'XCOR:IN10:521:BCTRL': -0.0011831537502542614, 'XCOR:IN10:641:BCTRL': -0.0002535822270421234, 'YCOR:IN10:222:BCTRL': 0.00031477955053637555, 'YCOR:IN10:312:BCTRL': 0.0006355490298366755, 'YCOR:IN10:382:BCTRL': -0.0008592166725726312, 'YCOR:IN10:412:BCTRL': 0.0003128762713491442, 'YCOR:IN10:492:BCTRL': -0.0006170188328618363, 'YCOR:IN10:522:BCTRL': 0.0004180808830852444, 'YCOR:IN10:642:BCTRL': -0.0016776450386350012}
2026-07-01 22:39:50,602 - INFO - 13
2026-07-01 22:39:50,603 - INFO - Running Xopt step
2026-07-01 22:39:50,606 - INFO - evaluating point: {'XCOR:IN10:221:BCTRL': 0.0003547223827805617, 'XCOR:IN10:311:BCTRL': 0.0010389198731422882, 'XCOR:IN10:381:BCTRL': -1.5587324518667474e-05, 'XCOR:IN10:411:BCTRL': 0.0006023956861904923, 'XCOR:IN10:491:BCTRL': 0.00048322411635502905, 'XCOR:IN10:521:BCTRL': -0.0011815422936367898, 'XCOR:IN10:641:BCTRL': -0.000259971828716319, 'YCOR:IN10:222:BCTRL': 0.0003142150609711589, 'YCOR:IN10:312:BCTRL': 0.0006332524300676348, 'YCOR:IN10:382:BCTRL': -0.000863763067637897, 'YCOR:IN10:412:BCTRL': 0.0003123283482869562, 'YCOR:IN10:492:BCTRL': -0.0006301485649792781, 'YCOR:IN10:522:BCTRL': 0.0004221549292050731, 'YCOR:IN10:642:BCTRL': -0.0016851707512205286}
2026-07-01 22:39:50,820 - INFO - 14
2026-07-01 22:39:50,820 - INFO - Running Xopt step
2026-07-01 22:39:50,825 - INFO - evaluating point: {'XCOR:IN10:221:BCTRL': 0.0003541573652274514, 'XCOR:IN10:311:BCTRL': 0.0010411455519581132, 'XCOR:IN10:381:BCTRL': -1.940800882743025e-05, 'XCOR:IN10:411:BCTRL': 0.0006044808179588044, 'XCOR:IN10:491:BCTRL': 0.000473169655814511, 'XCOR:IN10:521:BCTRL': -0.0011823270963584036, 'XCOR:IN10:641:BCTRL': -0.0002648591370182432, 'YCOR:IN10:222:BCTRL': 0.00031297005513799425, 'YCOR:IN10:312:BCTRL': 0.0006325712353396375, 'YCOR:IN10:382:BCTRL': -0.0008694671047851971, 'YCOR:IN10:412:BCTRL': 0.00031502279882413345, 'YCOR:IN10:492:BCTRL': -0.0006420567251935936, 'YCOR:IN10:522:BCTRL': 0.00042966676707518456, 'YCOR:IN10:642:BCTRL': -0.0016892703235786676}
2026-07-01 22:39:51,049 - INFO - 15
2026-07-01 22:39:51,049 - INFO - Running Xopt step
2026-07-01 22:39:51,055 - INFO - evaluating point: {'XCOR:IN10:221:BCTRL': 0.00035333149545800814, 'XCOR:IN10:311:BCTRL': 0.0010430657077067297, 'XCOR:IN10:381:BCTRL': -2.3655119129144625e-05, 'XCOR:IN10:411:BCTRL': 0.000605433423419382, 'XCOR:IN10:491:BCTRL': 0.0004640518890397507, 'XCOR:IN10:521:BCTRL': -0.0011849999399353372, 'XCOR:IN10:641:BCTRL': -0.0002677537547685561, 'YCOR:IN10:222:BCTRL': 0.0003113338460687222, 'YCOR:IN10:312:BCTRL': 0.000633406987175175, 'YCOR:IN10:382:BCTRL': -0.0008751202170245724, 'YCOR:IN10:412:BCTRL': 0.00031995296813927684, 'YCOR:IN10:492:BCTRL': -0.0006502354818142893, 'YCOR:IN10:522:BCTRL': 0.00043822440509332496, 'YCOR:IN10:642:BCTRL': -0.0016892381792644594}
2026-07-01 22:39:51,267 - INFO - 16
2026-07-01 22:39:51,267 - INFO - Running Xopt step
2026-07-01 22:39:51,272 - INFO - evaluating point: {'XCOR:IN10:221:BCTRL': 0.0003521287803911325, 'XCOR:IN10:311:BCTRL': 0.0010440747360744838, 'XCOR:IN10:381:BCTRL': -2.7818397862397057e-05, 'XCOR:IN10:411:BCTRL': 0.0006041635756853215, 'XCOR:IN10:491:BCTRL': 0.0004586951623405537, 'XCOR:IN10:521:BCTRL': -0.0011901896907819127, 'XCOR:IN10:641:BCTRL': -0.000266673166110265, 'YCOR:IN10:222:BCTRL': 0.00030954462012426875, 'YCOR:IN10:312:BCTRL': 0.0006362536982868299, 'YCOR:IN10:382:BCTRL': -0.0008788202247511877, 'YCOR:IN10:412:BCTRL': 0.0003262378504415319, 'YCOR:IN10:492:BCTRL': -0.0006498827153204132, 'YCOR:IN10:522:BCTRL': 0.00044451595296497726, 'YCOR:IN10:642:BCTRL': -0.001683437263208769}
2026-07-01 22:39:51,485 - INFO - 17
2026-07-01 22:39:51,485 - INFO - Running Xopt step
2026-07-01 22:39:51,489 - INFO - evaluating point: {'XCOR:IN10:221:BCTRL': 0.00035081038880982945, 'XCOR:IN10:311:BCTRL': 0.0010440733268811066, 'XCOR:IN10:381:BCTRL': -3.096273649266413e-05, 'XCOR:IN10:411:BCTRL': 0.0006011538352219824, 'XCOR:IN10:491:BCTRL': 0.00045824610015349, 'XCOR:IN10:521:BCTRL': -0.0011962963333484204, 'XCOR:IN10:641:BCTRL': -0.0002622463520973502, 'YCOR:IN10:222:BCTRL': 0.00030818014318586976, 'YCOR:IN10:312:BCTRL': 0.0006399340634916102, 'YCOR:IN10:382:BCTRL': -0.0008793371406125857, 'YCOR:IN10:412:BCTRL': 0.0003311510870562175, 'YCOR:IN10:492:BCTRL': -0.000641659301898887, 'YCOR:IN10:522:BCTRL': 0.0004456598293707635, 'YCOR:IN10:642:BCTRL': -0.0016749563582762314}
2026-07-01 22:39:51,709 - INFO - 18
2026-07-01 22:39:51,709 - INFO - Running Xopt step
2026-07-01 22:39:51,713 - INFO - evaluating point: {'XCOR:IN10:221:BCTRL': 0.00034955545336140786, 'XCOR:IN10:311:BCTRL': 0.0010433182871678315, 'XCOR:IN10:381:BCTRL': -3.2861610870595125e-05, 'XCOR:IN10:411:BCTRL': 0.0005972372449734004, 'XCOR:IN10:491:BCTRL': 0.00046178341631513623, 'XCOR:IN10:521:BCTRL': -0.0012020248475445965, 'XCOR:IN10:641:BCTRL': -0.0002560705265395922, 'YCOR:IN10:222:BCTRL': 0.000307463277152915, 'YCOR:IN10:312:BCTRL': 0.0006433355850705788, 'YCOR:IN10:382:BCTRL': -0.0008770703014508529, 'YCOR:IN10:412:BCTRL': 0.0003333757476253798, 'YCOR:IN10:492:BCTRL': -0.0006293320991209684, 'YCOR:IN10:522:BCTRL': 0.0004419671350268736, 'YCOR:IN10:642:BCTRL': -0.0016672363705696957}
2026-07-01 22:39:51,930 - INFO - 19
2026-07-01 22:39:51,930 - INFO - Running Xopt step
2026-07-01 22:39:51,934 - INFO - evaluating point: {'XCOR:IN10:221:BCTRL': 0.0003485620947579282, 'XCOR:IN10:311:BCTRL': 0.0010416986450006765, 'XCOR:IN10:381:BCTRL': -3.286419777595031e-05, 'XCOR:IN10:411:BCTRL': 0.0005928846140004863, 'XCOR:IN10:491:BCTRL': 0.0004694143663967569, 'XCOR:IN10:521:BCTRL': -0.001206049326389689, 'XCOR:IN10:641:BCTRL': -0.00024940693836312313, 'YCOR:IN10:222:BCTRL': 0.00030770554601377615, 'YCOR:IN10:312:BCTRL': 0.0006453730102330562, 'YCOR:IN10:382:BCTRL': -0.0008722287490842374, 'YCOR:IN10:412:BCTRL': 0.00033170674041066607, 'YCOR:IN10:492:BCTRL': -0.0006166251037889983, 'YCOR:IN10:522:BCTRL': 0.00043425912333940834, 'YCOR:IN10:642:BCTRL': -0.0016635187426253801}
2026-07-01 22:39:52,147 - INFO - 20
2026-07-01 22:39:52,148 - INFO - Running Xopt step
2026-07-01 22:39:52,151 - INFO - evaluating point: {'XCOR:IN10:221:BCTRL': 0.00034790450837926567, 'XCOR:IN10:311:BCTRL': 0.0010395635725524849, 'XCOR:IN10:381:BCTRL': -3.126829505722255e-05, 'XCOR:IN10:411:BCTRL': 0.0005888351081552247, 'XCOR:IN10:491:BCTRL': 0.00047910651670545634, 'XCOR:IN10:521:BCTRL': -0.0012078428266628829, 'XCOR:IN10:641:BCTRL': -0.0002438567294262951, 'YCOR:IN10:222:BCTRL': 0.0003087288358057673, 'YCOR:IN10:312:BCTRL': 0.0006456439493334796, 'YCOR:IN10:382:BCTRL': -0.0008664408625031186, 'YCOR:IN10:412:BCTRL': 0.0003270919232722843, 'YCOR:IN10:492:BCTRL': -0.000607674132611585, 'YCOR:IN10:522:BCTRL': 0.0004257988130330068, 'YCOR:IN10:642:BCTRL': -0.001664806124163951}
2026-07-01 22:39:52,366 - INFO - 21
2026-07-01 22:39:52,366 - INFO - Running Xopt step
2026-07-01 22:39:52,371 - INFO - evaluating point: {'XCOR:IN10:221:BCTRL': 0.0003476197506551438, 'XCOR:IN10:311:BCTRL': 0.001037158350538296, 'XCOR:IN10:381:BCTRL': -2.838264873487135e-05, 'XCOR:IN10:411:BCTRL': 0.0005855765120801102, 'XCOR:IN10:491:BCTRL': 0.000489197760102816, 'XCOR:IN10:521:BCTRL': -0.0012072541458967455, 'XCOR:IN10:641:BCTRL': -0.00024044676530306458, 'YCOR:IN10:222:BCTRL': 0.0003102912121861123, 'YCOR:IN10:312:BCTRL': 0.0006441689861434348, 'YCOR:IN10:382:BCTRL': -0.0008611197654570206, 'YCOR:IN10:412:BCTRL': 0.0003209531909168748, 'YCOR:IN10:492:BCTRL': -0.0006048274277898646, 'YCOR:IN10:522:BCTRL': 0.00041939209543419845, 'YCOR:IN10:642:BCTRL': -0.0016704795861859952}
2026-07-01 22:39:52,588 - INFO - 22
2026-07-01 22:39:52,588 - INFO - Running Xopt step
2026-07-01 22:39:52,592 - INFO - evaluating point: {'XCOR:IN10:221:BCTRL': 0.00034791887771192334, 'XCOR:IN10:311:BCTRL': 0.0010347592252806937, 'XCOR:IN10:381:BCTRL': -2.430075002207229e-05, 'XCOR:IN10:411:BCTRL': 0.0005840653846940504, 'XCOR:IN10:491:BCTRL': 0.0004973730839418121, 'XCOR:IN10:521:BCTRL': -0.001203639099310389, 'XCOR:IN10:641:BCTRL': -0.00024077853196622834, 'YCOR:IN10:222:BCTRL': 0.0003121017928819281, 'YCOR:IN10:312:BCTRL': 0.0006409885121998492, 'YCOR:IN10:382:BCTRL': -0.0008581655066485861, 'YCOR:IN10:412:BCTRL': 0.00031530096013268074, 'YCOR:IN10:492:BCTRL': -0.0006105991216602143, 'YCOR:IN10:522:BCTRL': 0.00041828138334567855, 'YCOR:IN10:642:BCTRL': -0.0016789648982228548}
2026-07-01 22:39:52,805 - INFO - 23
2026-07-01 22:39:52,805 - INFO - Running Xopt step
2026-07-01 22:39:52,809 - INFO - evaluating point: {'XCOR:IN10:221:BCTRL': 0.0003486198235574365, 'XCOR:IN10:311:BCTRL': 0.0010326728679553936, 'XCOR:IN10:381:BCTRL': -1.9949172458881734e-05, 'XCOR:IN10:411:BCTRL': 0.000584161175037964, 'XCOR:IN10:491:BCTRL': 0.0005023802494997538, 'XCOR:IN10:521:BCTRL': -0.001198323983195464, 'XCOR:IN10:641:BCTRL': -0.00024409431561169955, 'YCOR:IN10:222:BCTRL': 0.00031367883498212913, 'YCOR:IN10:312:BCTRL': 0.0006372944270186182, 'YCOR:IN10:382:BCTRL': -0.0008580327881156282, 'YCOR:IN10:412:BCTRL': 0.0003119537101875054, 'YCOR:IN10:492:BCTRL': -0.0006217558226963535, 'YCOR:IN10:522:BCTRL': 0.0004221632125557027, 'YCOR:IN10:642:BCTRL': -0.0016865915359938954}
2026-07-01 22:39:53,023 - INFO - 24
2026-07-01 22:39:53,023 - INFO - Running Xopt step
2026-07-01 22:39:53,028 - INFO - evaluating point: {'XCOR:IN10:221:BCTRL': 0.0003495772639276497, 'XCOR:IN10:311:BCTRL': 0.0010309793911839576, 'XCOR:IN10:381:BCTRL': -1.5816305414260833e-05, 'XCOR:IN10:411:BCTRL': 0.000585526756624665, 'XCOR:IN10:491:BCTRL': 0.0005041409556511976, 'XCOR:IN10:521:BCTRL': -0.0011923042271936993, 'XCOR:IN10:641:BCTRL': -0.0002493720347614186, 'YCOR:IN10:222:BCTRL': 0.0003148020367476608, 'YCOR:IN10:312:BCTRL': 0.0006339039796152841, 'YCOR:IN10:382:BCTRL': -0.0008603401901187977, 'YCOR:IN10:412:BCTRL': 0.0003114212446227385, 'YCOR:IN10:492:BCTRL': -0.0006348883493156823, 'YCOR:IN10:522:BCTRL': 0.000429328566680116, 'YCOR:IN10:642:BCTRL': -0.0016912704142759425}
2026-07-01 22:39:53,242 - INFO - 25
2026-07-01 22:39:53,243 - INFO - Running Xopt step
2026-07-01 22:39:53,247 - INFO - evaluating point: {'XCOR:IN10:221:BCTRL': 0.00035085894206484194, 'XCOR:IN10:311:BCTRL': 0.0010304021050829893, 'XCOR:IN10:381:BCTRL': -1.3061342866313462e-05, 'XCOR:IN10:411:BCTRL': 0.0005888965614317507, 'XCOR:IN10:491:BCTRL': 0.0004998533749307482, 'XCOR:IN10:521:BCTRL': -0.0011867651140256392, 'XCOR:IN10:641:BCTRL': -0.0002560954444503111, 'YCOR:IN10:222:BCTRL': 0.0003148240592343572, 'YCOR:IN10:312:BCTRL': 0.0006322604315882755, 'YCOR:IN10:382:BCTRL': -0.0008655379949244193, 'YCOR:IN10:412:BCTRL': 0.00031528120451563066, 'YCOR:IN10:492:BCTRL': -0.0006452918628079375, 'YCOR:IN10:522:BCTRL': 0.0004376942238267822, 'YCOR:IN10:642:BCTRL': -0.0016894676435720286}
2026-07-01 22:39:53,458 - INFO - 26
2026-07-01 22:39:53,459 - INFO - Running Xopt step
2026-07-01 22:39:53,462 - INFO - evaluating point: {'XCOR:IN10:221:BCTRL': 0.00035217729451557595, 'XCOR:IN10:311:BCTRL': 0.0010303830736864456, 'XCOR:IN10:381:BCTRL': -1.1319779360378576e-05, 'XCOR:IN10:411:BCTRL': 0.0005928855913430507, 'XCOR:IN10:491:BCTRL': 0.0004929039504692616, 'XCOR:IN10:521:BCTRL': -0.0011823144245403294, 'XCOR:IN10:641:BCTRL': -0.0002624086647014032, 'YCOR:IN10:222:BCTRL': 0.0003142002220615491, 'YCOR:IN10:312:BCTRL': 0.0006320661403264328, 'YCOR:IN10:382:BCTRL': -0.0008713334755557638, 'YCOR:IN10:412:BCTRL': 0.00032092447313128523, 'YCOR:IN10:492:BCTRL': -0.0006511019680496243, 'YCOR:IN10:522:BCTRL': 0.0004441820894232333, 'YCOR:IN10:642:BCTRL': -0.0016838871595689297}
2026-07-01 22:39:53,685 - INFO - 27
2026-07-01 22:39:53,685 - INFO - Running Xopt step
2026-07-01 22:39:53,690 - INFO - evaluating point: {'XCOR:IN10:221:BCTRL': 0.00035346786479116977, 'XCOR:IN10:311:BCTRL': 0.0010308864688834906, 'XCOR:IN10:381:BCTRL': -1.0655402295856894e-05, 'XCOR:IN10:411:BCTRL': 0.0005971872196620235, 'XCOR:IN10:491:BCTRL': 0.0004840670336754188, 'XCOR:IN10:521:BCTRL': -0.0011793182367820982, 'XCOR:IN10:641:BCTRL': -0.0002675536390705118, 'YCOR:IN10:222:BCTRL': 0.00031303311127064856, 'YCOR:IN10:312:BCTRL': 0.0006332999313101086, 'YCOR:IN10:382:BCTRL': -0.0008768039050868816, 'YCOR:IN10:412:BCTRL': 0.00032721052066384844, 'YCOR:IN10:492:BCTRL': -0.0006513470645163222, 'YCOR:IN10:522:BCTRL': 0.0004473375227438567, 'YCOR:IN10:642:BCTRL': -0.0016759324476152788}
2026-07-01 22:39:53,913 - INFO - 28
2026-07-01 22:39:53,913 - INFO - Running Xopt step
2026-07-01 22:39:53,917 - INFO - evaluating point: {'XCOR:IN10:221:BCTRL': 0.00035444471767241367, 'XCOR:IN10:311:BCTRL': 0.0010325407881934781, 'XCOR:IN10:381:BCTRL': -1.2438829464958112e-05, 'XCOR:IN10:411:BCTRL': 0.0006011577096331684, 'XCOR:IN10:491:BCTRL': 0.00047398774000875706, 'XCOR:IN10:521:BCTRL': -0.0011799771478921525, 'XCOR:IN10:641:BCTRL': -0.00026893000536955226, 'YCOR:IN10:222:BCTRL': 0.00031125870781503176, 'YCOR:IN10:312:BCTRL': 0.0006365059914948679, 'YCOR:IN10:382:BCTRL': -0.0008796891339857031, 'YCOR:IN10:412:BCTRL': 0.00033186892774540126, 'YCOR:IN10:492:BCTRL': -0.0006424958775216414, 'YCOR:IN10:522:BCTRL': 0.0004438311310441514, 'YCOR:IN10:642:BCTRL': -0.0016681260772067794}
2026-07-01 22:39:54,130 - INFO - 29
2026-07-01 22:39:54,130 - INFO - Running Xopt step
2026-07-01 22:39:54,134 - INFO - evaluating point: {'XCOR:IN10:221:BCTRL': 0.00035507476663769596, 'XCOR:IN10:311:BCTRL': 0.0010347046561073516, 'XCOR:IN10:381:BCTRL': -1.5571096358657114e-05, 'XCOR:IN10:411:BCTRL': 0.0006041800112701807, 'XCOR:IN10:491:BCTRL': 0.0004652607734267324, 'XCOR:IN10:521:BCTRL': -0.001183088280019407, 'XCOR:IN10:641:BCTRL': -0.00026717086792659854, 'YCOR:IN10:222:BCTRL': 0.0003095090589240407, 'YCOR:IN10:312:BCTRL': 0.0006402010043513319, 'YCOR:IN10:382:BCTRL': -0.000879715682576738, 'YCOR:IN10:412:BCTRL': 0.00033356924424791907, 'YCOR:IN10:492:BCTRL': -0.0006298071367938105, 'YCOR:IN10:522:BCTRL': 0.0004365049409528484, 'YCOR:IN10:642:BCTRL': -0.0016637032793985417}
2026-07-01 22:39:54,347 - INFO - 30
2026-07-01 22:39:54,348 - INFO - Running Xopt step
2026-07-01 22:39:54,352 - INFO - evaluating point: {'XCOR:IN10:221:BCTRL': 0.0003551089747752325, 'XCOR:IN10:311:BCTRL': 0.001037167194428555, 'XCOR:IN10:381:BCTRL': -1.9788038964646438e-05, 'XCOR:IN10:411:BCTRL': 0.0006052583424513317, 'XCOR:IN10:491:BCTRL': 0.00046062637340144047, 'XCOR:IN10:521:BCTRL': -0.0011885249100622589, 'XCOR:IN10:641:BCTRL': -0.0002620244532327205, 'YCOR:IN10:222:BCTRL': 0.0003083424098007227, 'YCOR:IN10:312:BCTRL': 0.0006431487164235941, 'YCOR:IN10:382:BCTRL': -0.0008762162025838722, 'YCOR:IN10:412:BCTRL': 0.00033098925349560874, 'YCOR:IN10:492:BCTRL': -0.0006177880961781112, 'YCOR:IN10:522:BCTRL': 0.0004281152011051581, 'YCOR:IN10:642:BCTRL': -0.0016653904269897546}
2026-07-01 22:39:54,568 - INFO - 31
2026-07-01 22:39:54,568 - INFO - Running Xopt step
2026-07-01 22:39:54,575 - INFO - evaluating point: {'XCOR:IN10:221:BCTRL': 0.0003548763360872008, 'XCOR:IN10:311:BCTRL': 0.0010395919080627913, 'XCOR:IN10:381:BCTRL': -2.4140660791959344e-05, 'XCOR:IN10:411:BCTRL': 0.0006052676325993273, 'XCOR:IN10:491:BCTRL': 0.0004587948106342495, 'XCOR:IN10:521:BCTRL': -0.0011945369758290503, 'XCOR:IN10:641:BCTRL': -0.0002557343551213168, 'YCOR:IN10:222:BCTRL': 0.00030770182048109573, 'YCOR:IN10:312:BCTRL': 0.0006450506716249721, 'YCOR:IN10:382:BCTRL': -0.0008712405518552483, 'YCOR:IN10:412:BCTRL': 0.0003262634314533719, 'YCOR:IN10:492:BCTRL': -0.000609095378772871, 'YCOR:IN10:522:BCTRL': 0.0004214131500763612, 'YCOR:IN10:642:BCTRL': -0.0016707117720935662}
2026-07-01 22:39:54,790 - INFO - 32
2026-07-01 22:39:54,790 - INFO - Running Xopt step
2026-07-01 22:39:54,795 - INFO - evaluating point: {'XCOR:IN10:221:BCTRL': 0.0003540927151301739, 'XCOR:IN10:311:BCTRL': 0.0010415729162900865, 'XCOR:IN10:381:BCTRL': -2.795658685971313e-05, 'XCOR:IN10:411:BCTRL': 0.0006031738056427983, 'XCOR:IN10:491:BCTRL': 0.00046243462067040544, 'XCOR:IN10:521:BCTRL': -0.001200242102422781, 'XCOR:IN10:641:BCTRL': -0.00024919147651484457, 'YCOR:IN10:222:BCTRL': 0.0003081196319942639, 'YCOR:IN10:312:BCTRL': 0.0006446893888070591, 'YCOR:IN10:382:BCTRL': -0.0008654648499843545, 'YCOR:IN10:412:BCTRL': 0.00031998053222997183, 'YCOR:IN10:492:BCTRL': -0.0006086116744569984, 'YCOR:IN10:522:BCTRL': 0.0004199539692245918, 'YCOR:IN10:642:BCTRL': -0.0016791441497504484}
2026-07-01 22:39:55,009 - INFO - 33
2026-07-01 22:39:55,009 - INFO - Running Xopt step
2026-07-01 22:39:55,013 - INFO - evaluating point: {'XCOR:IN10:221:BCTRL': 0.00035304137590906924, 'XCOR:IN10:311:BCTRL': 0.0010430593058939372, 'XCOR:IN10:381:BCTRL': -3.088351541916403e-05, 'XCOR:IN10:411:BCTRL': 0.0005999522388987557, 'XCOR:IN10:491:BCTRL': 0.00046929712700257456, 'XCOR:IN10:521:BCTRL': -0.001204741551131119, 'XCOR:IN10:641:BCTRL': -0.00024385403154751002, 'YCOR:IN10:222:BCTRL': 0.00030922212883810826, 'YCOR:IN10:312:BCTRL': 0.0006427141136531534, 'YCOR:IN10:382:BCTRL': -0.0008605601754755702, 'YCOR:IN10:412:BCTRL': 0.00031438725329892893, 'YCOR:IN10:492:BCTRL': -0.0006146304624127601, 'YCOR:IN10:522:BCTRL': 0.0004231637897945175, 'YCOR:IN10:642:BCTRL': -0.001687077071886417}
2026-07-01 22:39:55,227 - INFO - 34
2026-07-01 22:39:55,228 - INFO - Running Xopt step
2026-07-01 22:39:55,232 - INFO - evaluating point: {'XCOR:IN10:221:BCTRL': 0.0003518154540266341, 'XCOR:IN10:311:BCTRL': 0.0010439656023912152, 'XCOR:IN10:381:BCTRL': -3.266486118015955e-05, 'XCOR:IN10:411:BCTRL': 0.000595980814675856, 'XCOR:IN10:491:BCTRL': 0.0004783520998810979, 'XCOR:IN10:521:BCTRL': -0.0012074908988161425, 'XCOR:IN10:641:BCTRL': -0.000240563363852322, 'YCOR:IN10:222:BCTRL': 0.0003108029901184819, 'YCOR:IN10:312:BCTRL': 0.0006395761815420884, 'YCOR:IN10:382:BCTRL': -0.0008574957469410742, 'YCOR:IN10:412:BCTRL': 0.000310831256440464, 'YCOR:IN10:492:BCTRL': -0.0006254996505660693, 'YCOR:IN10:522:BCTRL': 0.0004299968940312101, 'YCOR:IN10:642:BCTRL': -0.0016922290509427554}
2026-07-01 22:39:55,445 - INFO - 35
2026-07-01 22:39:55,445 - INFO - Running Xopt step
2026-07-01 22:39:55,449 - INFO - evaluating point: {'XCOR:IN10:221:BCTRL': 0.00035050364833409887, 'XCOR:IN10:311:BCTRL': 0.001044211522042655, 'XCOR:IN10:381:BCTRL': -3.309938733296579e-05, 'XCOR:IN10:411:BCTRL': 0.0005916499267644713, 'XCOR:IN10:491:BCTRL': 0.0004884398213524932, 'XCOR:IN10:521:BCTRL': -0.0012081011279468465, 'XCOR:IN10:641:BCTRL': -0.00023989211180854746, 'YCOR:IN10:222:BCTRL': 0.0003126067229457178, 'YCOR:IN10:312:BCTRL': 0.000635899588871956, 'YCOR:IN10:382:BCTRL': -0.0008569163787373325, 'YCOR:IN10:412:BCTRL': 0.00031020360755307724, 'YCOR:IN10:492:BCTRL': -0.0006386136884788832, 'YCOR:IN10:522:BCTRL': 0.00043851184192924306, 'YCOR:IN10:642:BCTRL': -0.001693083371725741}
2026-07-01 22:39:55,663 - INFO - 36
2026-07-01 22:39:55,663 - INFO - Running Xopt step
2026-07-01 22:39:55,667 - INFO - evaluating point: {'XCOR:IN10:221:BCTRL': 0.00034922434836888157, 'XCOR:IN10:311:BCTRL': 0.0010436161045820817, 'XCOR:IN10:381:BCTRL': -3.1858887822908085e-05, 'XCOR:IN10:411:BCTRL': 0.0005874778093111873, 'XCOR:IN10:491:BCTRL': 0.0004980183074674531, 'XCOR:IN10:521:BCTRL': -0.0012060979108746237, 'XCOR:IN10:641:BCTRL': -0.00024237843938725446, 'YCOR:IN10:222:BCTRL': 0.00031429102412263034, 'YCOR:IN10:312:BCTRL': 0.0006325311939988425, 'YCOR:IN10:382:BCTRL': -0.0008593021249307912, 'YCOR:IN10:412:BCTRL': 0.00031304269851165046, 'YCOR:IN10:492:BCTRL': -0.0006503732366737187, 'YCOR:IN10:522:BCTRL': 0.00044596625469162527, 'YCOR:IN10:642:BCTRL': -0.0016888802857077667}
2026-07-01 22:39:55,890 - INFO - 37
2026-07-01 22:39:55,891 - INFO - Running Xopt step
2026-07-01 22:39:55,894 - INFO - evaluating point: {'XCOR:IN10:221:BCTRL': 0.00034816975522767186, 'XCOR:IN10:311:BCTRL': 0.0010421377843291078, 'XCOR:IN10:381:BCTRL': -2.894519698229557e-05, 'XCOR:IN10:411:BCTRL': 0.0005842442650075197, 'XCOR:IN10:491:BCTRL': 0.0005049113641552859, 'XCOR:IN10:521:BCTRL': -0.0012016154699875186, 'XCOR:IN10:641:BCTRL': -0.0002476990672860604, 'YCOR:IN10:222:BCTRL': 0.00031539941365769995, 'YCOR:IN10:312:BCTRL': 0.000630543127567684, 'YCOR:IN10:382:BCTRL': -0.0008641940338433885, 'YCOR:IN10:412:BCTRL': 0.00031862415466335834, 'YCOR:IN10:492:BCTRL': -0.0006564400648861645, 'YCOR:IN10:522:BCTRL': 0.0004492085847609571, 'YCOR:IN10:642:BCTRL': -0.001680960595219625}
2026-07-01 22:39:56,109 - INFO - 38
2026-07-01 22:39:56,110 - INFO - Running Xopt step
2026-07-01 22:39:56,114 - INFO - evaluating point: {'XCOR:IN10:221:BCTRL': 0.0003474395154716436, 'XCOR:IN10:311:BCTRL': 0.0010400868040724583, 'XCOR:IN10:381:BCTRL': -2.503041002270759e-05, 'XCOR:IN10:411:BCTRL': 0.0005823416756825495, 'XCOR:IN10:491:BCTRL': 0.0005080788551142562, 'XCOR:IN10:521:BCTRL': -0.0011958088145045203, 'XCOR:IN10:641:BCTRL': -0.00025431056855011063, 'YCOR:IN10:222:BCTRL': 0.00031572949484379447, 'YCOR:IN10:312:BCTRL': 0.0006303641112798564, 'YCOR:IN10:382:BCTRL': -0.0008699907279269008, 'YCOR:IN10:412:BCTRL': 0.0003248879603105108, 'YCOR:IN10:492:BCTRL': -0.0006553057185093133, 'YCOR:IN10:522:BCTRL': 0.00044733425385201463, 'YCOR:IN10:642:BCTRL': -0.001672610679929621}
2026-07-01 22:39:56,326 - INFO - 39
2026-07-01 22:39:56,326 - INFO - Running Xopt step
2026-07-01 22:39:56,330 - INFO - evaluating point: {'XCOR:IN10:221:BCTRL': 0.0003473077057984753, 'XCOR:IN10:311:BCTRL': 0.0010376357786379688, 'XCOR:IN10:381:BCTRL': -2.0691482603676123e-05, 'XCOR:IN10:411:BCTRL': 0.0005826868016462606, 'XCOR:IN10:491:BCTRL': 0.0005054833132749732, 'XCOR:IN10:521:BCTRL': -0.001189899884783265, 'XCOR:IN10:641:BCTRL': -0.0002603985687236382, 'YCOR:IN10:222:BCTRL': 0.00031495995909893153, 'YCOR:IN10:312:BCTRL': 0.0006325048465982023, 'YCOR:IN10:382:BCTRL': -0.000874721037461557, 'YCOR:IN10:412:BCTRL': 0.0003292797224262049, 'YCOR:IN10:492:BCTRL': -0.0006458744709300692, 'YCOR:IN10:522:BCTRL': 0.0004402415717166632, 'YCOR:IN10:642:BCTRL': -0.0016678223543524153}
2026-07-01 22:39:56,551 - INFO - 40
2026-07-01 22:39:56,551 - INFO - Running Xopt step
2026-07-01 22:39:56,555 - INFO - evaluating point: {'XCOR:IN10:221:BCTRL': 0.0003475438587106143, 'XCOR:IN10:311:BCTRL': 0.001035212251303845, 'XCOR:IN10:381:BCTRL': -1.6690099972286337e-05, 'XCOR:IN10:411:BCTRL': 0.0005843997932153183, 'XCOR:IN10:491:BCTRL': 0.0004995194202881577, 'XCOR:IN10:521:BCTRL': -0.001184956718050376, 'XCOR:IN10:641:BCTRL': -0.00026481957796330223, 'YCOR:IN10:222:BCTRL': 0.0003135941148753954, 'YCOR:IN10:312:BCTRL': 0.0006357596975292863, 'YCOR:IN10:382:BCTRL': -0.0008774682029824156, 'YCOR:IN10:412:BCTRL': 0.00033094885096392597, 'YCOR:IN10:492:BCTRL': -0.0006331675456294959, 'YCOR:IN10:522:BCTRL': 0.00043169227126828405, 'YCOR:IN10:642:BCTRL': -0.0016674433246045039}
2026-07-01 22:39:56,771 - INFO - 41
2026-07-01 22:39:56,771 - INFO - Running Xopt step
2026-07-01 22:39:56,775 - INFO - evaluating point: {'XCOR:IN10:221:BCTRL': 0.0003482443364437702, 'XCOR:IN10:311:BCTRL': 0.001033125345179663, 'XCOR:IN10:381:BCTRL': -1.3750778122121077e-05, 'XCOR:IN10:411:BCTRL': 0.0005876100564661423, 'XCOR:IN10:491:BCTRL': 0.0004904899830437855, 'XCOR:IN10:521:BCTRL': -0.0011821770089719037, 'XCOR:IN10:641:BCTRL': -0.00026617392022997195, 'YCOR:IN10:222:BCTRL': 0.00031181848004491934, 'YCOR:IN10:312:BCTRL': 0.0006394465892133344, 'YCOR:IN10:382:BCTRL': -0.0008770827279887765, 'YCOR:IN10:412:BCTRL': 0.0003288773862424178, 'YCOR:IN10:492:BCTRL': -0.0006207235826640858, 'YCOR:IN10:522:BCTRL': 0.0004246536860768909, 'YCOR:IN10:642:BCTRL': -0.0016723108209023925}
2026-07-01 22:39:56,989 - INFO - 42
2026-07-01 22:39:56,989 - INFO - Running Xopt step
2026-07-01 22:39:56,993 - INFO - evaluating point: {'XCOR:IN10:221:BCTRL': 0.00034935672993069753, 'XCOR:IN10:311:BCTRL': 0.0010318031673370997, 'XCOR:IN10:381:BCTRL': -1.2663782424163339e-05, 'XCOR:IN10:411:BCTRL': 0.0005918247739455319, 'XCOR:IN10:491:BCTRL': 0.00048037094071531406, 'XCOR:IN10:521:BCTRL': -0.0011825542539100236, 'XCOR:IN10:641:BCTRL': -0.0002637054204100592, 'YCOR:IN10:222:BCTRL': 0.0003101322739287198, 'YCOR:IN10:312:BCTRL': 0.0006422962105428349, 'YCOR:IN10:382:BCTRL': -0.000873388250619776, 'YCOR:IN10:412:BCTRL': 0.0003235726143607226, 'YCOR:IN10:492:BCTRL': -0.0006136494687042839, 'YCOR:IN10:522:BCTRL': 0.000422516546551953, 'YCOR:IN10:642:BCTRL': -0.0016805973664044342}
2026-07-01 22:39:57,206 - INFO - 43
2026-07-01 22:39:57,206 - INFO - Running Xopt step
2026-07-01 22:39:57,210 - INFO - evaluating point: {'XCOR:IN10:221:BCTRL': 0.00035063684422811546, 'XCOR:IN10:311:BCTRL': 0.0010312138918208277, 'XCOR:IN10:381:BCTRL': -1.3173960396049662e-05, 'XCOR:IN10:411:BCTRL': 0.0005961474029505996, 'XCOR:IN10:491:BCTRL': 0.00047136202450913725, 'XCOR:IN10:521:BCTRL': -0.0011853580626016733, 'XCOR:IN10:641:BCTRL': -0.00025871848706601806, 'YCOR:IN10:222:BCTRL': 0.0003089163229975817, 'YCOR:IN10:312:BCTRL': 0.0006436537224530003, 'YCOR:IN10:382:BCTRL': -0.0008679905904319121, 'YCOR:IN10:412:BCTRL': 0.00031728640508347063, 'YCOR:IN10:492:BCTRL': -0.0006134233361772437, 'YCOR:IN10:522:BCTRL': 0.00042538559829316926, 'YCOR:IN10:642:BCTRL': -0.001688659794314976}
2026-07-01 22:39:57,426 - INFO - 44
2026-07-01 22:39:57,426 - INFO - Running Xopt step
2026-07-01 22:39:57,430 - INFO - evaluating point: {'XCOR:IN10:221:BCTRL': 0.000351955217516836, 'XCOR:IN10:311:BCTRL': 0.001031226944624367, 'XCOR:IN10:381:BCTRL': -1.4905837199385401e-05, 'XCOR:IN10:411:BCTRL': 0.0006001406479739507, 'XCOR:IN10:491:BCTRL': 0.00046439470435048156, 'XCOR:IN10:521:BCTRL': -0.001189798569741732, 'XCOR:IN10:641:BCTRL': -0.0002524109013733099, 'YCOR:IN10:222:BCTRL': 0.00030828835666261956, 'YCOR:IN10:312:BCTRL': 0.0006434683874303761, 'YCOR:IN10:382:BCTRL': -0.0008621943862386155, 'YCOR:IN10:412:BCTRL': 0.00031163642635895255, 'YCOR:IN10:492:BCTRL': -0.0006192047120046274, 'YCOR:IN10:522:BCTRL': 0.0004318599006698761, 'YCOR:IN10:642:BCTRL': -0.0016942560082531153}
2026-07-01 22:39:57,643 - INFO - 45
2026-07-01 22:39:57,643 - INFO - Running Xopt step
2026-07-01 22:39:57,648 - INFO - evaluating point: {'XCOR:IN10:221:BCTRL': 0.00035321382819158373, 'XCOR:IN10:311:BCTRL': 0.0010319603164075676, 'XCOR:IN10:381:BCTRL': -1.7876239004444748e-05, 'XCOR:IN10:411:BCTRL': 0.0006033221753107735, 'XCOR:IN10:491:BCTRL': 0.00046071996735818125, 'XCOR:IN10:521:BCTRL': -0.0011954955514540259, 'XCOR:IN10:641:BCTRL': -0.0002457073840710063, 'YCOR:IN10:222:BCTRL': 0.0003084294203824708, 'YCOR:IN10:312:BCTRL': 0.0006416109671910736, 'YCOR:IN10:382:BCTRL': -0.0008571774043880483, 'YCOR:IN10:412:BCTRL': 0.0003081108505965126, 'YCOR:IN10:492:BCTRL': -0.0006301173639187052, 'YCOR:IN10:522:BCTRL': 0.00044032592338026796, 'YCOR:IN10:642:BCTRL': -0.001695505272506021}
2026-07-01 22:39:57,862 - INFO - 46
2026-07-01 22:39:57,862 - INFO - Running Xopt step
2026-07-01 22:39:57,867 - INFO - evaluating point: {'XCOR:IN10:221:BCTRL': 0.0003542342556178724, 'XCOR:IN10:311:BCTRL': 0.0010335201032130863, 'XCOR:IN10:381:BCTRL': -2.1899630404710518e-05, 'XCOR:IN10:411:BCTRL': 0.0006049828151629745, 'XCOR:IN10:491:BCTRL': 0.0004617546367527809, 'XCOR:IN10:521:BCTRL': -0.0012015762776873867, 'XCOR:IN10:641:BCTRL': -0.00024014242969310078, 'YCOR:IN10:222:BCTRL': 0.0003094468725432743, 'YCOR:IN10:312:BCTRL': 0.0006383355351286743, 'YCOR:IN10:382:BCTRL': -0.0008544912595494562, 'YCOR:IN10:412:BCTRL': 0.00030818926813938304, 'YCOR:IN10:492:BCTRL': -0.0006432962174733007, 'YCOR:IN10:522:BCTRL': 0.0004478106285458716, 'YCOR:IN10:642:BCTRL': -0.0016913563702065635}
2026-07-01 22:39:58,087 - INFO - 47
2026-07-01 22:39:58,087 - INFO - Running Xopt step
2026-07-01 22:39:58,091 - INFO - evaluating point: {'XCOR:IN10:221:BCTRL': 0.0003547340481930305, 'XCOR:IN10:311:BCTRL': 0.0010357996020283465, 'XCOR:IN10:381:BCTRL': -2.6203553655648058e-05, 'XCOR:IN10:411:BCTRL': 0.0006043334710873953, 'XCOR:IN10:491:BCTRL': 0.0004681947986746088, 'XCOR:IN10:521:BCTRL': -0.0012062972283350543, 'XCOR:IN10:641:BCTRL': -0.00023787516348288003, 'YCOR:IN10:222:BCTRL': 0.000311153495096627, 'YCOR:IN10:312:BCTRL': 0.0006347102438725424, 'YCOR:IN10:382:BCTRL': -0.0008556136395705205, 'YCOR:IN10:412:BCTRL': 0.0003123968532314596, 'YCOR:IN10:492:BCTRL': -0.0006530895098206292, 'YCOR:IN10:522:BCTRL': 0.00045033188025022844, 'YCOR:IN10:642:BCTRL': -0.0016831785042532884}
2026-07-01 22:39:58,307 - INFO - 48
2026-07-01 22:39:58,307 - INFO - Running Xopt step
2026-07-01 22:39:58,312 - INFO - evaluating point: {'XCOR:IN10:221:BCTRL': 0.0003547869637902254, 'XCOR:IN10:311:BCTRL': 0.0010382609847437432, 'XCOR:IN10:381:BCTRL': -2.9929457885593744e-05, 'XCOR:IN10:411:BCTRL': 0.0006020833509244433, 'XCOR:IN10:491:BCTRL': 0.00047734986877741124, 'XCOR:IN10:521:BCTRL': -0.0012089233105151969, 'XCOR:IN10:641:BCTRL': -0.00023880925891760273, 'YCOR:IN10:222:BCTRL': 0.0003129487059107959, 'YCOR:IN10:312:BCTRL': 0.0006319391427257057, 'YCOR:IN10:382:BCTRL': -0.00085945263383165, 'YCOR:IN10:412:BCTRL': 0.00031846526557249513, 'YCOR:IN10:492:BCTRL': -0.0006565356764003172, 'YCOR:IN10:522:BCTRL': 0.00044764891752346, 'YCOR:IN10:642:BCTRL': -0.0016750522558745327}
2026-07-01 22:39:58,523 - INFO - 49
2026-07-01 22:39:58,523 - INFO - Running Xopt step
2026-07-01 22:39:58,527 - INFO - evaluating point: {'XCOR:IN10:221:BCTRL': 0.00035428698656746226, 'XCOR:IN10:311:BCTRL': 0.0010405403421889941, 'XCOR:IN10:381:BCTRL': -3.2217536963353285e-05, 'XCOR:IN10:411:BCTRL': 0.0005983806360809305, 'XCOR:IN10:491:BCTRL': 0.00048745988224530067, 'XCOR:IN10:521:BCTRL': -0.0012084664648417363, 'XCOR:IN10:641:BCTRL': -0.00024315697365017458, 'YCOR:IN10:222:BCTRL': 0.0003143315456423362, 'YCOR:IN10:312:BCTRL': 0.0006310631464221711, 'YCOR:IN10:382:BCTRL': -0.000865090695697526, 'YCOR:IN10:412:BCTRL': 0.0003242827598479342, 'YCOR:IN10:492:BCTRL': -0.0006515374359656475, 'YCOR:IN10:522:BCTRL': 0.00044036901912412603, 'YCOR:IN10:642:BCTRL': -0.0016705536693185318}
2026-07-01 22:39:58,746 - INFO - 50
2026-07-01 22:39:58,746 - INFO - Running Xopt step
2026-07-01 22:39:58,750 - INFO - evaluating point: {'XCOR:IN10:221:BCTRL': 0.0003535327206897417, 'XCOR:IN10:311:BCTRL': 0.0010425607384836652, 'XCOR:IN10:381:BCTRL': -3.3456011770804396e-05, 'XCOR:IN10:411:BCTRL': 0.0005942079171556062, 'XCOR:IN10:491:BCTRL': 0.0004968573339745042, 'XCOR:IN10:521:BCTRL': -0.0012061726341934772, 'XCOR:IN10:641:BCTRL': -0.00024901561409013004, 'YCOR:IN10:222:BCTRL': 0.0003152211246212323, 'YCOR:IN10:312:BCTRL': 0.0006316528491551959, 'YCOR:IN10:382:BCTRL': -0.0008708198209328382, 'YCOR:IN10:412:BCTRL': 0.0003285096407093137, 'YCOR:IN10:492:BCTRL': -0.0006417807275354854, 'YCOR:IN10:522:BCTRL': 0.0004318289075188447, 'YCOR:IN10:642:BCTRL': -0.0016700053122489162}
2026-07-01 22:39:58,965 - INFO - 51
2026-07-01 22:39:58,965 - INFO - Running Xopt step
2026-07-01 22:39:58,970 - INFO - evaluating point: {'XCOR:IN10:221:BCTRL': 0.00035247607856627935, 'XCOR:IN10:311:BCTRL': 0.0010440339419413127, 'XCOR:IN10:381:BCTRL': -3.3121106152600175e-05, 'XCOR:IN10:411:BCTRL': 0.0005898681889031293, 'XCOR:IN10:491:BCTRL': 0.0005039563717760175, 'XCOR:IN10:521:BCTRL': -0.0012018086235940778, 'XCOR:IN10:641:BCTRL': -0.0002557283610324376, 'YCOR:IN10:222:BCTRL': 0.0003153255202880645, 'YCOR:IN10:312:BCTRL': 0.000633919684221246, 'YCOR:IN10:382:BCTRL': -0.0008754029177778993, 'YCOR:IN10:412:BCTRL': 0.0003297109722073734, 'YCOR:IN10:492:BCTRL': -0.0006288436892537403, 'YCOR:IN10:522:BCTRL': 0.00042442723866388293, 'YCOR:IN10:642:BCTRL': -0.0016743006003496082}
2026-07-01 22:39:59,193 - INFO - 52
2026-07-01 22:39:59,193 - INFO - Running Xopt step
2026-07-01 22:39:59,197 - INFO - evaluating point: {'XCOR:IN10:221:BCTRL': 0.00035120096616271507, 'XCOR:IN10:311:BCTRL': 0.0010446599339765516, 'XCOR:IN10:381:BCTRL': -3.101138592547323e-05, 'XCOR:IN10:411:BCTRL': 0.000586061026752432, 'XCOR:IN10:491:BCTRL': 0.0005069700684006939, 'XCOR:IN10:521:BCTRL': -0.0011959722877323182, 'XCOR:IN10:641:BCTRL': -0.000261749926323863, 'YCOR:IN10:222:BCTRL': 0.00031451888467000496, 'YCOR:IN10:312:BCTRL': 0.0006373948796371163, 'YCOR:IN10:382:BCTRL': -0.0008773749158363179, 'YCOR:IN10:412:BCTRL': 0.0003271688139311857, 'YCOR:IN10:492:BCTRL': -0.000616789273688623, 'YCOR:IN10:522:BCTRL': 0.0004211612161211725, 'YCOR:IN10:642:BCTRL': -0.001682210549683009}
2026-07-01 22:39:59,410 - INFO - 53
2026-07-01 22:39:59,410 - INFO - Running Xopt step
2026-07-01 22:39:59,414 - INFO - evaluating point: {'XCOR:IN10:221:BCTRL': 0.00034989435066470204, 'XCOR:IN10:311:BCTRL': 0.0010443314195725673, 'XCOR:IN10:381:BCTRL': -2.7492289012706264e-05, 'XCOR:IN10:411:BCTRL': 0.0005834995115764073, 'XCOR:IN10:491:BCTRL': 0.0005051685850540468, 'XCOR:IN10:521:BCTRL': -0.0011899569191133785, 'XCOR:IN10:641:BCTRL': -0.00026545904991958963, 'YCOR:IN10:222:BCTRL': 0.00031300686041087634, 'YCOR:IN10:312:BCTRL': 0.0006409980117421036, 'YCOR:IN10:382:BCTRL': -0.0008760885005833615, 'YCOR:IN10:412:BCTRL': 0.0003217744747452814, 'YCOR:IN10:492:BCTRL': -0.0006100193545861113, 'YCOR:IN10:522:BCTRL': 0.0004234306080821791, 'YCOR:IN10:642:BCTRL': -0.001690461856357335}
2026-07-01 22:39:59,627 - INFO - 54
2026-07-01 22:39:59,627 - INFO - Running Xopt step
2026-07-01 22:39:59,631 - INFO - evaluating point: {'XCOR:IN10:221:BCTRL': 0.0003487838924691207, 'XCOR:IN10:311:BCTRL': 0.0010430035744236179, 'XCOR:IN10:381:BCTRL': -2.3187745849622525e-05, 'XCOR:IN10:411:BCTRL': 0.0005828542897264987, 'XCOR:IN10:491:BCTRL': 0.0004986068259663157, 'XCOR:IN10:521:BCTRL': -0.001185297234600784, 'XCOR:IN10:641:BCTRL': -0.00026555416200254944, 'YCOR:IN10:222:BCTRL': 0.0003111942530606343, 'YCOR:IN10:312:BCTRL': 0.0006434682474162037, 'YCOR:IN10:382:BCTRL': -0.0008717724928181389, 'YCOR:IN10:412:BCTRL': 0.0003155329255394481, 'YCOR:IN10:492:BCTRL': -0.000611603608866915, 'YCOR:IN10:522:BCTRL': 0.0004305052326670128, 'YCOR:IN10:642:BCTRL': -0.0016952768214340643}
2026-07-01 22:39:59,846 - INFO - 55
2026-07-01 22:39:59,846 - INFO - Running Xopt step
2026-07-01 22:39:59,850 - INFO - evaluating point: {'XCOR:IN10:221:BCTRL': 0.0003480433320972556, 'XCOR:IN10:311:BCTRL': 0.0010409655543645083, 'XCOR:IN10:381:BCTRL': -1.903098789322279e-05, 'XCOR:IN10:411:BCTRL': 0.0005841453227897306, 'XCOR:IN10:491:BCTRL': 0.0004891621120074332, 'XCOR:IN10:521:BCTRL': -0.001183075086744454, 'XCOR:IN10:641:BCTRL': -0.0002621809105242877, 'YCOR:IN10:222:BCTRL': 0.00030962609460311003, 'YCOR:IN10:312:BCTRL': 0.0006440118718047381, 'YCOR:IN10:382:BCTRL': -0.0008660321358009104, 'YCOR:IN10:412:BCTRL': 0.00031093244038998244, 'YCOR:IN10:492:BCTRL': -0.0006205869430452774, 'YCOR:IN10:522:BCTRL': 0.0004390377443579003, 'YCOR:IN10:642:BCTRL': -0.0016946207376350526}
2026-07-01 22:40:00,141 - INFO - 56
2026-07-01 22:40:00,141 - INFO - Running Xopt step
2026-07-01 22:40:00,144 - INFO - evaluating point: {'XCOR:IN10:221:BCTRL': 0.0003476648684095893, 'XCOR:IN10:311:BCTRL': 0.0010386058668536969, 'XCOR:IN10:381:BCTRL': -1.5569399645903054e-05, 'XCOR:IN10:411:BCTRL': 0.0005867840364696263, 'XCOR:IN10:491:BCTRL': 0.0004790264247661145, 'XCOR:IN10:521:BCTRL': -0.0011832156538529202, 'XCOR:IN10:641:BCTRL': -0.0002566517093220338, 'YCOR:IN10:222:BCTRL': 0.00030859457149656934, 'YCOR:IN10:312:BCTRL': 0.0006427895269755187, 'YCOR:IN10:382:BCTRL': -0.0008605553712279484, 'YCOR:IN10:412:BCTRL': 0.00030912762621930603, 'YCOR:IN10:492:BCTRL': -0.0006332120966544453, 'YCOR:IN10:522:BCTRL': 0.00044584356435912656, 'YCOR:IN10:642:BCTRL': -0.0016894327692641615}
2026-07-01 22:40:00,358 - INFO - 57
2026-07-01 22:40:00,358 - INFO - Running Xopt step
2026-07-01 22:40:00,362 - INFO - evaluating point: {'XCOR:IN10:221:BCTRL': 0.00034794012145423125, 'XCOR:IN10:311:BCTRL': 0.00103619678499465, 'XCOR:IN10:381:BCTRL': -1.398279994477757e-05, 'XCOR:IN10:411:BCTRL': 0.0005908371962822711, 'XCOR:IN10:491:BCTRL': 0.00047074126512948043, 'XCOR:IN10:521:BCTRL': -0.001186738627829356, 'XCOR:IN10:641:BCTRL': -0.000249930993947778, 'YCOR:IN10:222:BCTRL': 0.00030865040943608394, 'YCOR:IN10:312:BCTRL': 0.0006396444982690334, 'YCOR:IN10:382:BCTRL': -0.0008575089418659917, 'YCOR:IN10:412:BCTRL': 0.00031177552876737567, 'YCOR:IN10:492:BCTRL': -0.0006451660543739505, 'YCOR:IN10:522:BCTRL': 0.0004471115152396834, 'YCOR:IN10:642:BCTRL': -0.0016809695250711257}
2026-07-01 22:40:00,580 - INFO - 58
2026-07-01 22:40:00,581 - INFO - Running Xopt step
2026-07-01 22:40:00,584 - INFO - evaluating point: {'XCOR:IN10:221:BCTRL': 0.0003487282046062359, 'XCOR:IN10:311:BCTRL': 0.0010342219662098672, 'XCOR:IN10:381:BCTRL': -1.4426633288798017e-05, 'XCOR:IN10:411:BCTRL': 0.0005951671402820459, 'XCOR:IN10:491:BCTRL': 0.00046645587115732527, 'XCOR:IN10:521:BCTRL': -0.0011922783561144363, 'XCOR:IN10:641:BCTRL': -0.0002443657138600086, 'YCOR:IN10:222:BCTRL': 0.0003096677320968186, 'YCOR:IN10:312:BCTRL': 0.0006359555039886003, 'YCOR:IN10:382:BCTRL': -0.0008578411075065238, 'YCOR:IN10:412:BCTRL': 0.0003173484292922149, 'YCOR:IN10:492:BCTRL': -0.0006512673485235174, 'YCOR:IN10:522:BCTRL': 0.0004426316198997119, 'YCOR:IN10:642:BCTRL': -0.0016736781096084491}
2026-07-01 22:40:00,801 - INFO - 59
2026-07-01 22:40:00,801 - INFO - Running Xopt step
2026-07-01 22:40:00,806 - INFO - evaluating point: {'XCOR:IN10:221:BCTRL': 0.0003497930863852981, 'XCOR:IN10:311:BCTRL': 0.0010327696229994825, 'XCOR:IN10:381:BCTRL': -1.630647594969238e-05, 'XCOR:IN10:411:BCTRL': 0.0005990929006731972, 'XCOR:IN10:491:BCTRL': 0.00046597857570196394, 'XCOR:IN10:521:BCTRL': -0.0011983842201842285, 'XCOR:IN10:641:BCTRL': -0.00024090424687548876, 'YCOR:IN10:222:BCTRL': 0.0003112218545103049, 'YCOR:IN10:312:BCTRL': 0.0006327793001902252, 'YCOR:IN10:382:BCTRL': -0.00086080667739371, 'YCOR:IN10:412:BCTRL': 0.00032362984285682933, 'YCOR:IN10:492:BCTRL': -0.0006507052094673091, 'YCOR:IN10:522:BCTRL': 0.00043492964578525364, 'YCOR:IN10:642:BCTRL': -0.0016699479894432703}
2026-07-01 22:40:01,020 - INFO - 60
2026-07-01 22:40:01,021 - INFO - Running Xopt step
2026-07-01 22:40:01,026 - INFO - evaluating point: {'XCOR:IN10:221:BCTRL': 0.00035104290249516533, 'XCOR:IN10:311:BCTRL': 0.001031985498686159, 'XCOR:IN10:381:BCTRL': -1.9422934327420318e-05, 'XCOR:IN10:411:BCTRL': 0.0006021315007222889, 'XCOR:IN10:491:BCTRL': 0.00046944783738711083, 'XCOR:IN10:521:BCTRL': -0.0012041278435312556, 'XCOR:IN10:641:BCTRL': -0.00024023598089432585, 'YCOR:IN10:222:BCTRL': 0.00031302566792856866, 'YCOR:IN10:312:BCTRL': 0.0006308531446691491, 'YCOR:IN10:382:BCTRL': -0.000865759309900968, 'YCOR:IN10:412:BCTRL': 0.00032891057752334476, 'YCOR:IN10:492:BCTRL': -0.0006435524986629645, 'YCOR:IN10:522:BCTRL': 0.0004264385559179793, 'YCOR:IN10:642:BCTRL': -0.0016710136322409886}
2026-07-01 22:40:01,245 - INFO - 61
2026-07-01 22:40:01,245 - INFO - Running Xopt step
2026-07-01 22:40:01,249 - INFO - evaluating point: {'XCOR:IN10:221:BCTRL': 0.0003523610515055055, 'XCOR:IN10:311:BCTRL': 0.0010320327718238943, 'XCOR:IN10:381:BCTRL': -2.3457392022472683e-05, 'XCOR:IN10:411:BCTRL': 0.000603765071714099, 'XCOR:IN10:491:BCTRL': 0.00047659342167963027, 'XCOR:IN10:521:BCTRL': -0.001208464151278266, 'XCOR:IN10:641:BCTRL': -0.00024271896392425555, 'YCOR:IN10:222:BCTRL': 0.00031471032768776765, 'YCOR:IN10:312:BCTRL': 0.0006307582356434445, 'YCOR:IN10:382:BCTRL': -0.0008715609041651019, 'YCOR:IN10:412:BCTRL': 0.0003315292561466069, 'YCOR:IN10:492:BCTRL': -0.0006315702836923588, 'YCOR:IN10:522:BCTRL': 0.0004201032349438349, 'YCOR:IN10:642:BCTRL': -0.0016767667105353475}
2026-07-01 22:40:01,461 - INFO - 62
2026-07-01 22:40:01,461 - INFO - Running Xopt step
2026-07-01 22:40:01,465 - INFO - evaluating point: {'XCOR:IN10:221:BCTRL': 0.0003535806929001666, 'XCOR:IN10:311:BCTRL': 0.00103296818359867, 'XCOR:IN10:381:BCTRL': -2.780800417703635e-05, 'XCOR:IN10:411:BCTRL': 0.0006036324935899103, 'XCOR:IN10:491:BCTRL': 0.0004861894186647978, 'XCOR:IN10:521:BCTRL': -0.001210436668533116, 'XCOR:IN10:641:BCTRL': -0.00024791494557356905, 'YCOR:IN10:222:BCTRL': 0.0003158608963798251, 'YCOR:IN10:312:BCTRL': 0.0006326075022019697, 'YCOR:IN10:382:BCTRL': -0.0008765853108394591, 'YCOR:IN10:412:BCTRL': 0.00033049593650226065, 'YCOR:IN10:492:BCTRL': -0.0006185696339026986, 'YCOR:IN10:522:BCTRL': 0.00041845397766106934, 'YCOR:IN10:642:BCTRL': -0.0016851639810515154}
2026-07-01 22:40:01,686 - INFO - 63
2026-07-01 22:40:01,686 - INFO - Running Xopt step
2026-07-01 22:40:01,691 - INFO - evaluating point: {'XCOR:IN10:221:BCTRL': 0.0003545654352857116, 'XCOR:IN10:311:BCTRL': 0.001034606091767526, 'XCOR:IN10:381:BCTRL': -3.179430554626082e-05, 'XCOR:IN10:411:BCTRL': 0.0006018846936951369, 'XCOR:IN10:491:BCTRL': 0.0004962780947840034, 'XCOR:IN10:521:BCTRL': -0.0012098322036372474, 'XCOR:IN10:641:BCTRL': -0.00025448388546258694, 'YCOR:IN10:222:BCTRL': 0.0003162478445007115, 'YCOR:IN10:312:BCTRL': 0.0006357969834502119, 'YCOR:IN10:382:BCTRL': -0.0008795155169065213, 'YCOR:IN10:412:BCTRL': 0.00032631558233452395, 'YCOR:IN10:492:BCTRL': -0.0006087252270275963, 'YCOR:IN10:522:BCTRL': 0.0004218903226657647, 'YCOR:IN10:642:BCTRL': -0.0016930014382102604}
2026-07-01 22:40:01,910 - INFO - 64
2026-07-01 22:40:01,910 - INFO - Running Xopt step
2026-07-01 22:40:01,914 - INFO - evaluating point: {'XCOR:IN10:221:BCTRL': 0.00035517104375382786, 'XCOR:IN10:311:BCTRL': 0.0010367941862819351, 'XCOR:IN10:381:BCTRL': -3.475021367143668e-05, 'XCOR:IN10:411:BCTRL': 0.0005986896960059406, 'XCOR:IN10:491:BCTRL': 0.0005048948594697907, 'XCOR:IN10:521:BCTRL': -0.0012066113446230788, 'XCOR:IN10:641:BCTRL': -0.0002609352531946355, 'YCOR:IN10:222:BCTRL': 0.0003157369643446775, 'YCOR:IN10:312:BCTRL': 0.0006394915373961217, 'YCOR:IN10:382:BCTRL': -0.0008794202790988144, 'YCOR:IN10:412:BCTRL': 0.0003202283858958687, 'YCOR:IN10:492:BCTRL': -0.0006054278583172586, 'YCOR:IN10:522:BCTRL': 0.0004293077083360388, 'YCOR:IN10:642:BCTRL': -0.001697269528125535}
2026-07-01 22:40:02,125 - INFO - 65
2026-07-01 22:40:02,126 - INFO - Running Xopt step
2026-07-01 22:40:02,130 - INFO - evaluating point: {'XCOR:IN10:221:BCTRL': 0.0003552428162454516, 'XCOR:IN10:311:BCTRL': 0.0010392539009718912, 'XCOR:IN10:381:BCTRL': -3.594834288155089e-05, 'XCOR:IN10:411:BCTRL': 0.0005945052140219525, 'XCOR:IN10:491:BCTRL': 0.0005097844784061661, 'XCOR:IN10:521:BCTRL': -0.0012012565945864753, 'XCOR:IN10:641:BCTRL': -0.00026540750904181326, 'YCOR:IN10:222:BCTRL': 0.00031438330124208694, 'YCOR:IN10:312:BCTRL': 0.0006425015799842316, 'YCOR:IN10:382:BCTRL': -0.0008760542278866985, 'YCOR:IN10:412:BCTRL': 0.00031442376875616564, 'YCOR:IN10:492:BCTRL': -0.0006104914635543232, 'YCOR:IN10:522:BCTRL': 0.00043774214231209795, 'YCOR:IN10:642:BCTRL': -0.0016958222806657147}
2026-07-01 22:40:02,352 - INFO - 66
2026-07-01 22:40:02,352 - INFO - Running Xopt step
2026-07-01 22:40:02,358 - INFO - evaluating point: {'XCOR:IN10:221:BCTRL': 0.00035476309963867423, 'XCOR:IN10:311:BCTRL': 0.0010415484089924744, 'XCOR:IN10:381:BCTRL': -3.511394164544471e-05, 'XCOR:IN10:411:BCTRL': 0.0005902333083985059, 'XCOR:IN10:491:BCTRL': 0.0005096488837573619, 'XCOR:IN10:521:BCTRL': -0.001195144499603486, 'XCOR:IN10:641:BCTRL': -0.00026651951835281125, 'YCOR:IN10:222:BCTRL': 0.0003125954752075466, 'YCOR:IN10:312:BCTRL': 0.0006437535440347939, 'YCOR:IN10:382:BCTRL': -0.0008705939931935062, 'YCOR:IN10:412:BCTRL': 0.0003112715744278877, 'YCOR:IN10:492:BCTRL': -0.0006218951129471783, 'YCOR:IN10:522:BCTRL': 0.00044328588775404147, 'YCOR:IN10:642:BCTRL': -0.0016893029948013437}
2026-07-01 22:40:02,571 - INFO - 67
2026-07-01 22:40:02,571 - INFO - Running Xopt step
2026-07-01 22:40:02,576 - INFO - evaluating point: {'XCOR:IN10:221:BCTRL': 0.0003539207867368323, 'XCOR:IN10:311:BCTRL': 0.0010434434644319818, 'XCOR:IN10:381:BCTRL': -3.280771211508443e-05, 'XCOR:IN10:411:BCTRL': 0.0005865418712215049, 'XCOR:IN10:491:BCTRL': 0.0005054798894375619, 'XCOR:IN10:521:BCTRL': -0.001189572577162342, 'XCOR:IN10:641:BCTRL': -0.00026460233813789774, 'YCOR:IN10:222:BCTRL': 0.00031085793685719484, 'YCOR:IN10:312:BCTRL': 0.0006431849224116477, 'YCOR:IN10:382:BCTRL': -0.0008648596132747697, 'YCOR:IN10:412:BCTRL': 0.00031139643870195863, 'YCOR:IN10:492:BCTRL': -0.0006350723921952399, 'YCOR:IN10:522:BCTRL': 0.0004442659688402713, 'YCOR:IN10:642:BCTRL': -0.0016808016041638732}
2026-07-01 22:40:02,795 - INFO - 68
2026-07-01 22:40:02,795 - INFO - Running Xopt step
2026-07-01 22:40:02,799 - INFO - evaluating point: {'XCOR:IN10:221:BCTRL': 0.00035284210092936585, 'XCOR:IN10:311:BCTRL': 0.0010448597969845304, 'XCOR:IN10:381:BCTRL': -2.9485128708716692e-05, 'XCOR:IN10:411:BCTRL': 0.0005837301381996516, 'XCOR:IN10:491:BCTRL': 0.0004983589852965831, 'XCOR:IN10:521:BCTRL': -0.0011852215361365576, 'XCOR:IN10:641:BCTRL': -0.0002603276950326035, 'YCOR:IN10:222:BCTRL': 0.0003094586364766762, 'YCOR:IN10:312:BCTRL': 0.0006411009658867094, 'YCOR:IN10:382:BCTRL': -0.0008600671655203417, 'YCOR:IN10:412:BCTRL': 0.00031446262772935076, 'YCOR:IN10:492:BCTRL': -0.0006465786297061603, 'YCOR:IN10:522:BCTRL': 0.0004407789396538648, 'YCOR:IN10:642:BCTRL': -0.0016729865655101231}
2026-07-01 22:40:03,015 - INFO - 69
2026-07-01 22:40:03,015 - INFO - Running Xopt step
2026-07-01 22:40:03,019 - INFO - evaluating point: {'XCOR:IN10:221:BCTRL': 0.00035155359098001086, 'XCOR:IN10:311:BCTRL': 0.0010453812927688994, 'XCOR:IN10:381:BCTRL': -2.5276775341789094e-05, 'XCOR:IN10:411:BCTRL': 0.0005826187584186947, 'XCOR:IN10:491:BCTRL': 0.0004886826884664328, 'XCOR:IN10:521:BCTRL': -0.001183397183374491, 'XCOR:IN10:641:BCTRL': -0.00025400673748517653, 'YCOR:IN10:222:BCTRL': 0.00030884052043773485, 'YCOR:IN10:312:BCTRL': 0.0006376873742118261, 'YCOR:IN10:382:BCTRL': -0.0008578455354599013, 'YCOR:IN10:412:BCTRL': 0.0003201570305478839, 'YCOR:IN10:492:BCTRL': -0.0006521651847541381, 'YCOR:IN10:522:BCTRL': 0.0004331985801673497, 'YCOR:IN10:642:BCTRL': -0.0016690151234846546}
2026-07-01 22:40:03,234 - INFO - 70
2026-07-01 22:40:03,234 - INFO - Running Xopt step
2026-07-01 22:40:03,239 - INFO - evaluating point: {'XCOR:IN10:221:BCTRL': 0.0003502775319052362, 'XCOR:IN10:311:BCTRL': 0.0010447620719191088, 'XCOR:IN10:381:BCTRL': -2.106390383756978e-05, 'XCOR:IN10:411:BCTRL': 0.0005837128867326449, 'XCOR:IN10:491:BCTRL': 0.000478869856733331, 'XCOR:IN10:521:BCTRL': -0.001184933728334072, 'XCOR:IN10:641:BCTRL': -0.0002474987319506333, 'YCOR:IN10:222:BCTRL': 0.0003092962041675983, 'YCOR:IN10:312:BCTRL': 0.0006341109684471083, 'YCOR:IN10:382:BCTRL': -0.0008593043732118349, 'YCOR:IN10:412:BCTRL': 0.0003262422893873118, 'YCOR:IN10:492:BCTRL': -0.0006488521366023013, 'YCOR:IN10:522:BCTRL': 0.0004249156640324765, 'YCOR:IN10:642:BCTRL': -0.001671166286428068}
2026-07-01 22:40:03,451 - INFO - 71
2026-07-01 22:40:03,451 - INFO - Running Xopt step
2026-07-01 22:40:03,454 - INFO - evaluating point: {'XCOR:IN10:221:BCTRL': 0.0003491375676837233, 'XCOR:IN10:311:BCTRL': 0.0010435245921069879, 'XCOR:IN10:381:BCTRL': -1.7402234651498353e-05, 'XCOR:IN10:411:BCTRL': 0.0005860660934490694, 'XCOR:IN10:491:BCTRL': 0.0004705954146110773, 'XCOR:IN10:521:BCTRL': -0.0011884658468744966, 'XCOR:IN10:641:BCTRL': -0.00024219084811556154, 'YCOR:IN10:222:BCTRL': 0.00031040902612983635, 'YCOR:IN10:312:BCTRL': 0.0006312987805574596, 'YCOR:IN10:382:BCTRL': -0.0008630689431427973, 'YCOR:IN10:412:BCTRL': 0.00033083944092425726, 'YCOR:IN10:492:BCTRL': -0.0006398613058997902, 'YCOR:IN10:522:BCTRL': 0.00041892648722199405, 'YCOR:IN10:642:BCTRL': -0.001677278893305599}
2026-07-01 22:40:03,671 - INFO - 72
2026-07-01 22:40:03,671 - INFO - Running Xopt step
2026-07-01 22:40:03,675 - INFO - evaluating point: {'XCOR:IN10:221:BCTRL': 0.00034828122346312765, 'XCOR:IN10:311:BCTRL': 0.0010416516197456816, 'XCOR:IN10:381:BCTRL': -1.488307645287398e-05, 'XCOR:IN10:411:BCTRL': 0.0005896156349756267, 'XCOR:IN10:491:BCTRL': 0.000465492403956826, 'XCOR:IN10:521:BCTRL': -0.0011937477224715075, 'XCOR:IN10:641:BCTRL': -0.0002393408955635416, 'YCOR:IN10:222:BCTRL': 0.0003120509244458415, 'YCOR:IN10:312:BCTRL': 0.0006300389219086556, 'YCOR:IN10:382:BCTRL': -0.0008685246966157897, 'YCOR:IN10:412:BCTRL': 0.00033244465813200245, 'YCOR:IN10:492:BCTRL': -0.0006271182452596267, 'YCOR:IN10:522:BCTRL': 0.0004174920327867414, 'YCOR:IN10:642:BCTRL': -0.0016857155124258177}
2026-07-01 22:40:03,897 - INFO - 73
2026-07-01 22:40:03,897 - INFO - Running Xopt step
2026-07-01 22:40:03,901 - INFO - evaluating point: {'XCOR:IN10:221:BCTRL': 0.0003478044763160311, 'XCOR:IN10:311:BCTRL': 0.0010393549520345536, 'XCOR:IN10:381:BCTRL': -1.3868084182289947e-05, 'XCOR:IN10:411:BCTRL': 0.0005938482693525963, 'XCOR:IN10:491:BCTRL': 0.0004644730168991236, 'XCOR:IN10:521:BCTRL': -0.0011998293869254332, 'XCOR:IN10:641:BCTRL': -0.00023956894044589638, 'YCOR:IN10:222:BCTRL': 0.00031386267027424603, 'YCOR:IN10:312:BCTRL': 0.0006306588208805126, 'YCOR:IN10:382:BCTRL': -0.0008742459529223955, 'YCOR:IN10:412:BCTRL': 0.0003305674635872747, 'YCOR:IN10:492:BCTRL': -0.0006145395598917056, 'YCOR:IN10:522:BCTRL': 0.00042112037028471346, 'YCOR:IN10:642:BCTRL': -0.0016934659555555534}
2026-07-01 22:40:04,116 - INFO - 74
2026-07-01 22:40:04,117 - INFO - Running Xopt step
2026-07-01 22:40:04,121 - INFO - evaluating point: {'XCOR:IN10:221:BCTRL': 0.00034766870216404667, 'XCOR:IN10:311:BCTRL': 0.0010369046822220544, 'XCOR:IN10:381:BCTRL': -1.4200093476433758e-05, 'XCOR:IN10:411:BCTRL': 0.0005981882201480608, 'XCOR:IN10:491:BCTRL': 0.0004670389233426975, 'XCOR:IN10:521:BCTRL': -0.0012057430198357875, 'XCOR:IN10:641:BCTRL': -0.00024240484922478917, 'YCOR:IN10:222:BCTRL': 0.0003155063351217182, 'YCOR:IN10:312:BCTRL': 0.0006327904429197181, 'YCOR:IN10:382:BCTRL': -0.0008789864038525281, 'YCOR:IN10:412:BCTRL': 0.00032608181586534185, 'YCOR:IN10:492:BCTRL': -0.0006053045330643527, 'YCOR:IN10:522:BCTRL': 0.0004281985465491747, 'YCOR:IN10:642:BCTRL': -0.0016982756980097474}
2026-07-01 22:40:04,343 - INFO - 75
2026-07-01 22:40:04,344 - INFO - Running Xopt step
2026-07-01 22:40:04,349 - INFO - evaluating point: {'XCOR:IN10:221:BCTRL': 0.00034811232760769095, 'XCOR:IN10:311:BCTRL': 0.0010345849606636464, 'XCOR:IN10:381:BCTRL': -1.6540061460855157e-05, 'XCOR:IN10:411:BCTRL': 0.0006018583635935318, 'XCOR:IN10:491:BCTRL': 0.0004742549027976427, 'XCOR:IN10:521:BCTRL': -0.001210036742847178, 'XCOR:IN10:641:BCTRL': -0.00024812158561805553, 'YCOR:IN10:222:BCTRL': 0.0003164606643940477, 'YCOR:IN10:312:BCTRL': 0.000636286104293331, 'YCOR:IN10:382:BCTRL': -0.0008808670538737017, 'YCOR:IN10:412:BCTRL': 0.0003198297116147338, 'YCOR:IN10:492:BCTRL': -0.0006039151649500713, 'YCOR:IN10:522:BCTRL': 0.000436695939422576, 'YCOR:IN10:642:BCTRL': -0.0016972615402007615}
2026-07-01 22:40:04,562 - INFO - 76
2026-07-01 22:40:04,563 - INFO - Running Xopt step
2026-07-01 22:40:04,567 - INFO - evaluating point: {'XCOR:IN10:221:BCTRL': 0.0003489099178301043, 'XCOR:IN10:311:BCTRL': 0.001032623512308815, 'XCOR:IN10:381:BCTRL': -2.0000410529244972e-05, 'XCOR:IN10:411:BCTRL': 0.0006044987020951911, 'XCOR:IN10:491:BCTRL': 0.0004836605904703266, 'XCOR:IN10:521:BCTRL': -0.0012123182696619085, 'XCOR:IN10:641:BCTRL': -0.0002548024357797996, 'YCOR:IN10:222:BCTRL': 0.00031666548348023707, 'YCOR:IN10:312:BCTRL': 0.0006399362557034532, 'YCOR:IN10:382:BCTRL': -0.0008799650762543638, 'YCOR:IN10:412:BCTRL': 0.00031410274755535445, 'YCOR:IN10:492:BCTRL': -0.0006093534808844669, 'YCOR:IN10:522:BCTRL': 0.0004432708443435348, 'YCOR:IN10:642:BCTRL': -0.00169178387400184}
2026-07-01 22:40:04,787 - INFO - 77
2026-07-01 22:40:04,787 - INFO - Running Xopt step
2026-07-01 22:40:04,791 - INFO - evaluating point: {'XCOR:IN10:221:BCTRL': 0.0003500569530649501, 'XCOR:IN10:311:BCTRL': 0.0010314090579615592, 'XCOR:IN10:381:BCTRL': -2.426508040853981e-05, 'XCOR:IN10:411:BCTRL': 0.0006053693305458438, 'XCOR:IN10:491:BCTRL': 0.0004937345534200561, 'XCOR:IN10:521:BCTRL': -0.0012116303621900466, 'XCOR:IN10:641:BCTRL': -0.00026092279375385124, 'YCOR:IN10:222:BCTRL': 0.00031591483597314426, 'YCOR:IN10:312:BCTRL': 0.0006426622028846186, 'YCOR:IN10:382:BCTRL': -0.0008760471457953924, 'YCOR:IN10:412:BCTRL': 0.0003110031541907143, 'YCOR:IN10:492:BCTRL': -0.0006208203190318378, 'YCOR:IN10:522:BCTRL': 0.0004449825847643305, 'YCOR:IN10:642:BCTRL': -0.0016833991172111947}
2026-07-01 22:40:05,012 - INFO - 78
2026-07-01 22:40:05,012 - INFO - Running Xopt step
2026-07-01 22:40:05,016 - INFO - evaluating point: {'XCOR:IN10:221:BCTRL': 0.0003513722699018141, 'XCOR:IN10:311:BCTRL': 0.001031240911258087, 'XCOR:IN10:381:BCTRL': -2.84350569475399e-05, 'XCOR:IN10:411:BCTRL': 0.0006041216532066894, 'XCOR:IN10:491:BCTRL': 0.0005018069776502108, 'XCOR:IN10:521:BCTRL': -0.0012079322117090792, 'XCOR:IN10:641:BCTRL': -0.0002645057741924657, 'YCOR:IN10:222:BCTRL': 0.00031438086153989526, 'YCOR:IN10:312:BCTRL': 0.0006434069822747649, 'YCOR:IN10:382:BCTRL': -0.0008703627485952672, 'YCOR:IN10:412:BCTRL': 0.00031198051729140416, 'YCOR:IN10:492:BCTRL': -0.000633839970825382, 'YCOR:IN10:522:BCTRL': 0.00044076667690503207, 'YCOR:IN10:642:BCTRL': -0.0016759519484452565}
2026-07-01 22:40:05,228 - INFO - 79
2026-07-01 22:40:05,228 - INFO - Running Xopt step
2026-07-01 22:40:05,232 - INFO - evaluating point: {'XCOR:IN10:221:BCTRL': 0.0003526407397378027, 'XCOR:IN10:311:BCTRL': 0.0010319123666491822, 'XCOR:IN10:381:BCTRL': -3.181957568069949e-05, 'XCOR:IN10:411:BCTRL': 0.000601384787111437, 'XCOR:IN10:491:BCTRL': 0.000506550500516985, 'XCOR:IN10:521:BCTRL': -0.0012025299024575823, 'XCOR:IN10:641:BCTRL': -0.0002650630138277379, 'YCOR:IN10:222:BCTRL': 0.00031257430881130897, 'YCOR:IN10:312:BCTRL': 0.0006422413128063096, 'YCOR:IN10:382:BCTRL': -0.0008648555881938393, 'YCOR:IN10:412:BCTRL': 0.00031614912056427937, 'YCOR:IN10:492:BCTRL': -0.0006437062512224514, 'YCOR:IN10:522:BCTRL': 0.0004330314225643993, 'YCOR:IN10:642:BCTRL': -0.0016722913416660219}
2026-07-01 22:40:05,453 - INFO - 80
2026-07-01 22:40:05,453 - INFO - Running Xopt step
2026-07-01 22:40:05,457 - INFO - evaluating point: {'XCOR:IN10:221:BCTRL': 0.00035375108959564635, 'XCOR:IN10:311:BCTRL': 0.0010332405280485716, 'XCOR:IN10:381:BCTRL': -3.410410359826954e-05, 'XCOR:IN10:411:BCTRL': 0.0005976798801932684, 'XCOR:IN10:491:BCTRL': 0.0005076005024274955, 'XCOR:IN10:521:BCTRL': -0.0011964501317038706, 'XCOR:IN10:641:BCTRL': -0.00026278872168167283, 'YCOR:IN10:222:BCTRL': 0.0003108683658984037, 'YCOR:IN10:312:BCTRL': 0.0006396065411948988, 'YCOR:IN10:382:BCTRL': -0.0008607866956863063, 'YCOR:IN10:412:BCTRL': 0.0003221007696622267, 'YCOR:IN10:492:BCTRL': -0.0006479540579469157, 'YCOR:IN10:522:BCTRL': 0.0004245359295638413, 'YCOR:IN10:642:BCTRL': -0.0016733212933075703}
2026-07-01 22:40:05,672 - INFO - 81
2026-07-01 22:40:05,673 - INFO - Running Xopt step
2026-07-01 22:40:05,678 - INFO - evaluating point: {'XCOR:IN10:221:BCTRL': 0.000354576166799695, 'XCOR:IN10:311:BCTRL': 0.0010351618729476622, 'XCOR:IN10:381:BCTRL': -3.489407721314928e-05, 'XCOR:IN10:411:BCTRL': 0.0005933995361923445, 'XCOR:IN10:491:BCTRL': 0.0005044963720783432, 'XCOR:IN10:521:BCTRL': -0.001190631051104384, 'XCOR:IN10:641:BCTRL': -0.0002579426098588175, 'YCOR:IN10:222:BCTRL': 0.0003096117094724696, 'YCOR:IN10:312:BCTRL': 0.0006360475991444724, 'YCOR:IN10:382:BCTRL': -0.0008592260550310177, 'YCOR:IN10:412:BCTRL': 0.0003282344218476628, 'YCOR:IN10:492:BCTRL': -0.0006450596302149049, 'YCOR:IN10:522:BCTRL': 0.0004180745918096983, 'YCOR:IN10:642:BCTRL': -0.0016789324710924337}
2026-07-01 22:40:05,898 - INFO - 82
2026-07-01 22:40:05,898 - INFO - Running Xopt step
2026-07-01 22:40:05,902 - INFO - evaluating point: {'XCOR:IN10:221:BCTRL': 0.00035492183703282376, 'XCOR:IN10:311:BCTRL': 0.0010375390622884212, 'XCOR:IN10:381:BCTRL': -3.3719394896941644e-05, 'XCOR:IN10:411:BCTRL': 0.0005892084116971238, 'XCOR:IN10:491:BCTRL': 0.0004971405316465964, 'XCOR:IN10:521:BCTRL': -0.001186424484310152, 'XCOR:IN10:641:BCTRL': -0.000251381372162102, 'YCOR:IN10:222:BCTRL': 0.00030921537669143743, 'YCOR:IN10:312:BCTRL': 0.0006325379774431268, 'YCOR:IN10:382:BCTRL': -0.0008610414331359991, 'YCOR:IN10:412:BCTRL': 0.00033235205840758785, 'YCOR:IN10:492:BCTRL': -0.0006350997397465522, 'YCOR:IN10:522:BCTRL': 0.00041658014424901, 'YCOR:IN10:642:BCTRL': -0.0016873586700097871}
2026-07-01 22:40:06,116 - INFO - 83
2026-07-01 22:40:06,116 - INFO - Running Xopt step
2026-07-01 22:40:06,119 - INFO - evaluating point: {'XCOR:IN10:221:BCTRL': 0.0003547815427988993, 'XCOR:IN10:311:BCTRL': 0.0010399884429665963, 'XCOR:IN10:381:BCTRL': -3.094860283523639e-05, 'XCOR:IN10:411:BCTRL': 0.0005858516104773251, 'XCOR:IN10:491:BCTRL': 0.0004874469363235013, 'XCOR:IN10:521:BCTRL': -0.0011846338251539485, 'XCOR:IN10:641:BCTRL': -0.0002449308466251154, 'YCOR:IN10:222:BCTRL': 0.00030972702924354366, 'YCOR:IN10:312:BCTRL': 0.0006301541050668049, 'YCOR:IN10:382:BCTRL': -0.0008654756255301718, 'YCOR:IN10:412:BCTRL': 0.0003330908740877968, 'YCOR:IN10:492:BCTRL': -0.0006220111787217593, 'YCOR:IN10:522:BCTRL': 0.00042042261438002547, 'YCOR:IN10:642:BCTRL': -0.0016950052133464007}
2026-07-01 22:40:06,334 - INFO - 84
2026-07-01 22:40:06,334 - INFO - Running Xopt step
2026-07-01 22:40:06,338 - INFO - evaluating point: {'XCOR:IN10:221:BCTRL': 0.0003541006232193124, 'XCOR:IN10:311:BCTRL': 0.001042097826718343, 'XCOR:IN10:381:BCTRL': -2.6939132615680557e-05, 'XCOR:IN10:411:BCTRL': 0.0005841576353780556, 'XCOR:IN10:491:BCTRL': 0.00047757225921773175, 'XCOR:IN10:521:BCTRL': -0.001186018874587339, 'XCOR:IN10:641:BCTRL': -0.00024052809913022922, 'YCOR:IN10:222:BCTRL': 0.00031109715437313014, 'YCOR:IN10:312:BCTRL': 0.0006298382447120649, 'YCOR:IN10:382:BCTRL': -0.0008712578920274014, 'YCOR:IN10:412:BCTRL': 0.0003298437110272996, 'YCOR:IN10:492:BCTRL': -0.0006107252377806531, 'YCOR:IN10:522:BCTRL': 0.00042830562375749913, 'YCOR:IN10:642:BCTRL': -0.001698335733555185}
2026-07-01 22:40:06,550 - INFO - 85
2026-07-01 22:40:06,550 - INFO - Running Xopt step
2026-07-01 22:40:06,555 - INFO - evaluating point: {'XCOR:IN10:221:BCTRL': 0.0003530439756190846, 'XCOR:IN10:311:BCTRL': 0.001043571016462059, 'XCOR:IN10:381:BCTRL': -2.2588749668691207e-05, 'XCOR:IN10:411:BCTRL': 0.0005842975328154687, 'XCOR:IN10:491:BCTRL': 0.00046985302691885484, 'XCOR:IN10:521:BCTRL': -0.001189981678387826, 'XCOR:IN10:641:BCTRL': -0.00023924335623517996, 'YCOR:IN10:222:BCTRL': 0.0003128765446984943, 'YCOR:IN10:312:BCTRL': 0.0006315476402428723, 'YCOR:IN10:382:BCTRL': -0.0008764030391946723, 'YCOR:IN10:412:BCTRL': 0.0003240944482845136, 'YCOR:IN10:492:BCTRL': -0.0006053913192850898, 'YCOR:IN10:522:BCTRL': 0.000436583247454878, 'YCOR:IN10:642:BCTRL': -0.0016961642944860306}
2026-07-01 22:40:06,773 - INFO - 86
2026-07-01 22:40:06,773 - INFO - Running Xopt step
2026-07-01 22:40:06,777 - INFO - evaluating point: {'XCOR:IN10:221:BCTRL': 0.0003518279674577029, 'XCOR:IN10:311:BCTRL': 0.00104452279870231, 'XCOR:IN10:381:BCTRL': -1.8458972016741417e-05, 'XCOR:IN10:411:BCTRL': 0.0005856724290384276, 'XCOR:IN10:491:BCTRL': 0.00046471605141227667, 'XCOR:IN10:521:BCTRL': -0.001195251572088265, 'XCOR:IN10:641:BCTRL': -0.00024049170105054556, 'YCOR:IN10:222:BCTRL': 0.00031465781715111715, 'YCOR:IN10:312:BCTRL': 0.0006344531096093233, 'YCOR:IN10:382:BCTRL': -0.0008799886069187995, 'YCOR:IN10:412:BCTRL': 0.0003178158450249431, 'YCOR:IN10:492:BCTRL': -0.0006060776995617102, 'YCOR:IN10:522:BCTRL': 0.0004427258393316928, 'YCOR:IN10:642:BCTRL': -0.0016902058746668717}
2026-07-01 22:40:06,990 - INFO - 87
2026-07-01 22:40:06,991 - INFO - Running Xopt step
2026-07-01 22:40:06,995 - INFO - evaluating point: {'XCOR:IN10:221:BCTRL': 0.0003505100642639446, 'XCOR:IN10:311:BCTRL': 0.0010445898581439162, 'XCOR:IN10:381:BCTRL': -1.5232193910290649e-05, 'XCOR:IN10:411:BCTRL': 0.0005885936113556034, 'XCOR:IN10:491:BCTRL': 0.00046398564827943684, 'XCOR:IN10:521:BCTRL': -0.0012013483300568899, 'XCOR:IN10:641:BCTRL': -0.00024477613538332623, 'YCOR:IN10:222:BCTRL': 0.00031605493925797215, 'YCOR:IN10:312:BCTRL': 0.0006381229053009587, 'YCOR:IN10:382:BCTRL': -0.0008806659876482568, 'YCOR:IN10:412:BCTRL': 0.00031279547496526817, 'YCOR:IN10:492:BCTRL': -0.0006140116596453302, 'YCOR:IN10:522:BCTRL': 0.00044410499642115264, 'YCOR:IN10:642:BCTRL': -0.0016817600397508287}
2026-07-01 22:40:07,207 - INFO - 88
2026-07-01 22:40:07,207 - INFO - Running Xopt step
2026-07-01 22:40:07,211 - INFO - evaluating point: {'XCOR:IN10:221:BCTRL': 0.0003492629277757703, 'XCOR:IN10:311:BCTRL': 0.0010437909777482642, 'XCOR:IN10:381:BCTRL': -1.3407103630270308e-05, 'XCOR:IN10:411:BCTRL': 0.0005925451235406062, 'XCOR:IN10:491:BCTRL': 0.00046770052511702233, 'XCOR:IN10:521:BCTRL': -0.0012070358405578652, 'XCOR:IN10:641:BCTRL': -0.00025100073997097423, 'YCOR:IN10:222:BCTRL': 0.00031674045402500144, 'YCOR:IN10:312:BCTRL': 0.0006414967619862671, 'YCOR:IN10:382:BCTRL': -0.0008782993563142172, 'YCOR:IN10:412:BCTRL': 0.00031068148403609727, 'YCOR:IN10:492:BCTRL': -0.0006264241540075825, 'YCOR:IN10:522:BCTRL': 0.0004402681739538605, 'YCOR:IN10:642:BCTRL': -0.0016741106610139024}
2026-07-01 22:40:07,423 - INFO - 89
2026-07-01 22:40:07,423 - INFO - Running Xopt step
2026-07-01 22:40:07,427 - INFO - evaluating point: {'XCOR:IN10:221:BCTRL': 0.00034824054896989524, 'XCOR:IN10:311:BCTRL': 0.0010422356584532453, 'XCOR:IN10:381:BCTRL': -1.3255889794464197e-05, 'XCOR:IN10:411:BCTRL': 0.0005968951278456973, 'XCOR:IN10:491:BCTRL': 0.0004750990964315291, 'XCOR:IN10:521:BCTRL': -0.0012112150772763813, 'XCOR:IN10:641:BCTRL': -0.0002576911268437291, 'YCOR:IN10:222:BCTRL': 0.0003165596721000128, 'YCOR:IN10:312:BCTRL': 0.0006436382592634085, 'YCOR:IN10:382:BCTRL': -0.0008735698976463476, 'YCOR:IN10:412:BCTRL': 0.0003121425351164569, 'YCOR:IN10:492:BCTRL': -0.0006392432111926579, 'YCOR:IN10:522:BCTRL': 0.0004326916024790989, 'YCOR:IN10:642:BCTRL': -0.0016701319971182853}
2026-07-01 22:40:07,647 - INFO - 90
2026-07-01 22:40:07,647 - INFO - Running Xopt step
2026-07-01 22:40:07,651 - INFO - evaluating point: {'XCOR:IN10:221:BCTRL': 0.0003474599962378766, 'XCOR:IN10:311:BCTRL': 0.001040250425849681, 'XCOR:IN10:381:BCTRL': -1.439167791120891e-05, 'XCOR:IN10:411:BCTRL': 0.0006010969594025678, 'XCOR:IN10:491:BCTRL': 0.0004844004364674047, 'XCOR:IN10:521:BCTRL': -0.0012136471458078703, 'XCOR:IN10:641:BCTRL': -0.0002636289110232072, 'YCOR:IN10:222:BCTRL': 0.0003157090898891352, 'YCOR:IN10:312:BCTRL': 0.0006443172254646463, 'YCOR:IN10:382:BCTRL': -0.0008678652050918827, 'YCOR:IN10:412:BCTRL': 0.0003162540250686623, 'YCOR:IN10:492:BCTRL': -0.0006492142543319913, 'YCOR:IN10:522:BCTRL': 0.00042414061289130546, 'YCOR:IN10:642:BCTRL': -0.001670470787283292}
2026-07-01 22:40:07,864 - INFO - 91
2026-07-01 22:40:07,864 - INFO - Running Xopt step
2026-07-01 22:40:07,868 - INFO - evaluating point: {'XCOR:IN10:221:BCTRL': 0.00034698524092587404, 'XCOR:IN10:311:BCTRL': 0.001037952318118641, 'XCOR:IN10:381:BCTRL': -1.6755504809434683e-05, 'XCOR:IN10:411:BCTRL': 0.0006047517816244652, 'XCOR:IN10:491:BCTRL': 0.0004945239071944794, 'XCOR:IN10:521:BCTRL': -0.001213978397382629, 'XCOR:IN10:641:BCTRL': -0.00026787010322649134, 'YCOR:IN10:222:BCTRL': 0.00031430241043791204, 'YCOR:IN10:312:BCTRL': 0.0006433675085631389, 'YCOR:IN10:382:BCTRL': -0.0008622566648607518, 'YCOR:IN10:412:BCTRL': 0.0003221193747958507, 'YCOR:IN10:492:BCTRL': -0.0006539603529320656, 'YCOR:IN10:522:BCTRL': 0.0004169548760556275, 'YCOR:IN10:642:BCTRL': -0.001675118301439789}
2026-07-01 22:40:08,089 - INFO - 92
2026-07-01 22:40:08,089 - INFO - Running Xopt step
2026-07-01 22:40:08,094 - INFO - evaluating point: {'XCOR:IN10:221:BCTRL': 0.0003470693316208638, 'XCOR:IN10:311:BCTRL': 0.0010354939663350508, 'XCOR:IN10:381:BCTRL': -2.053363983265973e-05, 'XCOR:IN10:411:BCTRL': 0.0006069130541257317, 'XCOR:IN10:491:BCTRL': 0.0005035732850178532, 'XCOR:IN10:521:BCTRL': -0.0012112223613092597, 'XCOR:IN10:641:BCTRL': -0.00026864628101931523, 'YCOR:IN10:222:BCTRL': 0.00031250174026079913, 'YCOR:IN10:312:BCTRL': 0.0006405393123971878, 'YCOR:IN10:382:BCTRL': -0.0008585217954995548, 'YCOR:IN10:412:BCTRL': 0.0003281471637500894, 'YCOR:IN10:492:BCTRL': -0.0006502139532604109, 'YCOR:IN10:522:BCTRL': 0.0004144650676826397, 'YCOR:IN10:642:BCTRL': -0.001683305795315955}
2026-07-01 22:40:08,310 - INFO - 93
2026-07-01 22:40:08,310 - INFO - Running Xopt step
2026-07-01 22:40:08,314 - INFO - evaluating point: {'XCOR:IN10:221:BCTRL': 0.00034760834724349086, 'XCOR:IN10:311:BCTRL': 0.001033245885633624, 'XCOR:IN10:381:BCTRL': -2.4856324371683607e-05, 'XCOR:IN10:411:BCTRL': 0.0006074227613500619, 'XCOR:IN10:491:BCTRL': 0.000509756650751077, 'XCOR:IN10:521:BCTRL': -0.0012063782132434595, 'XCOR:IN10:641:BCTRL': -0.00026617532799114174, 'YCOR:IN10:222:BCTRL': 0.0003108157953350976, 'YCOR:IN10:312:BCTRL': 0.0006368927919571353, 'YCOR:IN10:382:BCTRL': -0.0008575842881774561, 'YCOR:IN10:412:BCTRL': 0.0003322013464670496, 'YCOR:IN10:492:BCTRL': -0.0006401403166795856, 'YCOR:IN10:522:BCTRL': 0.0004172496755393978, 'YCOR:IN10:642:BCTRL': -0.001691397776580796}
2026-07-01 22:40:08,526 - INFO - 94
2026-07-01 22:40:08,526 - INFO - Running Xopt step
2026-07-01 22:40:08,530 - INFO - evaluating point: {'XCOR:IN10:221:BCTRL': 0.0003486126113004328, 'XCOR:IN10:311:BCTRL': 0.0010316498950506529, 'XCOR:IN10:381:BCTRL': -2.8910760496277815e-05, 'XCOR:IN10:411:BCTRL': 0.0006058394260128588, 'XCOR:IN10:491:BCTRL': 0.0005109841474309027, 'XCOR:IN10:521:BCTRL': -0.0012003105395685112, 'XCOR:IN10:641:BCTRL': -0.0002606836180748233, 'YCOR:IN10:222:BCTRL': 0.0003097698159200749, 'YCOR:IN10:312:BCTRL': 0.0006335852287581068, 'YCOR:IN10:382:BCTRL': -0.0008601714857065631, 'YCOR:IN10:412:BCTRL': 0.00033240006456871984, 'YCOR:IN10:492:BCTRL': -0.0006269670229525155, 'YCOR:IN10:522:BCTRL': 0.0004246536074534707, 'YCOR:IN10:642:BCTRL': -0.0016956891625944555}
2026-07-01 22:40:08,750 - INFO - 95
2026-07-01 22:40:08,751 - INFO - Running Xopt step
2026-07-01 22:40:08,755 - INFO - evaluating point: {'XCOR:IN10:221:BCTRL': 0.0003498881861852777, 'XCOR:IN10:311:BCTRL': 0.0010310272011444899, 'XCOR:IN10:381:BCTRL': -3.1729267876198234e-05, 'XCOR:IN10:411:BCTRL': 0.0006025225872727654, 'XCOR:IN10:491:BCTRL': 0.0005068719402583843, 'XCOR:IN10:521:BCTRL': -0.0011947232980186785, 'XCOR:IN10:641:BCTRL': -0.00025396297508167485, 'YCOR:IN10:222:BCTRL': 0.00030971334830292544, 'YCOR:IN10:312:BCTRL': 0.0006318790830715283, 'YCOR:IN10:382:BCTRL': -0.0008653192931231842, 'YCOR:IN10:412:BCTRL': 0.0003286351175627259, 'YCOR:IN10:492:BCTRL': -0.0006164116068429995, 'YCOR:IN10:522:BCTRL': 0.0004330520149627816, 'YCOR:IN10:642:BCTRL': -0.0016940457049545974}
2026-07-01 22:40:08,969 - INFO - 96
2026-07-01 22:40:08,969 - INFO - Running Xopt step
2026-07-01 22:40:08,973 - INFO - evaluating point: {'XCOR:IN10:221:BCTRL': 0.0003511633548693833, 'XCOR:IN10:311:BCTRL': 0.0010316527928149086, 'XCOR:IN10:381:BCTRL': -3.236744411081573e-05, 'XCOR:IN10:411:BCTRL': 0.0005982169939138868, 'XCOR:IN10:491:BCTRL': 0.0004982343970843526, 'XCOR:IN10:521:BCTRL': -0.0011915227346095453, 'XCOR:IN10:641:BCTRL': -0.00024847420864373813, 'YCOR:IN10:222:BCTRL': 0.0003107604501164508, 'YCOR:IN10:312:BCTRL': 0.0006326561828054158, 'YCOR:IN10:382:BCTRL': -0.0008709930073945824, 'YCOR:IN10:412:BCTRL': 0.00032246354632086354, 'YCOR:IN10:492:BCTRL': -0.000613896216133552, 'YCOR:IN10:522:BCTRL': 0.000437855395366091, 'YCOR:IN10:642:BCTRL': -0.0016869632097440406}
2026-07-01 22:40:09,194 - INFO - 97
2026-07-01 22:40:09,194 - INFO - Running Xopt step
2026-07-01 22:40:09,198 - INFO - evaluating point: {'XCOR:IN10:221:BCTRL': 0.00035230697049377354, 'XCOR:IN10:311:BCTRL': 0.0010328784542967347, 'XCOR:IN10:381:BCTRL': -3.166651941047677e-05, 'XCOR:IN10:411:BCTRL': 0.0005939211694711395, 'XCOR:IN10:491:BCTRL': 0.0004882927195452348, 'XCOR:IN10:521:BCTRL': -0.0011903245183792993, 'XCOR:IN10:641:BCTRL': -0.0002449234405516252, 'YCOR:IN10:222:BCTRL': 0.00031229985923655423, 'YCOR:IN10:312:BCTRL': 0.0006349082816422341, 'YCOR:IN10:382:BCTRL': -0.0008755939908074895, 'YCOR:IN10:412:BCTRL': 0.0003164505280592256, 'YCOR:IN10:492:BCTRL': -0.00061774551361216, 'YCOR:IN10:522:BCTRL': 0.0004383912745320479, 'YCOR:IN10:642:BCTRL': -0.0016784223060900968}
2026-07-01 22:40:09,411 - INFO - 98
2026-07-01 22:40:09,411 - INFO - Running Xopt step
2026-07-01 22:40:09,415 - INFO - evaluating point: {'XCOR:IN10:221:BCTRL': 0.0003533024135939705, 'XCOR:IN10:311:BCTRL': 0.0010344936222844822, 'XCOR:IN10:381:BCTRL': -2.9967850535295147e-05, 'XCOR:IN10:411:BCTRL': 0.0005899136855808487, 'XCOR:IN10:491:BCTRL': 0.0004781924822982787, 'XCOR:IN10:521:BCTRL': -0.00119085417026651, 'XCOR:IN10:641:BCTRL': -0.00024340755587557843, 'YCOR:IN10:222:BCTRL': 0.0003140659784814296, 'YCOR:IN10:312:BCTRL': 0.0006380745897769705, 'YCOR:IN10:382:BCTRL': -0.0008785855508855815, 'YCOR:IN10:412:BCTRL': 0.00031170346811163613, 'YCOR:IN10:492:BCTRL': -0.0006263872273375973, 'YCOR:IN10:522:BCTRL': 0.00043505152590217456, 'YCOR:IN10:642:BCTRL': -0.0016705432020296268}
2026-07-01 22:40:09,627 - INFO - 99
2026-07-01 22:40:09,627 - INFO - Running Xopt step
2026-07-01 22:40:09,631 - INFO - evaluating point: {'XCOR:IN10:221:BCTRL': 0.00035395544103167595, 'XCOR:IN10:311:BCTRL': 0.001036633574168519, 'XCOR:IN10:381:BCTRL': -2.6896501336883494e-05, 'XCOR:IN10:411:BCTRL': 0.000586829497327861, 'XCOR:IN10:491:BCTRL': 0.0004693643096841634, 'XCOR:IN10:521:BCTRL': -0.001193859713807324, 'XCOR:IN10:641:BCTRL': -0.00024503687477260284, 'YCOR:IN10:222:BCTRL': 0.0003158247407482556, 'YCOR:IN10:312:BCTRL': 0.000641768530045293, 'YCOR:IN10:382:BCTRL': -0.000878727871839339, 'YCOR:IN10:412:BCTRL': 0.0003098827368495793, 'YCOR:IN10:492:BCTRL': -0.0006390023333883605, 'YCOR:IN10:522:BCTRL': 0.000427815027790579, 'YCOR:IN10:642:BCTRL': -0.001665975128388875}
2026-07-01 22:40:09,852 - INFO - Evaluating best point during extremum-seeking alignment finalization.
2026-07-01 22:40:09,856 - INFO - evaluating point: {'XCOR:IN10:221:BCTRL': 0.000351955217516836, 'XCOR:IN10:311:BCTRL': 0.001031226944624367, 'XCOR:IN10:381:BCTRL': -1.4905837199385401e-05, 'XCOR:IN10:411:BCTRL': 0.0006001406479739507, 'XCOR:IN10:491:BCTRL': 0.00046439470435048156, 'XCOR:IN10:521:BCTRL': -0.001189798569741732, 'XCOR:IN10:641:BCTRL': -0.0002524109013733099, 'YCOR:IN10:222:BCTRL': 0.00030828835666261956, 'YCOR:IN10:312:BCTRL': 0.0006434683874303761, 'YCOR:IN10:382:BCTRL': -0.0008621943862386155, 'YCOR:IN10:412:BCTRL': 0.00031163642635895255, 'YCOR:IN10:492:BCTRL': -0.0006192047120046274, 'YCOR:IN10:522:BCTRL': 0.0004318599006698761, 'YCOR:IN10:642:BCTRL': -0.0016942560082531153}
2026-07-01 22:40:10,071 - INFO - Best point evaluated during extremum-seeking alignment finalization: norm=1.5795537195381777
2026-07-01 22:40:10,254 - INFO - Appended Xopt serialization for optimize_alignment to ./automatic_workflow_xopt_1782970782.yaml
2026-07-01 22:40:10,254 - INFO - Completed workflow step: optimize_alignment (step 1/1) in 23.78 s
2026-07-01 22:40:10,254 - INFO - Skipping post-workflow environment reset (reset_env_after=False).
2026-07-01 22:40:10,254 - INFO - Automatic workflow completed.
2026-07-01 22:40:10,254 - INFO - Workflow summary: completed_steps=1 total_steps=1 duration=28.06 s xopt_dump_file=./automatic_workflow_xopt_1782970782.yaml
