2026-07-01 22:02:03,501 - INFO - Starting automatic workflow...
2026-07-01 22:02:03,501 - INFO - Workflow context: steps=1 dump_location=. reset_env_after=False logging_level=INFO log_file=automatic_workflow_1782968523.log
2026-07-01 22:02:03,501 - INFO - Ensured workflow output directory exists: .
2026-07-01 22:02:03,501 - INFO - Creating new FACET-II badger environment.
2026-07-01 22:02:08,756 - INFO - Running workflow step: minimize_injector_emittance
2026-07-01 22:02:08,756 - INFO - Step 1/1 parameters: {'n_steps': 3, 'variables': {'SOLN:IN10:121:BCTRL': [0.39, 0.41], 'QUAD:IN10:121:BCTRL': [-0.008, 0.008], 'QUAD:IN10:122:BCTRL': [-0.008, 0.008]}}
2026-07-01 22:02:09,439 - INFO - Starting emittance_opt.
2026-07-01 22:02:09,439 - INFO - Starting injector emittance optimization.
2026-07-01 22:02:09,471 - INFO - Initialized generator expected_improvement
2026-07-01 22:02:09,472 - INFO - Running initial evaluations (current + 2 random points).
2026-07-01 22:02:16,859 - INFO - Initialized generator upper_confidence_bound
2026-07-01 22:02:23,218 - INFO - Running x scans
2026-07-01 22:02:23,218 - INFO - Iteration 0 for dimension x
2026-07-01 22:02:23,219 - INFO - Running Xopt step
2026-07-01 22:02:30,792 - INFO - Iteration 1 for dimension x
2026-07-01 22:02:30,792 - INFO - Running Xopt step
2026-07-01 22:02:35,579 - INFO - Iteration 2 for dimension x
2026-07-01 22:02:35,580 - INFO - Running Xopt step
2026-07-01 22:02:43,501 - INFO - Iteration 3 for dimension x
2026-07-01 22:02:43,502 - INFO - Running Xopt step
2026-07-01 22:02:50,830 - INFO - Iteration 4 for dimension x
2026-07-01 22:02:50,830 - INFO - Running Xopt step
2026-07-01 22:02:55,491 - INFO - Running y scans
2026-07-01 22:02:55,491 - INFO - Iteration 0 for dimension y
2026-07-01 22:02:55,491 - INFO - Running Xopt step
2026-07-01 22:03:02,885 - INFO - Iteration 1 for dimension y
2026-07-01 22:03:02,885 - INFO - Running Xopt step
2026-07-01 22:03:07,524 - INFO - Iteration 2 for dimension y
2026-07-01 22:03:07,525 - INFO - Running Xopt step
2026-07-01 22:03:14,079 - INFO - saving image to ./emittance_visualization_1782968536.jpeg
2026-07-01 22:03:14,193 - INFO - saving data to ./emittance_scan_1782968536.h5
2026-07-01 22:03:19,796 - INFO - Initialized generator upper_confidence_bound
2026-07-01 22:03:26,237 - INFO - Running x scans
2026-07-01 22:03:26,238 - INFO - Iteration 0 for dimension x
2026-07-01 22:03:26,238 - INFO - Running Xopt step
2026-07-01 22:03:33,706 - INFO - Iteration 1 for dimension x
2026-07-01 22:03:33,707 - INFO - Running Xopt step
2026-07-01 22:03:39,221 - INFO - Iteration 2 for dimension x
2026-07-01 22:03:39,222 - INFO - Running Xopt step
2026-07-01 22:03:46,566 - INFO - Iteration 3 for dimension x
2026-07-01 22:03:46,567 - INFO - Running Xopt step
2026-07-01 22:03:51,477 - INFO - Iteration 4 for dimension x
2026-07-01 22:03:51,478 - INFO - Running Xopt step
2026-07-01 22:03:57,298 - INFO - Running y scans
2026-07-01 22:03:57,299 - INFO - Iteration 0 for dimension y
2026-07-01 22:03:57,299 - INFO - Running Xopt step
2026-07-01 22:04:04,721 - INFO - Iteration 1 for dimension y
2026-07-01 22:04:04,721 - INFO - Running Xopt step
2026-07-01 22:04:09,567 - INFO - Iteration 2 for dimension y
2026-07-01 22:04:09,568 - INFO - Running Xopt step
2026-07-01 22:04:16,169 - INFO - saving image to ./emittance_visualization_1782968599.jpeg
2026-07-01 22:04:16,276 - INFO - saving data to ./emittance_scan_1782968599.h5
2026-07-01 22:04:22,320 - INFO - Initialized generator upper_confidence_bound
2026-07-01 22:04:28,711 - INFO - Running x scans
2026-07-01 22:04:28,711 - INFO - Iteration 0 for dimension x
2026-07-01 22:04:28,712 - INFO - Running Xopt step
2026-07-01 22:04:36,225 - INFO - Iteration 1 for dimension x
2026-07-01 22:04:36,225 - INFO - Running Xopt step
2026-07-01 22:04:41,592 - INFO - Iteration 2 for dimension x
2026-07-01 22:04:41,593 - INFO - Running Xopt step
2026-07-01 22:04:48,748 - INFO - Iteration 3 for dimension x
2026-07-01 22:04:48,749 - INFO - Running Xopt step
2026-07-01 22:04:54,192 - INFO - Iteration 4 for dimension x
2026-07-01 22:04:54,192 - INFO - Running Xopt step
2026-07-01 22:05:00,580 - INFO - Running y scans
2026-07-01 22:05:00,581 - INFO - Iteration 0 for dimension y
2026-07-01 22:05:00,581 - INFO - Running Xopt step
2026-07-01 22:05:07,143 - INFO - Iteration 1 for dimension y
2026-07-01 22:05:07,144 - INFO - Running Xopt step
2026-07-01 22:05:11,818 - INFO - Iteration 2 for dimension y
2026-07-01 22:05:11,819 - INFO - Running Xopt step
2026-07-01 22:05:18,488 - INFO - saving image to ./emittance_visualization_1782968662.jpeg
2026-07-01 22:05:18,577 - INFO - saving data to ./emittance_scan_1782968662.h5
2026-07-01 22:05:23,272 - INFO - Running Xopt step
2026-07-01 22:05:26,819 - INFO - Initialized generator upper_confidence_bound
2026-07-01 22:05:33,087 - INFO - Running x scans
2026-07-01 22:05:33,088 - INFO - Iteration 0 for dimension x
2026-07-01 22:05:33,088 - INFO - Running Xopt step
2026-07-01 22:05:40,655 - INFO - Iteration 1 for dimension x
2026-07-01 22:05:40,655 - INFO - Running Xopt step
2026-07-01 22:05:45,320 - INFO - Iteration 2 for dimension x
2026-07-01 22:05:45,321 - INFO - Running Xopt step
2026-07-01 22:05:50,623 - INFO - Iteration 3 for dimension x
2026-07-01 22:05:50,623 - INFO - Running Xopt step
2026-07-01 22:05:56,219 - INFO - Iteration 4 for dimension x
2026-07-01 22:05:56,220 - INFO - Running Xopt step
2026-07-01 22:06:03,005 - INFO - Running y scans
2026-07-01 22:06:03,005 - INFO - Iteration 0 for dimension y
2026-07-01 22:06:03,005 - INFO - Running Xopt step
2026-07-01 22:06:08,360 - INFO - Iteration 1 for dimension y
2026-07-01 22:06:08,361 - INFO - Running Xopt step
2026-07-01 22:06:14,023 - INFO - Iteration 2 for dimension y
2026-07-01 22:06:14,023 - INFO - Running Xopt step
2026-07-01 22:06:20,139 - INFO - saving image to ./emittance_visualization_1782968726.jpeg
2026-07-01 22:06:20,228 - INFO - saving data to ./emittance_scan_1782968726.h5
2026-07-01 22:06:25,012 - INFO - Running Xopt step
2026-07-01 22:06:30,116 - INFO - Initialized generator upper_confidence_bound
2026-07-01 22:06:36,407 - INFO - Running x scans
2026-07-01 22:06:36,407 - INFO - Iteration 0 for dimension x
2026-07-01 22:06:36,408 - INFO - Running Xopt step
2026-07-01 22:06:44,153 - INFO - Iteration 1 for dimension x
2026-07-01 22:06:44,154 - INFO - Running Xopt step
2026-07-01 22:06:48,826 - INFO - Iteration 2 for dimension x
2026-07-01 22:06:48,827 - INFO - Running Xopt step
2026-07-01 22:06:56,388 - INFO - Iteration 3 for dimension x
2026-07-01 22:06:56,389 - INFO - Running Xopt step
2026-07-01 22:07:03,501 - INFO - Iteration 4 for dimension x
2026-07-01 22:07:03,502 - INFO - Running Xopt step
2026-07-01 22:07:10,709 - INFO - Running y scans
2026-07-01 22:07:10,710 - INFO - Iteration 0 for dimension y
2026-07-01 22:07:10,710 - INFO - Running Xopt step
2026-07-01 22:07:17,671 - INFO - Iteration 1 for dimension y
2026-07-01 22:07:17,672 - INFO - Running Xopt step
2026-07-01 22:07:22,997 - INFO - Iteration 2 for dimension y
2026-07-01 22:07:22,998 - INFO - Running Xopt step
2026-07-01 22:07:29,518 - INFO - saving image to ./emittance_visualization_1782968790.jpeg
2026-07-01 22:07:29,604 - INFO - saving data to ./emittance_scan_1782968790.h5
2026-07-01 22:07:33,053 - INFO - Running Xopt step
2026-07-01 22:07:38,703 - INFO - Initialized generator upper_confidence_bound
2026-07-01 22:07:45,143 - INFO - Running x scans
2026-07-01 22:07:45,143 - INFO - Iteration 0 for dimension x
2026-07-01 22:07:45,143 - INFO - Running Xopt step
2026-07-01 22:07:52,752 - INFO - Iteration 1 for dimension x
2026-07-01 22:07:52,753 - INFO - Running Xopt step
2026-07-01 22:07:57,390 - INFO - Iteration 2 for dimension x
2026-07-01 22:07:57,390 - INFO - Running Xopt step
2026-07-01 22:08:02,892 - INFO - Iteration 3 for dimension x
2026-07-01 22:08:02,893 - INFO - Running Xopt step
2026-07-01 22:08:09,853 - INFO - Iteration 4 for dimension x
2026-07-01 22:08:09,853 - INFO - Running Xopt step
2026-07-01 22:08:16,558 - INFO - Running y scans
2026-07-01 22:08:16,558 - INFO - Iteration 0 for dimension y
2026-07-01 22:08:16,558 - INFO - Running Xopt step
2026-07-01 22:08:23,251 - INFO - Iteration 1 for dimension y
2026-07-01 22:08:23,251 - INFO - Running Xopt step
2026-07-01 22:08:29,963 - INFO - Iteration 2 for dimension y
2026-07-01 22:08:29,963 - INFO - Running Xopt step
2026-07-01 22:08:36,877 - INFO - saving image to ./emittance_visualization_1782968858.jpeg
2026-07-01 22:08:36,975 - INFO - saving data to ./emittance_scan_1782968858.h5
2026-07-01 22:08:40,753 - INFO - Evaluating best point during injector emittance optimization.
2026-07-01 22:08:42,918 - INFO - Initialized generator upper_confidence_bound
2026-07-01 22:08:49,030 - INFO - Running x scans
2026-07-01 22:08:49,030 - INFO - Iteration 0 for dimension x
2026-07-01 22:08:49,031 - INFO - Running Xopt step
2026-07-01 22:08:56,505 - INFO - Iteration 1 for dimension x
2026-07-01 22:08:56,505 - INFO - Running Xopt step
2026-07-01 22:09:01,103 - INFO - Iteration 2 for dimension x
2026-07-01 22:09:01,104 - INFO - Running Xopt step
2026-07-01 22:09:06,467 - INFO - Iteration 3 for dimension x
2026-07-01 22:09:06,468 - INFO - Running Xopt step
2026-07-01 22:09:13,383 - INFO - Iteration 4 for dimension x
2026-07-01 22:09:13,384 - INFO - Running Xopt step
2026-07-01 22:09:20,267 - INFO - Running y scans
2026-07-01 22:09:20,267 - INFO - Iteration 0 for dimension y
2026-07-01 22:09:20,268 - INFO - Running Xopt step
2026-07-01 22:09:26,775 - INFO - Iteration 1 for dimension y
2026-07-01 22:09:26,776 - INFO - Running Xopt step
2026-07-01 22:09:31,723 - INFO - Iteration 2 for dimension y
2026-07-01 22:09:31,723 - INFO - Running Xopt step
2026-07-01 22:09:38,047 - INFO - saving image to ./emittance_visualization_1782968922.jpeg
2026-07-01 22:09:38,132 - INFO - saving data to ./emittance_scan_1782968922.h5
2026-07-01 22:09:41,619 - INFO - Best point evaluated during injector emittance optimization.
2026-07-01 22:09:41,619 - INFO - Completed injector emittance optimization.
2026-07-01 22:09:41,634 - INFO - Appended Xopt serialization for minimize_injector_emittance to ./automatic_workflow_xopt_1782968523.yaml
2026-07-01 22:09:41,634 - INFO - Completed workflow step: minimize_injector_emittance (step 1/1) in 452.88 s
2026-07-01 22:09:41,634 - INFO - Skipping post-workflow environment reset (reset_env_after=False).
2026-07-01 22:09:41,634 - INFO - Automatic workflow completed.
2026-07-01 22:09:41,634 - INFO - Workflow summary: completed_steps=1 total_steps=1 duration=458.13 s xopt_dump_file=./automatic_workflow_xopt_1782968523.yaml
