2026-07-01 22:57:30,697 - INFO - Starting automatic workflow...
2026-07-01 22:57:30,697 - INFO - Workflow context: steps=1 dump_location=. reset_env_after=False logging_level=INFO log_file=automatic_workflow_1782971850.log
2026-07-01 22:57:30,697 - INFO - Ensured workflow output directory exists: .
2026-07-01 22:57:30,698 - INFO - Creating new FACET-II badger environment.
2026-07-01 22:57:34,888 - INFO - Running workflow step: tcav_phasing
2026-07-01 22:57:34,888 - INFO - Step 1/1 parameters: {'amplitude_tolerance': 0.01, 'max_scan_range': [80, 100], 'n_initial_points': 5, 'n_iterations': 5, 'phase_tolerance': 0.5, 'tcav_on_amplitude': 4}
2026-07-01 22:57:35,570 - INFO - Starting tcav_phasing.
2026-07-01 22:57:35,601 - INFO - Starting automatic TCAV phasing. Current TCAV phase: 92.87318591172351
2026-07-01 22:57:35,601 - INFO - TCAV phasing config: tcav_on_amplitude=4 n_initial_points=5 n_iterations=5 max_scan_range=[80, 100] min_transmission=0.4 dump_location=None
2026-07-01 22:57:35,624 - INFO - Starting TCAV phase optimization....
2026-07-01 22:57:35,625 - INFO - Acquiring nominal centroid.
2026-07-01 22:57:39,131 - INFO - Initialized generator expected_improvement
2026-07-01 22:57:39,133 - INFO - Initial TCAV amplitude: 4.0, phase: 92.87318591172351
2026-07-01 22:57:44,231 - INFO - Running Xopt step
2026-07-01 22:57:46,355 - INFO - Running Xopt step
2026-07-01 22:57:48,459 - INFO - Running Xopt step
2026-07-01 22:57:49,967 - INFO - Running Xopt step
2026-07-01 22:57:52,646 - INFO - Running Xopt step
2026-07-01 22:57:55,852 - INFO - setting final phase to 92.7549681348903
2026-07-01 22:57:59,353 - INFO - Restored original TCAV amplitude.
2026-07-01 22:57:59,353 - INFO - TCAV phase optimization complete.
2026-07-01 22:57:59,358 - INFO - Automatic TCAV phasing finished. Optimized phase: 92.7549681348903 duration=23.79 s
2026-07-01 22:57:59,380 - INFO - Appended Xopt serialization for tcav_phasing to ./automatic_workflow_xopt_1782971850.yaml
2026-07-01 22:57:59,381 - INFO - Completed workflow step: tcav_phasing (step 1/1) in 24.49 s
2026-07-01 22:57:59,381 - INFO - Skipping post-workflow environment reset (reset_env_after=False).
2026-07-01 22:57:59,381 - INFO - Automatic workflow completed.
2026-07-01 22:57:59,381 - INFO - Workflow summary: completed_steps=1 total_steps=1 duration=28.68 s xopt_dump_file=./automatic_workflow_xopt_1782971850.yaml
