/home/fphysics/zhezhang/AgenticOpt/bax_algorithms/bax_algorithms/solenoid_alignment.py:21: UserWarning: Field name "name" in "PathwiseSolenoidAlignment" shadows an attribute in parent "PathwiseOptimization"
  class PathwiseSolenoidAlignment(PathwiseOptimization):
2026-07-02 00:36:20,118 - INFO - Starting automatic workflow...
2026-07-02 00:36:20,118 - INFO - Workflow context: steps=1 dump_location=. reset_env_after=False logging_level=INFO log_file=automatic_workflow_1782977780.log
2026-07-02 00:36:20,119 - INFO - Ensured workflow output directory exists: .
2026-07-02 00:36:20,119 - INFO - Creating new FACET-II badger environment.
/home/fphysics/zhezhang/AgenticOpt/Badger/src/badger/environment.py:131: UserWarning: Field name "variables" in "Environment" shadows an attribute in parent "BaseAutomaticEmittanceEnvironment"
  return super().__new__(mcs, name, bases, namespace)
2026-07-02 00:36:25,114 - INFO - Running workflow step: tcav_phasing
2026-07-02 00:36:25,114 - INFO - Step 1/1 parameters: {'amplitude_tolerance': 0.01, 'max_scan_range': [80, 100], 'n_initial_points': 5, 'n_iterations': 5, 'phase_tolerance': 0.5, 'tcav_on_amplitude': 4}
2026-07-02 00:36:25,798 - INFO - Starting tcav_phasing.
2026-07-02 00:36:25,829 - INFO - Starting automatic TCAV phasing. Current TCAV phase: 92.21497338457121
2026-07-02 00:36:25,830 - INFO - TCAV phasing config: tcav_on_amplitude=4 n_initial_points=5 n_iterations=5 max_scan_range=[80, 100] min_transmission=0.4 dump_location=None
2026-07-02 00:36:25,850 - INFO - Starting TCAV phase optimization....
2026-07-02 00:36:25,850 - INFO - Acquiring nominal centroid.
2026-07-02 00:36:29,358 - INFO - Initialized generator expected_improvement
2026-07-02 00:36:29,359 - INFO - Initial TCAV amplitude: 4.0, phase: 92.21497338457121
2026-07-02 00:36:40,684 - INFO - Converged
2026-07-02 00:36:40,691 - INFO - setting final phase to 92.21497338457121
2026-07-02 00:36:48,195 - INFO - Restored original TCAV amplitude.
2026-07-02 00:36:48,195 - INFO - TCAV phase optimization complete.
2026-07-02 00:36:48,200 - INFO - Automatic TCAV phasing finished. Optimized phase: 92.21497338457121 duration=22.40 s
2026-07-02 00:36:48,216 - INFO - Appended Xopt serialization for tcav_phasing to ./automatic_workflow_xopt_1782977780.yaml
2026-07-02 00:36:48,216 - INFO - Completed workflow step: tcav_phasing (step 1/1) in 23.10 s
2026-07-02 00:36:48,216 - INFO - Skipping post-workflow environment reset (reset_env_after=False).
2026-07-02 00:36:48,216 - INFO - Automatic workflow completed.
2026-07-02 00:36:48,216 - INFO - Workflow summary: completed_steps=1 total_steps=1 duration=28.10 s xopt_dump_file=./automatic_workflow_xopt_1782977780.yaml
