2026-07-01 23:35:37,401 - INFO - Starting automatic workflow...
2026-07-01 23:35:37,401 - INFO - Workflow context: steps=1 dump_location=. reset_env_after=False logging_level=INFO log_file=automatic_workflow_1782974137.log
2026-07-01 23:35:37,401 - INFO - Ensured workflow output directory exists: .
2026-07-01 23:35:37,401 - INFO - Creating new FACET-II badger environment.
2026-07-01 23:35:41,401 - INFO - Running workflow step: optimize_alignment
2026-07-01 23:35:41,401 - INFO - Step 1/1 parameters: {'n_steps': 100, 'region_fraction': 0.15}
2026-07-01 23:35:42,083 - INFO - Starting alignment_opt_es.
2026-07-01 23:35:42,083 - INFO - Starting automatic alignment for screen: PR10571
2026-07-01 23:35:42,119 - INFO - Initialized generator extremum_seeking
2026-07-01 23:35:42,124 - INFO - Created alignment Xopt object.
2026-07-01 23:35:42,124 - INFO - Starting evaluation
2026-07-01 23:35:42,142 - INFO - evaluating point: {'XCOR:IN10:221:BCTRL': 0.000351955217516836, 'XCOR:IN10:311:BCTRL': 0.001031226944624367, 'XCOR:IN10:381:BCTRL': -1.4905837199385401e-05, 'XCOR:IN10:411:BCTRL': 0.0006001406479739507, 'XCOR:IN10:491:BCTRL': 0.00046439470435048156, 'XCOR:IN10:521:BCTRL': -0.001189798569741732, 'XCOR:IN10:641:BCTRL': -0.0002524109013733099, 'YCOR:IN10:222:BCTRL': 0.00030828835666261956, 'YCOR:IN10:312:BCTRL': 0.0006434683874303761, 'YCOR:IN10:382:BCTRL': -0.0008621943862386155, 'YCOR:IN10:412:BCTRL': 0.00031163642635895255, 'YCOR:IN10:492:BCTRL': -0.0006192047120046274, 'YCOR:IN10:522:BCTRL': 0.0004318599006698761, 'YCOR:IN10:642:BCTRL': -0.0016942560082531153}
2026-07-01 23:35:42,661 - INFO - 0
2026-07-01 23:35:42,661 - INFO - Running Xopt step
2026-07-01 23:35:42,668 - INFO - evaluating point: {'XCOR:IN10:221:BCTRL': 0.000350821089120471, 'XCOR:IN10:311:BCTRL': 0.001032483005197895, 'XCOR:IN10:381:BCTRL': -1.8650128743266935e-05, 'XCOR:IN10:411:BCTRL': 0.0006023600361583087, 'XCOR:IN10:491:BCTRL': 0.00045567331257696385, 'XCOR:IN10:521:BCTRL': -0.0011866817600544686, 'XCOR:IN10:641:BCTRL': -0.0002581950488523202, 'YCOR:IN10:222:BCTRL': 0.00030921268982626084, 'YCOR:IN10:312:BCTRL': 0.0006402897702214462, 'YCOR:IN10:382:BCTRL': -0.0008592352019928048, 'YCOR:IN10:412:BCTRL': 0.00030622800524001255, 'YCOR:IN10:492:BCTRL': -0.0006124843485621998, 'YCOR:IN10:522:BCTRL': 0.0004244982584238631, 'YCOR:IN10:642:BCTRL': -0.0016898924746909466}
2026-07-01 23:35:42,887 - INFO - 1
2026-07-01 23:35:42,887 - INFO - Running Xopt step
2026-07-01 23:35:42,891 - INFO - evaluating point: {'XCOR:IN10:221:BCTRL': 0.000349512825426689, 'XCOR:IN10:311:BCTRL': 0.001032787759864247, 'XCOR:IN10:381:BCTRL': -2.2989132715897462e-05, 'XCOR:IN10:411:BCTRL': 0.0006027041983351193, 'XCOR:IN10:491:BCTRL': 0.0004455408980338196, 'XCOR:IN10:521:BCTRL': -0.001186472304734375, 'XCOR:IN10:641:BCTRL': -0.0002649185764657044, 'YCOR:IN10:222:BCTRL': 0.00030919346146323045, 'YCOR:IN10:312:BCTRL': 0.0006366004054504242, 'YCOR:IN10:382:BCTRL': -0.0008595570569881675, 'YCOR:IN10:412:BCTRL': 0.0002999725107952219, 'YCOR:IN10:492:BCTRL': -0.0006138049543274659, 'YCOR:IN10:522:BCTRL': 0.0004160306709409385, 'YCOR:IN10:642:BCTRL': -0.001691131088402108}
2026-07-01 23:35:43,104 - INFO - 2
2026-07-01 23:35:43,104 - INFO - Running Xopt step
2026-07-01 23:35:43,108 - INFO - evaluating point: {'XCOR:IN10:221:BCTRL': 0.0003482205575071898, 'XCOR:IN10:311:BCTRL': 0.0010322998060689676, 'XCOR:IN10:381:BCTRL': -2.716105620258733e-05, 'XCOR:IN10:411:BCTRL': 0.000601463046652344, 'XCOR:IN10:491:BCTRL': 0.00043612170709921846, 'XCOR:IN10:521:BCTRL': -0.001188733490310806, 'XCOR:IN10:641:BCTRL': -0.0002709174054284455, 'YCOR:IN10:222:BCTRL': 0.00030837460488601924, 'YCOR:IN10:312:BCTRL': 0.0006334666999668395, 'YCOR:IN10:382:BCTRL': -0.0008626321363095409, 'YCOR:IN10:412:BCTRL': 0.0002949605907627858, 'YCOR:IN10:492:BCTRL': -0.0006217623574728916, 'YCOR:IN10:522:BCTRL': 0.0004096993304281645, 'YCOR:IN10:642:BCTRL': -0.0016968885469575614}
2026-07-01 23:35:43,330 - INFO - 3
2026-07-01 23:35:43,330 - INFO - Running Xopt step
2026-07-01 23:35:43,337 - INFO - evaluating point: {'XCOR:IN10:221:BCTRL': 0.000347068495246946, 'XCOR:IN10:311:BCTRL': 0.0010311020791051763, 'XCOR:IN10:381:BCTRL': -3.0646053286143175e-05, 'XCOR:IN10:411:BCTRL': 0.0005988553276479154, 'XCOR:IN10:491:BCTRL': 0.00042889307855203474, 'XCOR:IN10:521:BCTRL': -0.001193019472010891, 'XCOR:IN10:641:BCTRL': -0.00027503529028060866, 'YCOR:IN10:222:BCTRL': 0.0003069415427128934, 'YCOR:IN10:312:BCTRL': 0.0006316163414422804, 'YCOR:IN10:382:BCTRL': -0.0008676555511584218, 'YCOR:IN10:412:BCTRL': 0.0002925711989252901, 'YCOR:IN10:492:BCTRL': -0.0006339533255335329, 'YCOR:IN10:522:BCTRL': 0.00040753899383717877, 'YCOR:IN10:642:BCTRL': -0.0017051690751726033}
2026-07-01 23:35:43,552 - INFO - 4
2026-07-01 23:35:43,553 - INFO - Running Xopt step
2026-07-01 23:35:43,557 - INFO - evaluating point: {'XCOR:IN10:221:BCTRL': 0.0003463467237205178, 'XCOR:IN10:311:BCTRL': 0.0010290406603780805, 'XCOR:IN10:381:BCTRL': -3.234028891979105e-05, 'XCOR:IN10:411:BCTRL': 0.0005948459675124165, 'XCOR:IN10:491:BCTRL': 0.00042667770616715983, 'XCOR:IN10:521:BCTRL': -0.0011989843948864163, 'XCOR:IN10:641:BCTRL': -0.00027530935822463773, 'YCOR:IN10:222:BCTRL': 0.000305130260498184, 'YCOR:IN10:312:BCTRL': 0.0006321273793009943, 'YCOR:IN10:382:BCTRL': -0.000873403287963339, 'YCOR:IN10:412:BCTRL': 0.00029453857961761893, 'YCOR:IN10:492:BCTRL': -0.0006464712967921694, 'YCOR:IN10:522:BCTRL': 0.00041162514476963095, 'YCOR:IN10:642:BCTRL': -0.0017126882222162298}
2026-07-01 23:35:43,774 - INFO - 5
2026-07-01 23:35:43,774 - INFO - Running Xopt step
2026-07-01 23:35:43,779 - INFO - evaluating point: {'XCOR:IN10:221:BCTRL': 0.000346012427267708, 'XCOR:IN10:311:BCTRL': 0.0010266577988525282, 'XCOR:IN10:381:BCTRL': -3.247938940307696e-05, 'XCOR:IN10:411:BCTRL': 0.000590495559010448, 'XCOR:IN10:491:BCTRL': 0.000428616676553372, 'XCOR:IN10:521:BCTRL': -0.0012049842046523381, 'XCOR:IN10:641:BCTRL': -0.0002725870561845965, 'YCOR:IN10:222:BCTRL': 0.0003034726924728899, 'YCOR:IN10:312:BCTRL': 0.0006343377063932193, 'YCOR:IN10:382:BCTRL': -0.0008780539733782696, 'YCOR:IN10:412:BCTRL': 0.00029932627536692467, 'YCOR:IN10:492:BCTRL': -0.0006550139266956527, 'YCOR:IN10:522:BCTRL': 0.0004192127656248306, 'YCOR:IN10:642:BCTRL': -0.0017166457734116279}
2026-07-01 23:35:43,993 - INFO - 6
2026-07-01 23:35:43,994 - INFO - Running Xopt step
2026-07-01 23:35:43,998 - INFO - evaluating point: {'XCOR:IN10:221:BCTRL': 0.000346088005958271, 'XCOR:IN10:311:BCTRL': 0.0010241984822101753, 'XCOR:IN10:381:BCTRL': -3.1082804456890925e-05, 'XCOR:IN10:411:BCTRL': 0.0005863730654001997, 'XCOR:IN10:491:BCTRL': 0.0004343070142963493, 'XCOR:IN10:521:BCTRL': -0.001210043237090964, 'XCOR:IN10:641:BCTRL': -0.00026746866860844664, 'YCOR:IN10:222:BCTRL': 0.0003022971154083312, 'YCOR:IN10:312:BCTRL': 0.0006376865780660172, 'YCOR:IN10:382:BCTRL': -0.0008805065826165731, 'YCOR:IN10:412:BCTRL': 0.0003055258992357059, 'YCOR:IN10:492:BCTRL': -0.0006572052906055818, 'YCOR:IN10:522:BCTRL': 0.0004277257780249419, 'YCOR:IN10:642:BCTRL': -0.001715772376833887}
2026-07-01 23:35:44,218 - INFO - 7
2026-07-01 23:35:44,218 - INFO - Running Xopt step
2026-07-01 23:35:44,222 - INFO - evaluating point: {'XCOR:IN10:221:BCTRL': 0.0003466076780295423, 'XCOR:IN10:311:BCTRL': 0.0010219345560863304, 'XCOR:IN10:381:BCTRL': -2.8214954876984792e-05, 'XCOR:IN10:411:BCTRL': 0.0005830987957311769, 'XCOR:IN10:491:BCTRL': 0.00044301676088745224, 'XCOR:IN10:521:BCTRL': -0.0012131718617082855, 'XCOR:IN10:641:BCTRL': -0.00026091148470723074, 'YCOR:IN10:222:BCTRL': 0.0003018959358048107, 'YCOR:IN10:312:BCTRL': 0.0006413663385655263, 'YCOR:IN10:382:BCTRL': -0.0008799791537846065, 'YCOR:IN10:412:BCTRL': 0.00031130400889241023, 'YCOR:IN10:492:BCTRL': -0.0006520101620254399, 'YCOR:IN10:522:BCTRL': 0.0004341633114375591, 'YCOR:IN10:642:BCTRL': -0.0017101339049426833}
2026-07-01 23:35:44,435 - INFO - 8
2026-07-01 23:35:44,435 - INFO - Running Xopt step
2026-07-01 23:35:44,439 - INFO - evaluating point: {'XCOR:IN10:221:BCTRL': 0.00034754930447444897, 'XCOR:IN10:311:BCTRL': 0.0010202104015151808, 'XCOR:IN10:381:BCTRL': -2.423397510264856e-05, 'XCOR:IN10:411:BCTRL': 0.0005813389084862728, 'XCOR:IN10:491:BCTRL': 0.0004531385458812969, 'XCOR:IN10:521:BCTRL': -0.0012135213379814676, 'XCOR:IN10:641:BCTRL': -0.00025449154964443053, 'YCOR:IN10:222:BCTRL': 0.0003024348289451847, 'YCOR:IN10:312:BCTRL': 0.0006442834184457122, 'YCOR:IN10:382:BCTRL': -0.0008764169170021444, 'YCOR:IN10:412:BCTRL': 0.00031459494410467824, 'YCOR:IN10:492:BCTRL': -0.0006407800777375369, 'YCOR:IN10:522:BCTRL': 0.00043579499907104885, 'YCOR:IN10:642:BCTRL': -0.0017017332027593431}
2026-07-01 23:35:44,724 - INFO - 9
2026-07-01 23:35:44,724 - INFO - Running Xopt step
2026-07-01 23:35:44,729 - INFO - evaluating point: {'XCOR:IN10:221:BCTRL': 0.0003487603069199541, 'XCOR:IN10:311:BCTRL': 0.001019236592883895, 'XCOR:IN10:381:BCTRL': -1.9881356884518948e-05, 'XCOR:IN10:411:BCTRL': 0.0005813280583408016, 'XCOR:IN10:491:BCTRL': 0.0004624709609344368, 'XCOR:IN10:521:BCTRL': -0.0012111329355133321, 'XCOR:IN10:641:BCTRL': -0.00024983280896127483, 'YCOR:IN10:222:BCTRL': 0.000303741976421561, 'YCOR:IN10:312:BCTRL': 0.000645590386096173, 'YCOR:IN10:382:BCTRL': -0.0008709885696868931, 'YCOR:IN10:412:BCTRL': 0.000314328530398909, 'YCOR:IN10:492:BCTRL': -0.000627612037114877, 'YCOR:IN10:522:BCTRL': 0.0004321011843002288, 'YCOR:IN10:642:BCTRL': -0.0016940137510854658}
2026-07-01 23:35:44,941 - INFO - 10
2026-07-01 23:35:44,941 - INFO - Running Xopt step
2026-07-01 23:35:44,945 - INFO - evaluating point: {'XCOR:IN10:221:BCTRL': 0.0003500768335342534, 'XCOR:IN10:311:BCTRL': 0.001019105605633641, 'XCOR:IN10:381:BCTRL': -1.5864898093632075e-05, 'XCOR:IN10:411:BCTRL': 0.0005830053960705262, 'XCOR:IN10:491:BCTRL': 0.00046920467126972267, 'XCOR:IN10:521:BCTRL': -0.0012065632962653943, 'XCOR:IN10:641:BCTRL': -0.0002479901427569143, 'YCOR:IN10:222:BCTRL': 0.00030548536488527557, 'YCOR:IN10:312:BCTRL': 0.0006449608777078395, 'YCOR:IN10:382:BCTRL': -0.0008652699022981702, 'YCOR:IN10:412:BCTRL': 0.00031067548774127305, 'YCOR:IN10:492:BCTRL': -0.0006168852122010136, 'YCOR:IN10:522:BCTRL': 0.0004245993101585317, 'YCOR:IN10:642:BCTRL': -0.00168989597424977}
2026-07-01 23:35:45,371 - INFO - 11
2026-07-01 23:35:45,371 - INFO - Running Xopt step
2026-07-01 23:35:45,377 - INFO - evaluating point: {'XCOR:IN10:221:BCTRL': 0.0003513542482995271, 'XCOR:IN10:311:BCTRL': 0.0010197149897890434, 'XCOR:IN10:381:BCTRL': -1.2661357790019132e-05, 'XCOR:IN10:411:BCTRL': 0.0005859520437592699, 'XCOR:IN10:491:BCTRL': 0.0004725231523284509, 'XCOR:IN10:521:BCTRL': -0.001200787376273524, 'XCOR:IN10:641:BCTRL': -0.000249062803327852, 'YCOR:IN10:222:BCTRL': 0.0003072749375478955, 'YCOR:IN10:312:BCTRL': 0.0006427132489030174, 'YCOR:IN10:382:BCTRL': -0.0008606635299587341, 'YCOR:IN10:412:BCTRL': 0.0003049430714196694, 'YCOR:IN10:492:BCTRL': -0.000611472199279794, 'YCOR:IN10:522:BCTRL': 0.00041606284226768325, 'YCOR:IN10:642:BCTRL': -0.001690498400722438}
2026-07-01 23:35:45,589 - INFO - 12
2026-07-01 23:35:45,589 - INFO - Running Xopt step
2026-07-01 23:35:45,593 - INFO - evaluating point: {'XCOR:IN10:221:BCTRL': 0.0003524819758972493, 'XCOR:IN10:311:BCTRL': 0.0010209910117513024, 'XCOR:IN10:381:BCTRL': -1.062162889867522e-05, 'XCOR:IN10:411:BCTRL': 0.0005897971587287172, 'XCOR:IN10:491:BCTRL': 0.00047200802960467494, 'XCOR:IN10:521:BCTRL': -0.001194682629797743, 'XCOR:IN10:641:BCTRL': -0.0002528003128351986, 'YCOR:IN10:222:BCTRL': 0.000308781872523055, 'YCOR:IN10:312:BCTRL': 0.0006393746403888155, 'YCOR:IN10:382:BCTRL': -0.0008581766438396754, 'YCOR:IN10:412:BCTRL': 0.00029868471166381616, 'YCOR:IN10:492:BCTRL': -0.0006127317337899398, 'YCOR:IN10:522:BCTRL': 0.00040916957645655423, 'YCOR:IN10:642:BCTRL': -0.0016955696025685073}
2026-07-01 23:35:45,806 - INFO - 13
2026-07-01 23:35:45,806 - INFO - Running Xopt step
2026-07-01 23:35:45,810 - INFO - evaluating point: {'XCOR:IN10:221:BCTRL': 0.00035314105295575985, 'XCOR:IN10:311:BCTRL': 0.001023124478924899, 'XCOR:IN10:381:BCTRL': -1.0882386574564374e-05, 'XCOR:IN10:411:BCTRL': 0.0005941419727078094, 'XCOR:IN10:491:BCTRL': 0.00046592597004360253, 'XCOR:IN10:521:BCTRL': -0.0011897920817435658, 'XCOR:IN10:641:BCTRL': -0.00025913034287180527, 'YCOR:IN10:222:BCTRL': 0.0003093932028970134, 'YCOR:IN10:312:BCTRL': 0.0006357850258443305, 'YCOR:IN10:382:BCTRL': -0.00085955312875347, 'YCOR:IN10:412:BCTRL': 0.00029440885373096214, 'YCOR:IN10:492:BCTRL': -0.0006223942015979947, 'YCOR:IN10:522:BCTRL': 0.0004077685508548232, 'YCOR:IN10:642:BCTRL': -0.0017040118374011658}
2026-07-01 23:35:46,027 - INFO - 14
2026-07-01 23:35:46,028 - INFO - Running Xopt step
2026-07-01 23:35:46,032 - INFO - evaluating point: {'XCOR:IN10:221:BCTRL': 0.00035337050948489073, 'XCOR:IN10:311:BCTRL': 0.001025550250929343, 'XCOR:IN10:381:BCTRL': -1.2788887121790556e-05, 'XCOR:IN10:411:BCTRL': 0.0005980548563940282, 'XCOR:IN10:491:BCTRL': 0.0004569762299409321, 'XCOR:IN10:521:BCTRL': -0.001186920208048059, 'XCOR:IN10:641:BCTRL': -0.0002657891865655784, 'YCOR:IN10:222:BCTRL': 0.00030914163075051906, 'YCOR:IN10:312:BCTRL': 0.0006331259999971245, 'YCOR:IN10:382:BCTRL': -0.0008635829118532217, 'YCOR:IN10:412:BCTRL': 0.00029331462353444514, 'YCOR:IN10:492:BCTRL': -0.0006353729303646662, 'YCOR:IN10:522:BCTRL': 0.0004115169168156527, 'YCOR:IN10:642:BCTRL': -0.001711704948236852}
2026-07-01 23:35:46,244 - INFO - 15
2026-07-01 23:35:46,245 - INFO - Running Xopt step
2026-07-01 23:35:46,249 - INFO - evaluating point: {'XCOR:IN10:221:BCTRL': 0.000353166999448104, 'XCOR:IN10:311:BCTRL': 0.0010279840934383781, 'XCOR:IN10:381:BCTRL': -1.5995480404118804e-05, 'XCOR:IN10:411:BCTRL': 0.0006009981814865346, 'XCOR:IN10:491:BCTRL': 0.00044686227913970556, 'XCOR:IN10:521:BCTRL': -0.0011864962247251204, 'XCOR:IN10:641:BCTRL': -0.00027132427107839734, 'YCOR:IN10:222:BCTRL': 0.0003081124036389459, 'YCOR:IN10:312:BCTRL': 0.000632055884688337, 'YCOR:IN10:382:BCTRL': -0.0008691377140078591, 'YCOR:IN10:412:BCTRL': 0.000295643038834085, 'YCOR:IN10:492:BCTRL': -0.0006476156390202648, 'YCOR:IN10:522:BCTRL': 0.0004189510239077063, 'YCOR:IN10:642:BCTRL': -0.0017159438459060975}
2026-07-01 23:35:46,467 - INFO - 16
2026-07-01 23:35:46,467 - INFO - Running Xopt step
2026-07-01 23:35:46,471 - INFO - evaluating point: {'XCOR:IN10:221:BCTRL': 0.0003524954722036592, 'XCOR:IN10:311:BCTRL': 0.001030103962942092, 'XCOR:IN10:381:BCTRL': -2.012949491481861e-05, 'XCOR:IN10:411:BCTRL': 0.0006023602854120021, 'XCOR:IN10:491:BCTRL': 0.0004375234083933016, 'XCOR:IN10:521:BCTRL': -0.0011888754367229057, 'XCOR:IN10:641:BCTRL': -0.00027426663248423594, 'YCOR:IN10:222:BCTRL': 0.0003064823962586029, 'YCOR:IN10:312:BCTRL': 0.0006330242013459533, 'YCOR:IN10:382:BCTRL': -0.000874738403183979, 'YCOR:IN10:412:BCTRL': 0.0003008757795106351, 'YCOR:IN10:492:BCTRL': -0.0006549217121501452, 'YCOR:IN10:522:BCTRL': 0.0004274359400723403, 'YCOR:IN10:642:BCTRL': -0.0017148301137185447}
2026-07-01 23:35:46,686 - INFO - 17
2026-07-01 23:35:46,686 - INFO - Running Xopt step
2026-07-01 23:35:46,690 - INFO - evaluating point: {'XCOR:IN10:221:BCTRL': 0.0003515233593017348, 'XCOR:IN10:311:BCTRL': 0.0010317680013722309, 'XCOR:IN10:381:BCTRL': -2.4481139585107214e-05, 'XCOR:IN10:411:BCTRL': 0.0006022675937618966, 'XCOR:IN10:491:BCTRL': 0.00043034631150590355, 'XCOR:IN10:521:BCTRL': -0.0011931927848063922, 'XCOR:IN10:641:BCTRL': -0.0002744251859349839, 'YCOR:IN10:222:BCTRL': 0.00030467011160174195, 'YCOR:IN10:312:BCTRL': 0.0006355140252966361, 'YCOR:IN10:382:BCTRL': -0.0008790265551909194, 'YCOR:IN10:412:BCTRL': 0.00030714818568481847, 'YCOR:IN10:492:BCTRL': -0.0006558233367039422, 'YCOR:IN10:522:BCTRL': 0.0004340114755125074, 'YCOR:IN10:642:BCTRL': -0.00170935320442757}
2026-07-01 23:35:46,902 - INFO - 18
2026-07-01 23:35:46,902 - INFO - Running Xopt step
2026-07-01 23:35:46,906 - INFO - evaluating point: {'XCOR:IN10:221:BCTRL': 0.00035030407588932825, 'XCOR:IN10:311:BCTRL': 0.0010327050410137296, 'XCOR:IN10:381:BCTRL': -2.845969145023587e-05, 'XCOR:IN10:411:BCTRL': 0.0006005022246404572, 'XCOR:IN10:491:BCTRL': 0.00042691432706654575, 'XCOR:IN10:521:BCTRL': -0.0011989445433805376, 'XCOR:IN10:641:BCTRL': -0.00027142506520312014, 'YCOR:IN10:222:BCTRL': 0.0003030477750922679, 'YCOR:IN10:312:BCTRL': 0.0006390435425459117, 'YCOR:IN10:382:BCTRL': -0.0008807441475014632, 'YCOR:IN10:412:BCTRL': 0.00031264326967602574, 'YCOR:IN10:492:BCTRL': -0.0006494193754959523, 'YCOR:IN10:522:BCTRL': 0.0004361749010901917, 'YCOR:IN10:642:BCTRL': -0.0017010734827247421}
2026-07-01 23:35:47,125 - INFO - 19
2026-07-01 23:35:47,125 - INFO - Running Xopt step
2026-07-01 23:35:47,129 - INFO - evaluating point: {'XCOR:IN10:221:BCTRL': 0.00034898584342909377, 'XCOR:IN10:311:BCTRL': 0.0010327433382031602, 'XCOR:IN10:381:BCTRL': -3.137406990007286e-05, 'XCOR:IN10:411:BCTRL': 0.0005972693000620644, 'XCOR:IN10:491:BCTRL': 0.0004281188773884825, 'XCOR:IN10:521:BCTRL': -0.0012050138885134356, 'XCOR:IN10:641:BCTRL': -0.0002658717390909747, 'YCOR:IN10:222:BCTRL': 0.0003020257153030205, 'YCOR:IN10:312:BCTRL': 0.000642620287194737, 'YCOR:IN10:382:BCTRL': -0.0008792873607099958, 'YCOR:IN10:412:BCTRL': 0.0003154588898872746, 'YCOR:IN10:492:BCTRL': -0.0006376350544037416, 'YCOR:IN10:522:BCTRL': 0.00043293425536801775, 'YCOR:IN10:642:BCTRL': -0.0016931531028721205}
2026-07-01 23:35:47,348 - INFO - 20
2026-07-01 23:35:47,348 - INFO - Running Xopt step
2026-07-01 23:35:47,352 - INFO - evaluating point: {'XCOR:IN10:221:BCTRL': 0.00034773357720138735, 'XCOR:IN10:311:BCTRL': 0.0010319729819503539, 'XCOR:IN10:381:BCTRL': -3.2887566046069594e-05, 'XCOR:IN10:411:BCTRL': 0.000593188279050785, 'XCOR:IN10:491:BCTRL': 0.0004333527521570201, 'XCOR:IN10:521:BCTRL': -0.0012102490077859737, 'XCOR:IN10:641:BCTRL': -0.0002592052158185806, 'YCOR:IN10:222:BCTRL': 0.0003017893885218243, 'YCOR:IN10:312:BCTRL': 0.0006452810695552459, 'YCOR:IN10:382:BCTRL': -0.0008752604386920581, 'YCOR:IN10:412:BCTRL': 0.00031487089158669106, 'YCOR:IN10:492:BCTRL': -0.0006245129427582219, 'YCOR:IN10:522:BCTRL': 0.0004257738920110012, 'YCOR:IN10:642:BCTRL': -0.0016884665904906206}
2026-07-01 23:35:47,575 - INFO - 21
2026-07-01 23:35:47,575 - INFO - Running Xopt step
2026-07-01 23:35:47,580 - INFO - evaluating point: {'XCOR:IN10:221:BCTRL': 0.0003466433940373446, 'XCOR:IN10:311:BCTRL': 0.0010305877233181189, 'XCOR:IN10:381:BCTRL': -3.3022917469032506e-05, 'XCOR:IN10:411:BCTRL': 0.0005888377522929369, 'XCOR:IN10:491:BCTRL': 0.0004413655882774099, 'XCOR:IN10:521:BCTRL': -0.0012139939700152732, 'XCOR:IN10:641:BCTRL': -0.0002527488816732244, 'YCOR:IN10:222:BCTRL': 0.00030229568783568555, 'YCOR:IN10:312:BCTRL': 0.0006465316303204017, 'YCOR:IN10:382:BCTRL': -0.0008697994107821122, 'YCOR:IN10:412:BCTRL': 0.00031133536266830195, 'YCOR:IN10:492:BCTRL': -0.0006136144511397429, 'YCOR:IN10:522:BCTRL': 0.0004172203322260214, 'YCOR:IN10:642:BCTRL': -0.001688200476396228}
2026-07-01 23:35:47,794 - INFO - 22
2026-07-01 23:35:47,794 - INFO - Running Xopt step
2026-07-01 23:35:47,799 - INFO - evaluating point: {'XCOR:IN10:221:BCTRL': 0.00034602887823390234, 'XCOR:IN10:311:BCTRL': 0.0010284083161730048, 'XCOR:IN10:381:BCTRL': -3.0926731113381704e-05, 'XCOR:IN10:411:BCTRL': 0.0005850231217943389, 'XCOR:IN10:491:BCTRL': 0.00045147074048634627, 'XCOR:IN10:521:BCTRL': -0.0012144883696111194, 'XCOR:IN10:641:BCTRL': -0.0002486029641857083, 'YCOR:IN10:222:BCTRL': 0.00030372286302416383, 'YCOR:IN10:312:BCTRL': 0.0006453589517982179, 'YCOR:IN10:382:BCTRL': -0.0008642959223238115, 'YCOR:IN10:412:BCTRL': 0.0003052603306063689, 'YCOR:IN10:492:BCTRL': -0.0006102199260601096, 'YCOR:IN10:522:BCTRL': 0.00041082551280632797, 'YCOR:IN10:642:BCTRL': -0.0016938873460356665}
2026-07-01 23:35:48,012 - INFO - 23
2026-07-01 23:35:48,012 - INFO - Running Xopt step
2026-07-01 23:35:48,016 - INFO - evaluating point: {'XCOR:IN10:221:BCTRL': 0.0003458565995634215, 'XCOR:IN10:311:BCTRL': 0.0010259660706967517, 'XCOR:IN10:381:BCTRL': -2.7513981692061286e-05, 'XCOR:IN10:411:BCTRL': 0.0005823215399492474, 'XCOR:IN10:491:BCTRL': 0.0004609497787506598, 'XCOR:IN10:521:BCTRL': -0.0012123200010565583, 'XCOR:IN10:641:BCTRL': -0.0002474261333718341, 'YCOR:IN10:222:BCTRL': 0.0003055076705167628, 'YCOR:IN10:312:BCTRL': 0.0006425676003855373, 'YCOR:IN10:382:BCTRL': -0.0008604932903828027, 'YCOR:IN10:412:BCTRL': 0.00029928792649869864, 'YCOR:IN10:492:BCTRL': -0.0006143377257918066, 'YCOR:IN10:522:BCTRL': 0.0004089512229030216, 'YCOR:IN10:642:BCTRL': -0.0017022372705302246}
2026-07-01 23:35:48,233 - INFO - 24
2026-07-01 23:35:48,233 - INFO - Running Xopt step
2026-07-01 23:35:48,240 - INFO - evaluating point: {'XCOR:IN10:221:BCTRL': 0.0003460234750237541, 'XCOR:IN10:311:BCTRL': 0.001023522515789119, 'XCOR:IN10:381:BCTRL': -2.3450831002663967e-05, 'XCOR:IN10:411:BCTRL': 0.0005807607037779275, 'XCOR:IN10:491:BCTRL': 0.00046863599024286423, 'XCOR:IN10:521:BCTRL': -0.0012083339335885754, 'XCOR:IN10:641:BCTRL': -0.0002488716642329392, 'YCOR:IN10:222:BCTRL': 0.0003072780719122225, 'YCOR:IN10:312:BCTRL': 0.0006390134072053023, 'YCOR:IN10:382:BCTRL': -0.0008589061774707967, 'YCOR:IN10:412:BCTRL': 0.0002949081511907869, 'YCOR:IN10:492:BCTRL': -0.0006237934377676087, 'YCOR:IN10:522:BCTRL': 0.00041153275249111964, 'YCOR:IN10:642:BCTRL': -0.0017103963088738183}
2026-07-01 23:35:48,453 - INFO - 25
2026-07-01 23:35:48,453 - INFO - Running Xopt step
2026-07-01 23:35:48,457 - INFO - evaluating point: {'XCOR:IN10:221:BCTRL': 0.0003466983853426972, 'XCOR:IN10:311:BCTRL': 0.0010214064004462555, 'XCOR:IN10:381:BCTRL': -1.9115279287858894e-05, 'XCOR:IN10:411:BCTRL': 0.0005811459237238042, 'XCOR:IN10:491:BCTRL': 0.00047220918629768433, 'XCOR:IN10:521:BCTRL': -0.0012026135198389253, 'XCOR:IN10:641:BCTRL': -0.00025351275576619215, 'YCOR:IN10:222:BCTRL': 0.00030858977492299563, 'YCOR:IN10:312:BCTRL': 0.0006354979037453759, 'YCOR:IN10:382:BCTRL': -0.0008606932610632751, 'YCOR:IN10:412:BCTRL': 0.00029405709992301037, 'YCOR:IN10:492:BCTRL': -0.0006368520082299393, 'YCOR:IN10:522:BCTRL': 0.00041866939451625304, 'YCOR:IN10:642:BCTRL': -0.0017151188656295976}
2026-07-01 23:35:48,679 - INFO - 26
2026-07-01 23:35:48,679 - INFO - Running Xopt step
2026-07-01 23:35:48,684 - INFO - evaluating point: {'XCOR:IN10:221:BCTRL': 0.00034775736820306144, 'XCOR:IN10:311:BCTRL': 0.0010199390764228853, 'XCOR:IN10:381:BCTRL': -1.535714472380053e-05, 'XCOR:IN10:411:BCTRL': 0.000583341789766367, 'XCOR:IN10:491:BCTRL': 0.0004709464558541985, 'XCOR:IN10:521:BCTRL': -0.0011965484749886792, 'XCOR:IN10:641:BCTRL': -0.0002599765735151334, 'YCOR:IN10:222:BCTRL': 0.0003090890854789518, 'YCOR:IN10:312:BCTRL': 0.000633165974821338, 'YCOR:IN10:382:BCTRL': -0.0008651950747054364, 'YCOR:IN10:412:BCTRL': 0.00029698216764134335, 'YCOR:IN10:492:BCTRL': -0.0006485185883623651, 'YCOR:IN10:522:BCTRL': 0.0004271997269333089, 'YCOR:IN10:642:BCTRL': -0.0017144350304440573}
2026-07-01 23:35:48,904 - INFO - 27
2026-07-01 23:35:48,904 - INFO - Running Xopt step
2026-07-01 23:35:48,909 - INFO - evaluating point: {'XCOR:IN10:221:BCTRL': 0.00034903125923133754, 'XCOR:IN10:311:BCTRL': 0.0010193044623555082, 'XCOR:IN10:381:BCTRL': -1.2829537107080195e-05, 'XCOR:IN10:411:BCTRL': 0.0005868853194775939, 'XCOR:IN10:491:BCTRL': 0.00046528768601213435, 'XCOR:IN10:521:BCTRL': -0.0011914765873073632, 'XCOR:IN10:641:BCTRL': -0.0002665186001227542, 'YCOR:IN10:222:BCTRL': 0.0003086703053596748, 'YCOR:IN10:312:BCTRL': 0.0006327019258069856, 'YCOR:IN10:382:BCTRL': -0.0008709526353338362, 'YCOR:IN10:412:BCTRL': 0.0003025443605666018, 'YCOR:IN10:492:BCTRL': -0.0006546626714114635, 'YCOR:IN10:522:BCTRL': 0.00043359494027103896, 'YCOR:IN10:642:BCTRL': -0.001708748603791811}
2026-07-01 23:35:49,127 - INFO - 28
2026-07-01 23:35:49,127 - INFO - Running Xopt step
2026-07-01 23:35:49,131 - INFO - evaluating point: {'XCOR:IN10:221:BCTRL': 0.0003503241585099266, 'XCOR:IN10:311:BCTRL': 0.0010197865419622853, 'XCOR:IN10:381:BCTRL': -1.2320624712022086e-05, 'XCOR:IN10:411:BCTRL': 0.0005912080976644324, 'XCOR:IN10:491:BCTRL': 0.0004560779617185473, 'XCOR:IN10:521:BCTRL': -0.001188920918435258, 'XCOR:IN10:641:BCTRL': -0.0002710797250648373, 'YCOR:IN10:222:BCTRL': 0.00030733836982402605, 'YCOR:IN10:312:BCTRL': 0.0006345094083699775, 'YCOR:IN10:382:BCTRL': -0.0008760144116226224, 'YCOR:IN10:412:BCTRL': 0.0003087099268158863, 'YCOR:IN10:492:BCTRL': -0.0006520833768821993, 'YCOR:IN10:522:BCTRL': 0.0004345955116589966, 'YCOR:IN10:642:BCTRL': -0.001700249600402939}
2026-07-01 23:35:49,343 - INFO - 29
2026-07-01 23:35:49,343 - INFO - Running Xopt step
2026-07-01 23:35:49,347 - INFO - evaluating point: {'XCOR:IN10:221:BCTRL': 0.00035149531653075317, 'XCOR:IN10:311:BCTRL': 0.001020917766671662, 'XCOR:IN10:381:BCTRL': -1.321876045718824e-05, 'XCOR:IN10:411:BCTRL': 0.0005954670594230897, 'XCOR:IN10:491:BCTRL': 0.0004459587249107145, 'XCOR:IN10:521:BCTRL': -0.0011885455746241521, 'XCOR:IN10:641:BCTRL': -0.0002732631554715315, 'YCOR:IN10:222:BCTRL': 0.00030562381981773365, 'YCOR:IN10:312:BCTRL': 0.0006375590620008845, 'YCOR:IN10:382:BCTRL': -0.000879291328445543, 'YCOR:IN10:412:BCTRL': 0.00031351245082029034, 'YCOR:IN10:492:BCTRL': -0.0006435774031490672, 'YCOR:IN10:522:BCTRL': 0.00043101067544905856, 'YCOR:IN10:642:BCTRL': -0.0016924789407749296}
2026-07-01 23:35:49,568 - INFO - 30
2026-07-01 23:35:49,568 - INFO - Running Xopt step
2026-07-01 23:35:49,572 - INFO - evaluating point: {'XCOR:IN10:221:BCTRL': 0.00035237091626031395, 'XCOR:IN10:311:BCTRL': 0.0010227593956318763, 'XCOR:IN10:381:BCTRL': -1.574797289334333e-05, 'XCOR:IN10:411:BCTRL': 0.000599009443864571, 'XCOR:IN10:491:BCTRL': 0.00043660358926235124, 'XCOR:IN10:521:BCTRL': -0.001190901444080643, 'XCOR:IN10:641:BCTRL': -0.00027211729345093716, 'YCOR:IN10:222:BCTRL': 0.00030383754823529706, 'YCOR:IN10:312:BCTRL': 0.0006412488961197239, 'YCOR:IN10:382:BCTRL': -0.000879599625332331, 'YCOR:IN10:412:BCTRL': 0.0003152351090139364, 'YCOR:IN10:492:BCTRL': -0.0006309019124042238, 'YCOR:IN10:522:BCTRL': 0.00042350858870809715, 'YCOR:IN10:642:BCTRL': -0.001688361551281871}
2026-07-01 23:35:49,789 - INFO - 31
2026-07-01 23:35:49,790 - INFO - Running Xopt step
2026-07-01 23:35:49,794 - INFO - evaluating point: {'XCOR:IN10:221:BCTRL': 0.00035269891950132944, 'XCOR:IN10:311:BCTRL': 0.0010251453084905262, 'XCOR:IN10:381:BCTRL': -1.970263910078077e-05, 'XCOR:IN10:411:BCTRL': 0.0006008276897957373, 'XCOR:IN10:491:BCTRL': 0.0004307917399570786, 'XCOR:IN10:521:BCTRL': -0.001195910011103577, 'XCOR:IN10:641:BCTRL': -0.0002673846557556417, 'YCOR:IN10:222:BCTRL': 0.0003025498406687339, 'YCOR:IN10:312:BCTRL': 0.0006442958664457561, 'YCOR:IN10:382:BCTRL': -0.0008763165567848226, 'YCOR:IN10:412:BCTRL': 0.0003126613229838351, 'YCOR:IN10:492:BCTRL': -0.0006188770271203066, 'YCOR:IN10:522:BCTRL': 0.0004152007644088645, 'YCOR:IN10:642:BCTRL': -0.0016904144168691751}
2026-07-01 23:35:50,012 - INFO - 32
2026-07-01 23:35:50,013 - INFO - Running Xopt step
2026-07-01 23:35:50,020 - INFO - evaluating point: {'XCOR:IN10:221:BCTRL': 0.00035266511234648487, 'XCOR:IN10:311:BCTRL': 0.0010276078661441838, 'XCOR:IN10:381:BCTRL': -2.4029442392910255e-05, 'XCOR:IN10:411:BCTRL': 0.000601301162445072, 'XCOR:IN10:491:BCTRL': 0.00042834605394256257, 'XCOR:IN10:521:BCTRL': -0.0012018421329974363, 'XCOR:IN10:641:BCTRL': -0.00026113610556811477, 'YCOR:IN10:222:BCTRL': 0.00030188034770478226, 'YCOR:IN10:312:BCTRL': 0.0006461090934710272, 'YCOR:IN10:382:BCTRL': -0.0008712598511975052, 'YCOR:IN10:412:BCTRL': 0.00030764694090323983, 'YCOR:IN10:492:BCTRL': -0.0006109264432686439, 'YCOR:IN10:522:BCTRL': 0.0004091689865668089, 'YCOR:IN10:642:BCTRL': -0.0016964849899698425}
2026-07-01 23:35:50,237 - INFO - 33
2026-07-01 23:35:50,237 - INFO - Running Xopt step
2026-07-01 23:35:50,242 - INFO - evaluating point: {'XCOR:IN10:221:BCTRL': 0.000352089195248103, 'XCOR:IN10:311:BCTRL': 0.0010298237703179596, 'XCOR:IN10:381:BCTRL': -2.8099495712827076e-05, 'XCOR:IN10:411:BCTRL': 0.0005997584152034654, 'XCOR:IN10:491:BCTRL': 0.0004310752359843374, 'XCOR:IN10:521:BCTRL': -0.0012077291334688027, 'XCOR:IN10:641:BCTRL': -0.0002545242243680622, 'YCOR:IN10:222:BCTRL': 0.000302209875263276, 'YCOR:IN10:312:BCTRL': 0.0006457658168951774, 'YCOR:IN10:382:BCTRL': -0.0008654814407293513, 'YCOR:IN10:412:BCTRL': 0.0003013598399039978, 'YCOR:IN10:492:BCTRL': -0.0006109696213790922, 'YCOR:IN10:522:BCTRL': 0.0004084298072083466, 'YCOR:IN10:642:BCTRL': -0.0017050107049300367}
2026-07-01 23:35:50,456 - INFO - 34
2026-07-01 23:35:50,456 - INFO - Running Xopt step
2026-07-01 23:35:50,462 - INFO - evaluating point: {'XCOR:IN10:221:BCTRL': 0.00035116503340373384, 'XCOR:IN10:311:BCTRL': 0.0010315806053212368, 'XCOR:IN10:381:BCTRL': -3.133748509305606e-05, 'XCOR:IN10:411:BCTRL': 0.0005968496649818109, 'XCOR:IN10:491:BCTRL': 0.00043750524632525846, 'XCOR:IN10:521:BCTRL': -0.001212455111582595, 'XCOR:IN10:641:BCTRL': -0.00024913955826511193, 'YCOR:IN10:222:BCTRL': 0.0003032955536652632, 'YCOR:IN10:312:BCTRL': 0.0006436878393145725, 'YCOR:IN10:382:BCTRL': -0.000860682592933824, 'YCOR:IN10:412:BCTRL': 0.0002960076951751883, 'YCOR:IN10:492:BCTRL': -0.0006178851467877786, 'YCOR:IN10:522:BCTRL': 0.0004125886959245641, 'YCOR:IN10:642:BCTRL': -0.0017124898657354063}
2026-07-01 23:35:50,682 - INFO - 35
2026-07-01 23:35:50,682 - INFO - Running Xopt step
2026-07-01 23:35:50,686 - INFO - evaluating point: {'XCOR:IN10:221:BCTRL': 0.000349972798874793, 'XCOR:IN10:311:BCTRL': 0.0010326321601546742, 'XCOR:IN10:381:BCTRL': -3.3195523169977856e-05, 'XCOR:IN10:411:BCTRL': 0.0005929135377502342, 'XCOR:IN10:491:BCTRL': 0.00044667347140994425, 'XCOR:IN10:521:BCTRL': -0.0012150644573105166, 'XCOR:IN10:641:BCTRL': -0.00024626927796439816, 'YCOR:IN10:222:BCTRL': 0.0003049348761425568, 'YCOR:IN10:312:BCTRL': 0.0006403463682757396, 'YCOR:IN10:382:BCTRL': -0.0008582052088312617, 'YCOR:IN10:412:BCTRL': 0.0002933238623974124, 'YCOR:IN10:492:BCTRL': -0.0006298038393978702, 'YCOR:IN10:522:BCTRL': 0.00042032750583668397, 'YCOR:IN10:642:BCTRL': -0.0017161429497544965}
2026-07-01 23:35:50,901 - INFO - 36
2026-07-01 23:35:50,901 - INFO - Running Xopt step
2026-07-01 23:35:50,905 - INFO - evaluating point: {'XCOR:IN10:221:BCTRL': 0.0003486549276903863, 'XCOR:IN10:311:BCTRL': 0.0010327013809297897, 'XCOR:IN10:381:BCTRL': -3.312250624635565e-05, 'XCOR:IN10:411:BCTRL': 0.0005885615184939217, 'XCOR:IN10:491:BCTRL': 0.00045679257547291284, 'XCOR:IN10:521:BCTRL': -0.0012146878148125298, 'XCOR:IN10:641:BCTRL': -0.00024698426122264443, 'YCOR:IN10:222:BCTRL': 0.0003067373871010905, 'YCOR:IN10:312:BCTRL': 0.0006366935936547586, 'YCOR:IN10:382:BCTRL': -0.0008590805979789212, 'YCOR:IN10:412:BCTRL': 0.0002945500896451577, 'YCOR:IN10:492:BCTRL': -0.0006427306088773804, 'YCOR:IN10:522:BCTRL': 0.00042863752609835476, 'YCOR:IN10:642:BCTRL': -0.00171409899159517}
2026-07-01 23:35:51,127 - INFO - 37
2026-07-01 23:35:51,127 - INFO - Running Xopt step
2026-07-01 23:35:51,131 - INFO - evaluating point: {'XCOR:IN10:221:BCTRL': 0.0003473600052482181, 'XCOR:IN10:311:BCTRL': 0.0010322386472185882, 'XCOR:IN10:381:BCTRL': -3.1924952050669096e-05, 'XCOR:IN10:411:BCTRL': 0.0005843768719106552, 'XCOR:IN10:491:BCTRL': 0.0004662503852026278, 'XCOR:IN10:521:BCTRL': -0.0012124860074686676, 'XCOR:IN10:641:BCTRL': -0.00024995876613945965, 'YCOR:IN10:222:BCTRL': 0.0003083631484554122, 'YCOR:IN10:312:BCTRL': 0.0006335396301980922, 'YCOR:IN10:382:BCTRL': -0.0008621041552391024, 'YCOR:IN10:412:BCTRL': 0.0002982934706350207, 'YCOR:IN10:492:BCTRL': -0.0006533196787262494, 'YCOR:IN10:522:BCTRL': 0.00043502859538434324, 'YCOR:IN10:642:BCTRL': -0.0017084079077714898}
2026-07-01 23:35:51,346 - INFO - 38
2026-07-01 23:35:51,346 - INFO - Running Xopt step
2026-07-01 23:35:51,351 - INFO - evaluating point: {'XCOR:IN10:221:BCTRL': 0.0003462136957714377, 'XCOR:IN10:311:BCTRL': 0.001031021802901653, 'XCOR:IN10:381:BCTRL': -2.928630891695732e-05, 'XCOR:IN10:411:BCTRL': 0.0005809152298882378, 'XCOR:IN10:491:BCTRL': 0.0004734154374736097, 'XCOR:IN10:521:BCTRL': -0.0012081613930306561, 'XCOR:IN10:641:BCTRL': -0.00025531066067930756, 'YCOR:IN10:222:BCTRL': 0.000309460541942034, 'YCOR:IN10:312:BCTRL': 0.0006317178206190228, 'YCOR:IN10:382:BCTRL': -0.0008671532453840829, 'YCOR:IN10:412:BCTRL': 0.0003041299126559779, 'YCOR:IN10:492:BCTRL': -0.0006582198843173689, 'YCOR:IN10:522:BCTRL': 0.00043711512349291687, 'YCOR:IN10:642:BCTRL': -0.0017001084739258236}
2026-07-01 23:35:51,576 - INFO - 39
2026-07-01 23:35:51,576 - INFO - Running Xopt step
2026-07-01 23:35:51,581 - INFO - evaluating point: {'XCOR:IN10:221:BCTRL': 0.00034542984952912274, 'XCOR:IN10:311:BCTRL': 0.0010290411058593357, 'XCOR:IN10:381:BCTRL': -2.5380694245942924e-05, 'XCOR:IN10:411:BCTRL': 0.0005789938821529208, 'XCOR:IN10:491:BCTRL': 0.00047619445762177304, 'XCOR:IN10:521:BCTRL': -0.0012022828742427544, 'XCOR:IN10:641:BCTRL': -0.00026200220956222543, 'YCOR:IN10:222:BCTRL': 0.00030963817031853314, 'YCOR:IN10:312:BCTRL': 0.0006320181768088913, 'YCOR:IN10:382:BCTRL': -0.0008729375494743437, 'YCOR:IN10:412:BCTRL': 0.00031020428694610003, 'YCOR:IN10:492:BCTRL': -0.0006548201902195622, 'YCOR:IN10:522:BCTRL': 0.00043346684911362167, 'YCOR:IN10:642:BCTRL': -0.0016923673954635009}
2026-07-01 23:35:51,796 - INFO - 40
2026-07-01 23:35:51,796 - INFO - Running Xopt step
2026-07-01 23:35:51,801 - INFO - evaluating point: {'XCOR:IN10:221:BCTRL': 0.0003450348935197557, 'XCOR:IN10:311:BCTRL': 0.0010266908731620921, 'XCOR:IN10:381:BCTRL': -2.104193023464186e-05, 'XCOR:IN10:411:BCTRL': 0.0005786467079420566, 'XCOR:IN10:491:BCTRL': 0.00047473402709232034, 'XCOR:IN10:521:BCTRL': -0.0011962339847551274, 'XCOR:IN10:641:BCTRL': -0.00026827363506742174, 'YCOR:IN10:222:BCTRL': 0.00030898440915734705, 'YCOR:IN10:312:BCTRL': 0.0006340842388442442, 'YCOR:IN10:382:BCTRL': -0.0008777490719796459, 'YCOR:IN10:412:BCTRL': 0.0003145038301618493, 'YCOR:IN10:492:BCTRL': -0.0006452040216668543, 'YCOR:IN10:522:BCTRL': 0.0004260773541262479, 'YCOR:IN10:642:BCTRL': -0.0016880511974214695}
2026-07-01 23:35:52,014 - INFO - 41
2026-07-01 23:35:52,014 - INFO - Running Xopt step
2026-07-01 23:35:52,018 - INFO - evaluating point: {'XCOR:IN10:221:BCTRL': 0.00034505538988094825, 'XCOR:IN10:311:BCTRL': 0.0010242278031901946, 'XCOR:IN10:381:BCTRL': -1.686466418218214e-05, 'XCOR:IN10:411:BCTRL': 0.000579869757984131, 'XCOR:IN10:491:BCTRL': 0.0004693993884809956, 'XCOR:IN10:521:BCTRL': -0.0011910359698973306, 'XCOR:IN10:641:BCTRL': -0.0002728441577094848, 'YCOR:IN10:222:BCTRL': 0.0003076548172616994, 'YCOR:IN10:312:BCTRL': 0.0006373649128811246, 'YCOR:IN10:382:BCTRL': -0.0008804193896531398, 'YCOR:IN10:412:BCTRL': 0.00031580738793653883, 'YCOR:IN10:492:BCTRL': -0.0006323105481486237, 'YCOR:IN10:522:BCTRL': 0.00041753527487424627, 'YCOR:IN10:642:BCTRL': -0.0016885679988910694}
2026-07-01 23:35:52,230 - INFO - 42
2026-07-01 23:35:52,230 - INFO - Running Xopt step
2026-07-01 23:35:52,234 - INFO - evaluating point: {'XCOR:IN10:221:BCTRL': 0.0003456450868756882, 'XCOR:IN10:311:BCTRL': 0.0010220245882246479, 'XCOR:IN10:381:BCTRL': -1.376385754513381e-05, 'XCOR:IN10:411:BCTRL': 0.0005829243285395589, 'XCOR:IN10:491:BCTRL': 0.00046040086337182935, 'XCOR:IN10:521:BCTRL': -0.0011882200574431445, 'XCOR:IN10:641:BCTRL': -0.0002739458620100695, 'YCOR:IN10:222:BCTRL': 0.0003058665275566927, 'YCOR:IN10:312:BCTRL': 0.0006410187110025836, 'YCOR:IN10:382:BCTRL': -0.0008795546015486186, 'YCOR:IN10:412:BCTRL': 0.00031299524630394344, 'YCOR:IN10:492:BCTRL': -0.0006205225773912248, 'YCOR:IN10:522:BCTRL': 0.0004114387866952438, 'YCOR:IN10:642:BCTRL': -0.0016945735824255598}
2026-07-01 23:35:52,448 - INFO - 43
2026-07-01 23:35:52,448 - INFO - Running Xopt step
2026-07-01 23:35:52,452 - INFO - evaluating point: {'XCOR:IN10:221:BCTRL': 0.00034648351564674673, 'XCOR:IN10:311:BCTRL': 0.0010201235290021693, 'XCOR:IN10:381:BCTRL': -1.159160666044723e-05, 'XCOR:IN10:411:BCTRL': 0.0005866961622013776, 'XCOR:IN10:491:BCTRL': 0.0004503976737402258, 'XCOR:IN10:521:BCTRL': -0.00118722519857457, 'XCOR:IN10:641:BCTRL': -0.00027263931606642285, 'YCOR:IN10:222:BCTRL': 0.00030408829154501653, 'YCOR:IN10:312:BCTRL': 0.0006441599217981152, 'YCOR:IN10:382:BCTRL': -0.000876498470550989, 'YCOR:IN10:412:BCTRL': 0.0003080175328154601, 'YCOR:IN10:492:BCTRL': -0.000612471370018264, 'YCOR:IN10:522:BCTRL': 0.0004089251780882622, 'YCOR:IN10:642:BCTRL': -0.0017027538008503554}
2026-07-01 23:35:52,674 - INFO - 44
2026-07-01 23:35:52,675 - INFO - Running Xopt step
2026-07-01 23:35:52,679 - INFO - evaluating point: {'XCOR:IN10:221:BCTRL': 0.0003476421026953507, 'XCOR:IN10:311:BCTRL': 0.0010189479800046918, 'XCOR:IN10:381:BCTRL': -1.1184965954137012e-05, 'XCOR:IN10:411:BCTRL': 0.0005910297572925717, 'XCOR:IN10:491:BCTRL': 0.00044074367471023723, 'XCOR:IN10:521:BCTRL': -0.0011890919996199341, 'XCOR:IN10:641:BCTRL': -0.0002682346753109633, 'YCOR:IN10:222:BCTRL': 0.0003027186087883677, 'YCOR:IN10:312:BCTRL': 0.0006457757861313867, 'YCOR:IN10:382:BCTRL': -0.0008712792978403689, 'YCOR:IN10:412:BCTRL': 0.00030173784624847847, 'YCOR:IN10:492:BCTRL': -0.0006118300184125671, 'YCOR:IN10:522:BCTRL': 0.00041190166454732353, 'YCOR:IN10:642:BCTRL': -0.0017107771872965814}
2026-07-01 23:35:52,891 - INFO - 45
2026-07-01 23:35:52,892 - INFO - Running Xopt step
2026-07-01 23:35:52,895 - INFO - evaluating point: {'XCOR:IN10:221:BCTRL': 0.000348941233163034, 'XCOR:IN10:311:BCTRL': 0.001018528440300533, 'XCOR:IN10:381:BCTRL': -1.2378020194989187e-05, 'XCOR:IN10:411:BCTRL': 0.0005952156890474902, 'XCOR:IN10:491:BCTRL': 0.0004331648830695725, 'XCOR:IN10:521:BCTRL': -0.001193152148878811, 'XCOR:IN10:641:BCTRL': -0.0002620299448586688, 'YCOR:IN10:222:BCTRL': 0.00030202012072644166, 'YCOR:IN10:312:BCTRL': 0.0006455791037607706, 'YCOR:IN10:382:BCTRL': -0.0008654840161733112, 'YCOR:IN10:412:BCTRL': 0.00029622656534720033, 'YCOR:IN10:492:BCTRL': -0.0006181725180351999, 'YCOR:IN10:522:BCTRL': 0.0004188668660044193, 'YCOR:IN10:642:BCTRL': -0.0017157491255874824}
2026-07-01 23:35:53,107 - INFO - 46
2026-07-01 23:35:53,107 - INFO - Running Xopt step
2026-07-01 23:35:53,111 - INFO - evaluating point: {'XCOR:IN10:221:BCTRL': 0.00035023346295864275, 'XCOR:IN10:311:BCTRL': 0.0010190167464483371, 'XCOR:IN10:381:BCTRL': -1.5159452601593705e-05, 'XCOR:IN10:411:BCTRL': 0.0005985636790184939, 'XCOR:IN10:491:BCTRL': 0.00042936775955363483, 'XCOR:IN10:521:BCTRL': -0.001198819880608096, 'XCOR:IN10:641:BCTRL': -0.00025534652199038477, 'YCOR:IN10:222:BCTRL': 0.00030221874534805735, 'YCOR:IN10:312:BCTRL': 0.0006434821576457539, 'YCOR:IN10:382:BCTRL': -0.000860705566004827, 'YCOR:IN10:412:BCTRL': 0.00029335876939032664, 'YCOR:IN10:492:BCTRL': -0.0006299014169848842, 'YCOR:IN10:522:BCTRL': 0.0004274228479124939, 'YCOR:IN10:642:BCTRL': -0.0017155777333614116}
2026-07-01 23:35:53,326 - INFO - 47
2026-07-01 23:35:53,326 - INFO - Running Xopt step
2026-07-01 23:35:53,330 - INFO - evaluating point: {'XCOR:IN10:221:BCTRL': 0.0003513775534356697, 'XCOR:IN10:311:BCTRL': 0.0010202408598180602, 'XCOR:IN10:381:BCTRL': -1.895353865117566e-05, 'XCOR:IN10:411:BCTRL': 0.0006006968255504551, 'XCOR:IN10:491:BCTRL': 0.0004296351270230427, 'XCOR:IN10:521:BCTRL': -0.001204930396352175, 'XCOR:IN10:641:BCTRL': -0.00024966734885700217, 'YCOR:IN10:222:BCTRL': 0.00030318923950102463, 'YCOR:IN10:312:BCTRL': 0.000640183267182564, 'YCOR:IN10:382:BCTRL': -0.0008580911959136322, 'YCOR:IN10:412:BCTRL': 0.0002938063789051193, 'YCOR:IN10:492:BCTRL': -0.000643047851174622, 'YCOR:IN10:522:BCTRL': 0.00043443806242979315, 'YCOR:IN10:642:BCTRL': -0.0017106766144093016}
2026-07-01 23:35:53,545 - INFO - 48
2026-07-01 23:35:53,546 - INFO - Running Xopt step
2026-07-01 23:35:53,550 - INFO - evaluating point: {'XCOR:IN10:221:BCTRL': 0.0003522307105747903, 'XCOR:IN10:311:BCTRL': 0.001022118903058273, 'XCOR:IN10:381:BCTRL': -2.3274680357456833e-05, 'XCOR:IN10:411:BCTRL': 0.0006012194510690513, 'XCOR:IN10:491:BCTRL': 0.0004341639688508452, 'XCOR:IN10:521:BCTRL': -0.0012103992680419138, 'XCOR:IN10:641:BCTRL': -0.00024630142632507364, 'YCOR:IN10:222:BCTRL': 0.00030475854220871155, 'YCOR:IN10:312:BCTRL': 0.0006364946795117913, 'YCOR:IN10:382:BCTRL': -0.0008584343198250387, 'YCOR:IN10:412:BCTRL': 0.0002975741090959381, 'YCOR:IN10:492:BCTRL': -0.0006535989021946135, 'YCOR:IN10:522:BCTRL': 0.00043733032297998644, 'YCOR:IN10:642:BCTRL': -0.001702622483132978}
2026-07-01 23:35:53,772 - INFO - 49
2026-07-01 23:35:53,772 - INFO - Running Xopt step
2026-07-01 23:35:53,777 - INFO - evaluating point: {'XCOR:IN10:221:BCTRL': 0.0003526953957510002, 'XCOR:IN10:311:BCTRL': 0.0010244241853666343, 'XCOR:IN10:381:BCTRL': -2.7471799839016357e-05, 'XCOR:IN10:411:BCTRL': 0.0006000663720882507, 'XCOR:IN10:491:BCTRL': 0.00044208310602232136, 'XCOR:IN10:521:BCTRL': -0.0012142159943733782, 'XCOR:IN10:641:BCTRL': -0.00024599194605538755, 'YCOR:IN10:222:BCTRL': 0.0003065694097407164, 'YCOR:IN10:312:BCTRL': 0.0006334085225652218, 'YCOR:IN10:382:BCTRL': -0.0008616258191926619, 'YCOR:IN10:412:BCTRL': 0.00030345777015142796, 'YCOR:IN10:492:BCTRL': -0.0006582443302888933, 'YCOR:IN10:522:BCTRL': 0.00043506325727781853, 'YCOR:IN10:642:BCTRL': -0.001694370537010486}
2026-07-01 23:35:53,994 - INFO - 50
2026-07-01 23:35:53,994 - INFO - Running Xopt step
2026-07-01 23:35:54,001 - INFO - evaluating point: {'XCOR:IN10:221:BCTRL': 0.00035275608302617623, 'XCOR:IN10:311:BCTRL': 0.0010268849418724475, 'XCOR:IN10:381:BCTRL': -3.099613785932022e-05, 'XCOR:IN10:411:BCTRL': 0.0005975120728502813, 'XCOR:IN10:491:BCTRL': 0.0004518529604565884, 'XCOR:IN10:521:BCTRL': -0.0012158490614903878, 'XCOR:IN10:641:BCTRL': -0.00024862738810708116, 'YCOR:IN10:222:BCTRL': 0.00030823715010757394, 'YCOR:IN10:312:BCTRL': 0.0006316537552323975, 'YCOR:IN10:382:BCTRL': -0.0008667331485938365, 'YCOR:IN10:412:BCTRL': 0.00030964517466541694, 'YCOR:IN10:492:BCTRL': -0.0006559061160423744, 'YCOR:IN10:522:BCTRL': 0.0004286252776751139, 'YCOR:IN10:642:BCTRL': -0.0016887325745823017}
2026-07-01 23:35:54,216 - INFO - 51
2026-07-01 23:35:54,216 - INFO - Running Xopt step
2026-07-01 23:35:54,220 - INFO - evaluating point: {'XCOR:IN10:221:BCTRL': 0.00035242437013963677, 'XCOR:IN10:311:BCTRL': 0.0010292690635583083, 'XCOR:IN10:381:BCTRL': -3.3447997909623065e-05, 'XCOR:IN10:411:BCTRL': 0.0005939157156138295, 'XCOR:IN10:491:BCTRL': 0.0004619187864699102, 'XCOR:IN10:521:BCTRL': -0.0012151191381655033, 'XCOR:IN10:641:BCTRL': -0.00025362430492689145, 'YCOR:IN10:222:BCTRL': 0.0003094501182815186, 'YCOR:IN10:312:BCTRL': 0.0006315985459368561, 'YCOR:IN10:382:BCTRL': -0.0008725360097418693, 'YCOR:IN10:412:BCTRL': 0.0003144411138117303, 'YCOR:IN10:492:BCTRL': -0.00064738383076153, 'YCOR:IN10:522:BCTRL': 0.0004201631387569627, 'YCOR:IN10:642:BCTRL': -0.0016874572680950725}
2026-07-01 23:35:54,435 - INFO - 52
2026-07-01 23:35:54,435 - INFO - Running Xopt step
2026-07-01 23:35:54,439 - INFO - evaluating point: {'XCOR:IN10:221:BCTRL': 0.00035163098574465666, 'XCOR:IN10:311:BCTRL': 0.0010312364578399593, 'XCOR:IN10:381:BCTRL': -3.415050667173936e-05, 'XCOR:IN10:411:BCTRL': 0.0005896201499330838, 'XCOR:IN10:491:BCTRL': 0.00047028147099772717, 'XCOR:IN10:521:BCTRL': -0.0012116633914010127, 'XCOR:IN10:641:BCTRL': -0.00026020468529163886, 'YCOR:IN10:222:BCTRL': 0.00030982266943053446, 'YCOR:IN10:312:BCTRL': 0.0006335486758521374, 'YCOR:IN10:382:BCTRL': -0.000877465443961099, 'YCOR:IN10:412:BCTRL': 0.00031600794922234063, 'YCOR:IN10:492:BCTRL': -0.0006346197941564966, 'YCOR:IN10:522:BCTRL': 0.00041269901566600114, 'YCOR:IN10:642:BCTRL': -0.0016916430856005822}
2026-07-01 23:35:54,653 - INFO - 53
2026-07-01 23:35:54,653 - INFO - Running Xopt step
2026-07-01 23:35:54,658 - INFO - evaluating point: {'XCOR:IN10:221:BCTRL': 0.0003504619531176246, 'XCOR:IN10:311:BCTRL': 0.0010323753317388119, 'XCOR:IN10:381:BCTRL': -3.275150379358486e-05, 'XCOR:IN10:411:BCTRL': 0.0005854984762408362, 'XCOR:IN10:491:BCTRL': 0.00047456063584506183, 'XCOR:IN10:521:BCTRL': -0.0012061219130003655, 'XCOR:IN10:641:BCTRL': -0.00026646843761998524, 'YCOR:IN10:222:BCTRL': 0.0003091635829884408, 'YCOR:IN10:312:BCTRL': 0.0006369650608184097, 'YCOR:IN10:382:BCTRL': -0.0008796764567469944, 'YCOR:IN10:412:BCTRL': 0.0003134616321659901, 'YCOR:IN10:492:BCTRL': -0.0006225692366096701, 'YCOR:IN10:522:BCTRL': 0.0004097969829711392, 'YCOR:IN10:642:BCTRL': -0.0016996937009773352}
2026-07-01 23:35:54,877 - INFO - 54
2026-07-01 23:35:54,877 - INFO - Running Xopt step
2026-07-01 23:35:54,881 - INFO - evaluating point: {'XCOR:IN10:221:BCTRL': 0.0003491543791370908, 'XCOR:IN10:311:BCTRL': 0.0010326902508976698, 'XCOR:IN10:381:BCTRL': -2.98666630639595e-05, 'XCOR:IN10:411:BCTRL': 0.0005822391669515626, 'XCOR:IN10:491:BCTRL': 0.00047449526442254274, 'XCOR:IN10:521:BCTRL': -0.0012000093983644314, 'XCOR:IN10:641:BCTRL': -0.000270859614134194, 'YCOR:IN10:222:BCTRL': 0.00030779076144442667, 'YCOR:IN10:312:BCTRL': 0.0006406233969609136, 'YCOR:IN10:382:BCTRL': -0.000878860367060179, 'YCOR:IN10:412:BCTRL': 0.0003081923339551524, 'YCOR:IN10:492:BCTRL': -0.000615379556524177, 'YCOR:IN10:522:BCTRL': 0.0004121267896051064, 'YCOR:IN10:642:BCTRL': -0.0017079281531603757}
2026-07-01 23:35:55,093 - INFO - 55
2026-07-01 23:35:55,093 - INFO - Running Xopt step
2026-07-01 23:35:55,097 - INFO - evaluating point: {'XCOR:IN10:221:BCTRL': 0.0003479007943809304, 'XCOR:IN10:311:BCTRL': 0.0010319274181208298, 'XCOR:IN10:381:BCTRL': -2.57905270730493e-05, 'XCOR:IN10:411:BCTRL': 0.0005807125633808682, 'XCOR:IN10:491:BCTRL': 0.0004692893211099678, 'XCOR:IN10:521:BCTRL': -0.0011947641648727863, 'XCOR:IN10:641:BCTRL': -0.00027175760547430635, 'YCOR:IN10:222:BCTRL': 0.00030599421204421397, 'YCOR:IN10:312:BCTRL': 0.00064329240526371, 'YCOR:IN10:382:BCTRL': -0.0008748468961751876, 'YCOR:IN10:412:BCTRL': 0.00030193089826302495, 'YCOR:IN10:492:BCTRL': -0.0006165700150612491, 'YCOR:IN10:522:BCTRL': 0.0004192720548686536, 'YCOR:IN10:642:BCTRL': -0.0017126376527112838}
2026-07-01 23:35:55,309 - INFO - 56
2026-07-01 23:35:55,309 - INFO - Running Xopt step
2026-07-01 23:35:55,313 - INFO - evaluating point: {'XCOR:IN10:221:BCTRL': 0.000346783599234998, 'XCOR:IN10:311:BCTRL': 0.0010306194506620925, 'XCOR:IN10:381:BCTRL': -2.144812610399472e-05, 'XCOR:IN10:411:BCTRL': 0.0005804143069435456, 'XCOR:IN10:491:BCTRL': 0.00046151483032749686, 'XCOR:IN10:521:BCTRL': -0.001190840826051534, 'XCOR:IN10:641:BCTRL': -0.000270122881539599, 'YCOR:IN10:222:BCTRL': 0.000304235814374805, 'YCOR:IN10:312:BCTRL': 0.0006446723596912712, 'YCOR:IN10:382:BCTRL': -0.0008694632929349592, 'YCOR:IN10:412:BCTRL': 0.0002966032282738034, 'YCOR:IN10:492:BCTRL': -0.0006235680984967437, 'YCOR:IN10:522:BCTRL': 0.00042780963856059586, 'YCOR:IN10:642:BCTRL': -0.0017132240539472472}
2026-07-01 23:35:55,527 - INFO - 57
2026-07-01 23:35:55,527 - INFO - Running Xopt step
2026-07-01 23:35:55,531 - INFO - evaluating point: {'XCOR:IN10:221:BCTRL': 0.00034604246352154305, 'XCOR:IN10:311:BCTRL': 0.0010285821608903096, 'XCOR:IN10:381:BCTRL': -1.7422954959503107e-05, 'XCOR:IN10:411:BCTRL': 0.0005820706282698596, 'XCOR:IN10:491:BCTRL': 0.00045156482650368494, 'XCOR:IN10:521:BCTRL': -0.0011896680023312676, 'XCOR:IN10:641:BCTRL': -0.0002653262649154346, 'YCOR:IN10:222:BCTRL': 0.0003029654301184759, 'YCOR:IN10:312:BCTRL': 0.00064389900605658, 'YCOR:IN10:382:BCTRL': -0.0008637883161602204, 'YCOR:IN10:412:BCTRL': 0.0002943145567714707, 'YCOR:IN10:492:BCTRL': -0.0006358436971778649, 'YCOR:IN10:522:BCTRL': 0.00043480046299728135, 'YCOR:IN10:642:BCTRL': -0.0017082882079810628}
2026-07-01 23:35:55,744 - INFO - 58
2026-07-01 23:35:55,744 - INFO - Running Xopt step
2026-07-01 23:35:55,748 - INFO - evaluating point: {'XCOR:IN10:221:BCTRL': 0.0003457101061977768, 'XCOR:IN10:311:BCTRL': 0.001026198352557725, 'XCOR:IN10:381:BCTRL': -1.4320646733731873e-05, 'XCOR:IN10:411:BCTRL': 0.0005851236737576902, 'XCOR:IN10:491:BCTRL': 0.000441714246769313, 'XCOR:IN10:521:BCTRL': -0.0011911140832893297, 'XCOR:IN10:641:BCTRL': -0.0002589021208873064, 'YCOR:IN10:222:BCTRL': 0.0003024301952282525, 'YCOR:IN10:312:BCTRL': 0.0006414279706895412, 'YCOR:IN10:382:BCTRL': -0.0008594734377926424, 'YCOR:IN10:412:BCTRL': 0.0002955263559161979, 'YCOR:IN10:492:BCTRL': -0.0006487764445006966, 'YCOR:IN10:522:BCTRL': 0.00043769144488449164, 'YCOR:IN10:642:BCTRL': -0.0017002336176479497}
2026-07-01 23:35:55,969 - INFO - 59
2026-07-01 23:35:55,969 - INFO - Running Xopt step
2026-07-01 23:35:55,974 - INFO - evaluating point: {'XCOR:IN10:221:BCTRL': 0.0003460016746726675, 'XCOR:IN10:311:BCTRL': 0.0010237959809388333, 'XCOR:IN10:381:BCTRL': -1.3156808341529237e-05, 'XCOR:IN10:411:BCTRL': 0.0005893178224526324, 'XCOR:IN10:491:BCTRL': 0.0004346977380779081, 'XCOR:IN10:521:BCTRL': -0.0011955263460168147, 'XCOR:IN10:641:BCTRL': -0.0002525044012559724, 'YCOR:IN10:222:BCTRL': 0.0003029879614451734, 'YCOR:IN10:312:BCTRL': 0.0006377932282151682, 'YCOR:IN10:382:BCTRL': -0.0008584291810852481, 'YCOR:IN10:412:BCTRL': 0.0003004363383185941, 'YCOR:IN10:492:BCTRL': -0.0006570083950053997, 'YCOR:IN10:522:BCTRL': 0.0004343390845883783, 'YCOR:IN10:642:BCTRL': -0.001692359871261921}
2026-07-01 23:35:56,191 - INFO - 60
2026-07-01 23:35:56,191 - INFO - Running Xopt step
2026-07-01 23:35:56,198 - INFO - evaluating point: {'XCOR:IN10:221:BCTRL': 0.00034668423102647084, 'XCOR:IN10:311:BCTRL': 0.0010216884447974705, 'XCOR:IN10:381:BCTRL': -1.3571348816453734e-05, 'XCOR:IN10:411:BCTRL': 0.0005936506690080853, 'XCOR:IN10:491:BCTRL': 0.00043118880745309716, 'XCOR:IN10:521:BCTRL': -0.0012012612027698468, 'XCOR:IN10:641:BCTRL': -0.0002476706052056778, 'YCOR:IN10:222:BCTRL': 0.00030424806091785097, 'YCOR:IN10:312:BCTRL': 0.0006342855023947463, 'YCOR:IN10:382:BCTRL': -0.0008602535759411705, 'YCOR:IN10:412:BCTRL': 0.00030667122062268435, 'YCOR:IN10:492:BCTRL': -0.0006587040951435016, 'YCOR:IN10:522:BCTRL': 0.00042717065848929477, 'YCOR:IN10:642:BCTRL': -0.0016876857008576208}
2026-07-01 23:35:56,413 - INFO - 61
2026-07-01 23:35:56,413 - INFO - Running Xopt step
2026-07-01 23:35:56,417 - INFO - evaluating point: {'XCOR:IN10:221:BCTRL': 0.00034771405247223706, 'XCOR:IN10:311:BCTRL': 0.0010201503632308788, 'XCOR:IN10:381:BCTRL': -1.5629549022023383e-05, 'XCOR:IN10:411:BCTRL': 0.0005974859284507102, 'XCOR:IN10:491:BCTRL': 0.0004320860795480312, 'XCOR:IN10:521:BCTRL': -0.0012073498581308762, 'XCOR:IN10:641:BCTRL': -0.0002455855074147225, 'YCOR:IN10:222:BCTRL': 0.00030597148502324643, 'YCOR:IN10:312:BCTRL': 0.0006318512108567937, 'YCOR:IN10:382:BCTRL': -0.0008646196724947315, 'YCOR:IN10:412:BCTRL': 0.0003123388427482461, 'YCOR:IN10:492:BCTRL': -0.0006529991155102326, 'YCOR:IN10:522:BCTRL': 0.0004186211445371353, 'YCOR:IN10:642:BCTRL': -0.001688059883818601}
2026-07-01 23:35:56,630 - INFO - 62
2026-07-01 23:35:56,630 - INFO - Running Xopt step
2026-07-01 23:35:56,634 - INFO - evaluating point: {'XCOR:IN10:221:BCTRL': 0.0003489570348608617, 'XCOR:IN10:311:BCTRL': 0.0010193291914289946, 'XCOR:IN10:381:BCTRL': -1.8961715474373317e-05, 'XCOR:IN10:411:BCTRL': 0.0006002862980356551, 'XCOR:IN10:491:BCTRL': 0.0004370606849243813, 'XCOR:IN10:521:BCTRL': -0.0012126760767275332, 'XCOR:IN10:641:BCTRL': -0.00024661570973609444, 'YCOR:IN10:222:BCTRL': 0.0003077628699645969, 'YCOR:IN10:312:BCTRL': 0.0006310982295332516, 'YCOR:IN10:382:BCTRL': -0.0008703014035333851, 'YCOR:IN10:412:BCTRL': 0.00031570113095301405, 'YCOR:IN10:492:BCTRL': -0.0006418623042094007, 'YCOR:IN10:522:BCTRL': 0.0004117955711217955, 'YCOR:IN10:642:BCTRL': -0.001693221835896862}
2026-07-01 23:35:56,849 - INFO - 63
2026-07-01 23:35:56,849 - INFO - Running Xopt step
2026-07-01 23:35:56,853 - INFO - evaluating point: {'XCOR:IN10:221:BCTRL': 0.0003502505436467446, 'XCOR:IN10:311:BCTRL': 0.001019805528667943, 'XCOR:IN10:381:BCTRL': -2.3283272021683872e-05, 'XCOR:IN10:411:BCTRL': 0.0006008054820943932, 'XCOR:IN10:491:BCTRL': 0.0004462603096663288, 'XCOR:IN10:521:BCTRL': -0.0012152449344980751, 'XCOR:IN10:641:BCTRL': -0.00025154520537954247, 'YCOR:IN10:222:BCTRL': 0.00030899572720138657, 'YCOR:IN10:312:BCTRL': 0.0006328980480042443, 'YCOR:IN10:382:BCTRL': -0.0008753699120958893, 'YCOR:IN10:412:BCTRL': 0.00031448539834971696, 'YCOR:IN10:492:BCTRL': -0.0006289311793064109, 'YCOR:IN10:522:BCTRL': 0.0004107748046415494, 'YCOR:IN10:642:BCTRL': -0.0017017184374233116}
2026-07-01 23:35:57,073 - INFO - 64
2026-07-01 23:35:57,073 - INFO - Running Xopt step
2026-07-01 23:35:57,077 - INFO - evaluating point: {'XCOR:IN10:221:BCTRL': 0.00035143881309065365, 'XCOR:IN10:311:BCTRL': 0.001020872637031938, 'XCOR:IN10:381:BCTRL': -2.7566551494179703e-05, 'XCOR:IN10:411:BCTRL': 0.0006000315828509859, 'XCOR:IN10:491:BCTRL': 0.0004563571621142624, 'XCOR:IN10:521:BCTRL': -0.001215797548374789, 'XCOR:IN10:641:BCTRL': -0.00025783854206662795, 'YCOR:IN10:222:BCTRL': 0.00030963400029700166, 'YCOR:IN10:312:BCTRL': 0.0006358857366336648, 'YCOR:IN10:382:BCTRL': -0.0008787847381517018, 'YCOR:IN10:412:BCTRL': 0.00031056921460568827, 'YCOR:IN10:492:BCTRL': -0.0006186204197750058, 'YCOR:IN10:522:BCTRL': 0.0004141321428586036, 'YCOR:IN10:642:BCTRL': -0.0017095900625288896}
2026-07-01 23:35:57,288 - INFO - 65
2026-07-01 23:35:57,288 - INFO - Running Xopt step
2026-07-01 23:35:57,292 - INFO - evaluating point: {'XCOR:IN10:221:BCTRL': 0.0003523886257509496, 'XCOR:IN10:311:BCTRL': 0.001022581043554394, 'XCOR:IN10:381:BCTRL': -3.129542412980711e-05, 'XCOR:IN10:411:BCTRL': 0.0005977863853216536, 'XCOR:IN10:491:BCTRL': 0.0004659885777750965, 'XCOR:IN10:521:BCTRL': -0.0012138888138496912, 'XCOR:IN10:641:BCTRL': -0.0002645332840128206, 'YCOR:IN10:222:BCTRL': 0.0003094653438415247, 'YCOR:IN10:312:BCTRL': 0.0006395490180740909, 'YCOR:IN10:382:BCTRL': -0.0008795441354156383, 'YCOR:IN10:412:BCTRL': 0.0003046754765772486, 'YCOR:IN10:492:BCTRL': -0.0006140314709649735, 'YCOR:IN10:522:BCTRL': 0.00042129021288067197, 'YCOR:IN10:642:BCTRL': -0.0017142800769495096}
2026-07-01 23:35:57,504 - INFO - 66
2026-07-01 23:35:57,504 - INFO - Running Xopt step
2026-07-01 23:35:57,508 - INFO - evaluating point: {'XCOR:IN10:221:BCTRL': 0.0003528789453729247, 'XCOR:IN10:311:BCTRL': 0.0010248677134953857, 'XCOR:IN10:381:BCTRL': -3.360962982562328e-05, 'XCOR:IN10:411:BCTRL': 0.0005940999432597323, 'XCOR:IN10:491:BCTRL': 0.00047282552127470527, 'XCOR:IN10:521:BCTRL': -0.0012093752409548708, 'XCOR:IN10:641:BCTRL': -0.00026988129293024254, 'YCOR:IN10:222:BCTRL': 0.00030836657432771296, 'YCOR:IN10:312:BCTRL': 0.0006428406346572211, 'YCOR:IN10:382:BCTRL': -0.000876907245666856, 'YCOR:IN10:412:BCTRL': 0.00029865472118803836, 'YCOR:IN10:492:BCTRL': -0.0006178272483145311, 'YCOR:IN10:522:BCTRL': 0.00042979370275896347, 'YCOR:IN10:642:BCTRL': -0.0017133183797018}
2026-07-01 23:35:57,728 - INFO - 67
2026-07-01 23:35:57,728 - INFO - Running Xopt step
2026-07-01 23:35:57,733 - INFO - evaluating point: {'XCOR:IN10:221:BCTRL': 0.00035309250603604103, 'XCOR:IN10:311:BCTRL': 0.0010272985477240157, 'XCOR:IN10:381:BCTRL': -3.488486467909536e-05, 'XCOR:IN10:411:BCTRL': 0.0005899383114707653, 'XCOR:IN10:491:BCTRL': 0.000477070167694554, 'XCOR:IN10:521:BCTRL': -0.0012038241204178361, 'XCOR:IN10:641:BCTRL': -0.0002734905832037541, 'YCOR:IN10:222:BCTRL': 0.0003068370896551309, 'YCOR:IN10:312:BCTRL': 0.0006452246151128426, 'YCOR:IN10:382:BCTRL': -0.0008724731966129412, 'YCOR:IN10:412:BCTRL': 0.0002939902897584977, 'YCOR:IN10:492:BCTRL': -0.0006266644817031736, 'YCOR:IN10:522:BCTRL': 0.0004368554408011619, 'YCOR:IN10:642:BCTRL': -0.0017084845346970626}
2026-07-01 23:35:57,946 - INFO - 68
2026-07-01 23:35:57,946 - INFO - Running Xopt step
2026-07-01 23:35:57,950 - INFO - evaluating point: {'XCOR:IN10:221:BCTRL': 0.0003526941557385343, 'XCOR:IN10:311:BCTRL': 0.0010296467796237023, 'XCOR:IN10:381:BCTRL': -3.394694808334366e-05, 'XCOR:IN10:411:BCTRL': 0.000585687933189028, 'XCOR:IN10:491:BCTRL': 0.00047578176660204003, 'XCOR:IN10:521:BCTRL': -0.0011977610384655548, 'XCOR:IN10:641:BCTRL': -0.00027323737723518164, 'YCOR:IN10:222:BCTRL': 0.0003050255867414706, 'YCOR:IN10:312:BCTRL': 0.0006454170155379699, 'YCOR:IN10:382:BCTRL': -0.000866677560372886, 'YCOR:IN10:412:BCTRL': 0.000293101428194243, 'YCOR:IN10:492:BCTRL': -0.0006397119779383622, 'YCOR:IN10:522:BCTRL': 0.000438819840317227, 'YCOR:IN10:642:BCTRL': -0.0017001553488876487}
2026-07-01 23:35:58,168 - INFO - 69
2026-07-01 23:35:58,168 - INFO - Running Xopt step
2026-07-01 23:35:58,172 - INFO - evaluating point: {'XCOR:IN10:221:BCTRL': 0.00035186237475927574, 'XCOR:IN10:311:BCTRL': 0.0010315580067727507, 'XCOR:IN10:381:BCTRL': -3.135512268840837e-05, 'XCOR:IN10:411:BCTRL': 0.0005821910997356564, 'XCOR:IN10:491:BCTRL': 0.00047011625972886154, 'XCOR:IN10:521:BCTRL': -0.0011926918855381852, 'XCOR:IN10:641:BCTRL': -0.00026973388767738583, 'YCOR:IN10:222:BCTRL': 0.0003034783238912359, 'YCOR:IN10:312:BCTRL': 0.0006436351442405116, 'YCOR:IN10:382:BCTRL': -0.0008615934330865498, 'YCOR:IN10:412:BCTRL': 0.00029588312481973743, 'YCOR:IN10:492:BCTRL': -0.0006515316509859606, 'YCOR:IN10:522:BCTRL': 0.000435381677890701, 'YCOR:IN10:642:BCTRL': -0.0016923186888315226}
2026-07-01 23:35:58,386 - INFO - 70
2026-07-01 23:35:58,386 - INFO - Running Xopt step
2026-07-01 23:35:58,390 - INFO - evaluating point: {'XCOR:IN10:221:BCTRL': 0.00035075630827915543, 'XCOR:IN10:311:BCTRL': 0.0010328985875713535, 'XCOR:IN10:381:BCTRL': -2.7703476735658334e-05, 'XCOR:IN10:411:BCTRL': 0.0005798223690810199, 'XCOR:IN10:491:BCTRL': 0.0004616106627156817, 'XCOR:IN10:521:BCTRL': -0.0011893653459526712, 'XCOR:IN10:641:BCTRL': -0.0002640928582638639, 'YCOR:IN10:222:BCTRL': 0.0003024917924159196, 'YCOR:IN10:312:BCTRL': 0.0006405351760541941, 'YCOR:IN10:382:BCTRL': -0.0008584351255470344, 'YCOR:IN10:412:BCTRL': 0.0003011577245292653, 'YCOR:IN10:492:BCTRL': -0.0006587042271979863, 'YCOR:IN10:522:BCTRL': 0.0004282021859098549, 'YCOR:IN10:642:BCTRL': -0.0016876615334118028}
2026-07-01 23:35:58,603 - INFO - 71
2026-07-01 23:35:58,603 - INFO - Running Xopt step
2026-07-01 23:35:58,607 - INFO - evaluating point: {'XCOR:IN10:221:BCTRL': 0.00034945697278779725, 'XCOR:IN10:311:BCTRL': 0.001033315904788013, 'XCOR:IN10:381:BCTRL': -2.33849960388098e-05, 'XCOR:IN10:411:BCTRL': 0.0005792781930530683, 'XCOR:IN10:491:BCTRL': 0.00045150510215082387, 'XCOR:IN10:521:BCTRL': -0.0011888739898543053, 'XCOR:IN10:641:BCTRL': -0.000257373210472705, 'YCOR:IN10:222:BCTRL': 0.00030242728794869676, 'YCOR:IN10:312:BCTRL': 0.0006368402839613986, 'YCOR:IN10:382:BCTRL': -0.0008584890357631012, 'YCOR:IN10:412:BCTRL': 0.00030743563732077086, 'YCOR:IN10:492:BCTRL': -0.0006579906318439986, 'YCOR:IN10:522:BCTRL': 0.00041968643188005923, 'YCOR:IN10:642:BCTRL': -0.0016885077810176938}
2026-07-01 23:35:58,827 - INFO - 72
2026-07-01 23:35:58,827 - INFO - Running Xopt step
2026-07-01 23:35:58,831 - INFO - evaluating point: {'XCOR:IN10:221:BCTRL': 0.0003481598291059813, 'XCOR:IN10:311:BCTRL': 0.0010328754257345738, 'XCOR:IN10:381:BCTRL': -1.918952075822684e-05, 'XCOR:IN10:411:BCTRL': 0.0005804372401825966, 'XCOR:IN10:491:BCTRL': 0.0004420141312333611, 'XCOR:IN10:521:BCTRL': -0.0011910233004694076, 'XCOR:IN10:641:BCTRL': -0.0002513159364459583, 'YCOR:IN10:222:BCTRL': 0.00030321425050388283, 'YCOR:IN10:312:BCTRL': 0.000633668762422638, 'YCOR:IN10:382:BCTRL': -0.0008614669416243821, 'YCOR:IN10:412:BCTRL': 0.000312521078829608, 'YCOR:IN10:492:BCTRL': -0.0006502409319668942, 'YCOR:IN10:522:BCTRL': 0.00041324333196871113, 'YCOR:IN10:642:BCTRL': -0.0016941398912118256}
2026-07-01 23:35:59,050 - INFO - 73
2026-07-01 23:35:59,050 - INFO - Running Xopt step
2026-07-01 23:35:59,054 - INFO - evaluating point: {'XCOR:IN10:221:BCTRL': 0.000347000152579456, 'XCOR:IN10:311:BCTRL': 0.0010317036331597277, 'XCOR:IN10:381:BCTRL': -1.5673461719842576e-05, 'XCOR:IN10:411:BCTRL': 0.0005830029237010858, 'XCOR:IN10:491:BCTRL': 0.0004347006634812676, 'XCOR:IN10:521:BCTRL': -0.0011952566391967112, 'XCOR:IN10:641:BCTRL': -0.0002471345212048975, 'YCOR:IN10:222:BCTRL': 0.00030463387823766993, 'YCOR:IN10:312:BCTRL': 0.0006317801315996815, 'YCOR:IN10:382:BCTRL': -0.0008664550969119638, 'YCOR:IN10:412:BCTRL': 0.00031498012909867817, 'YCOR:IN10:492:BCTRL': -0.0006381109896914016, 'YCOR:IN10:522:BCTRL': 0.0004109837194255291, 'YCOR:IN10:642:BCTRL': -0.0017023938813294083}
2026-07-01 23:35:59,271 - INFO - 74
2026-07-01 23:35:59,271 - INFO - Running Xopt step
2026-07-01 23:35:59,275 - INFO - evaluating point: {'XCOR:IN10:221:BCTRL': 0.00034620428320284157, 'XCOR:IN10:311:BCTRL': 0.0010297397460074956, 'XCOR:IN10:381:BCTRL': -1.3707754339883575e-05, 'XCOR:IN10:411:BCTRL': 0.00058688640121162, 'XCOR:IN10:491:BCTRL': 0.0004318107721666785, 'XCOR:IN10:521:BCTRL': -0.0012011156926548421, 'XCOR:IN10:641:BCTRL': -0.00024639949800763406, 'YCOR:IN10:222:BCTRL': 0.0003064358032197706, 'YCOR:IN10:312:BCTRL': 0.0006320385215797601, 'YCOR:IN10:382:BCTRL': -0.0008722443988835245, 'YCOR:IN10:412:BCTRL': 0.0003134276804994809, 'YCOR:IN10:492:BCTRL': -0.0006253392300627687, 'YCOR:IN10:522:BCTRL': 0.0004145435876113014, 'YCOR:IN10:642:BCTRL': -0.0017101760108712743}
2026-07-01 23:35:59,488 - INFO - 75
2026-07-01 23:35:59,488 - INFO - Running Xopt step
2026-07-01 23:35:59,492 - INFO - evaluating point: {'XCOR:IN10:221:BCTRL': 0.0003458027651417953, 'XCOR:IN10:311:BCTRL': 0.0010273933983818552, 'XCOR:IN10:381:BCTRL': -1.333793134067253e-05, 'XCOR:IN10:411:BCTRL': 0.0005912232934200689, 'XCOR:IN10:491:BCTRL': 0.00043321880050361947, 'XCOR:IN10:521:BCTRL': -0.00120716909708412, 'XCOR:IN10:641:BCTRL': -0.00024879161906218394, 'YCOR:IN10:222:BCTRL': 0.0003081299920040857, 'YCOR:IN10:312:BCTRL': 0.000634088560535072, 'YCOR:IN10:382:BCTRL': -0.0008770727985277066, 'YCOR:IN10:412:BCTRL': 0.00030886303672728624, 'YCOR:IN10:492:BCTRL': -0.000616275904404382, 'YCOR:IN10:522:BCTRL': 0.0004219104461767921, 'YCOR:IN10:642:BCTRL': -0.0017145307320543712}
2026-07-01 23:35:59,707 - INFO - 76
2026-07-01 23:35:59,707 - INFO - Running Xopt step
2026-07-01 23:35:59,712 - INFO - evaluating point: {'XCOR:IN10:221:BCTRL': 0.0003459967339690211, 'XCOR:IN10:311:BCTRL': 0.001024956837418574, 'XCOR:IN10:381:BCTRL': -1.5100595498862662e-05, 'XCOR:IN10:411:BCTRL': 0.0005952030444353816, 'XCOR:IN10:491:BCTRL': 0.00043964264702225366, 'XCOR:IN10:521:BCTRL': -0.0012118981212945797, 'XCOR:IN10:641:BCTRL': -0.0002542823749056087, 'YCOR:IN10:222:BCTRL': 0.0003091763354211763, 'YCOR:IN10:312:BCTRL': 0.0006375646094895957, 'YCOR:IN10:382:BCTRL': -0.0008790410820993836, 'YCOR:IN10:412:BCTRL': 0.0003025944045609279, 'YCOR:IN10:492:BCTRL': -0.0006152654974724926, 'YCOR:IN10:522:BCTRL': 0.00043031000796434033, 'YCOR:IN10:642:BCTRL': -0.0017128931840448103}
2026-07-01 23:35:59,927 - INFO - 77
2026-07-01 23:35:59,927 - INFO - Running Xopt step
2026-07-01 23:35:59,931 - INFO - evaluating point: {'XCOR:IN10:221:BCTRL': 0.0003466967084675154, 'XCOR:IN10:311:BCTRL': 0.0010228693418889976, 'XCOR:IN10:381:BCTRL': -1.8438240129876892e-05, 'XCOR:IN10:411:BCTRL': 0.0005979968825472829, 'XCOR:IN10:491:BCTRL': 0.0004490473024139565, 'XCOR:IN10:521:BCTRL': -0.0012141811944802142, 'XCOR:IN10:641:BCTRL': -0.0002609904564470936, 'YCOR:IN10:222:BCTRL': 0.00030930063178920346, 'YCOR:IN10:312:BCTRL': 0.0006411488332452567, 'YCOR:IN10:382:BCTRL': -0.0008776303695817748, 'YCOR:IN10:412:BCTRL': 0.00029726659021631145, 'YCOR:IN10:492:BCTRL': -0.0006222630979277221, 'YCOR:IN10:522:BCTRL': 0.0004358029660932827, 'YCOR:IN10:642:BCTRL': -0.0017063310492778198}
2026-07-01 23:36:00,144 - INFO - 78
2026-07-01 23:36:00,144 - INFO - Running Xopt step
2026-07-01 23:36:00,148 - INFO - evaluating point: {'XCOR:IN10:221:BCTRL': 0.00034773649518054925, 'XCOR:IN10:311:BCTRL': 0.001021354847725303, 'XCOR:IN10:381:BCTRL': -2.259245891580844e-05, 'XCOR:IN10:411:BCTRL': 0.0005992960628107813, 'XCOR:IN10:491:BCTRL': 0.0004591698131301065, 'XCOR:IN10:521:BCTRL': -0.0012138394445629838, 'XCOR:IN10:641:BCTRL': -0.0002671436746990535, 'YCOR:IN10:222:BCTRL': 0.00030856977172206436, 'YCOR:IN10:312:BCTRL': 0.000643791198099169, 'YCOR:IN10:382:BCTRL': -0.0008735736419984798, 'YCOR:IN10:412:BCTRL': 0.0002946015082770745, 'YCOR:IN10:492:BCTRL': -0.0006342002665637847, 'YCOR:IN10:522:BCTRL': 0.0004364757773545331, 'YCOR:IN10:642:BCTRL': -0.0016977998402947277}
2026-07-01 23:36:00,372 - INFO - 79
2026-07-01 23:36:00,372 - INFO - Running Xopt step
2026-07-01 23:36:00,380 - INFO - evaluating point: {'XCOR:IN10:221:BCTRL': 0.00034891753544349235, 'XCOR:IN10:311:BCTRL': 0.0010202600795297461, 'XCOR:IN10:381:BCTRL': -2.693811886279356e-05, 'XCOR:IN10:411:BCTRL': 0.000599542320203807, 'XCOR:IN10:491:BCTRL': 0.00046870282930570564, 'XCOR:IN10:521:BCTRL': -0.001211758874369138, 'XCOR:IN10:641:BCTRL': -0.00027205783504487453, 'YCOR:IN10:222:BCTRL': 0.0003073324725184777, 'YCOR:IN10:312:BCTRL': 0.0006452831899179518, 'YCOR:IN10:382:BCTRL': -0.0008682642690249374, 'YCOR:IN10:412:BCTRL': 0.00029452778075316876, 'YCOR:IN10:492:BCTRL': -0.0006473792390891255, 'YCOR:IN10:522:BCTRL': 0.00043320489705629564, 'YCOR:IN10:642:BCTRL': -0.0016898918984777276}
2026-07-01 23:36:00,597 - INFO - 80
2026-07-01 23:36:00,598 - INFO - Running Xopt step
2026-07-01 23:36:00,605 - INFO - evaluating point: {'XCOR:IN10:221:BCTRL': 0.00035023292714323075, 'XCOR:IN10:311:BCTRL': 0.0010200939899248321, 'XCOR:IN10:381:BCTRL': -3.097811297837992e-05, 'XCOR:IN10:411:BCTRL': 0.0005979224897730279, 'XCOR:IN10:491:BCTRL': 0.00047554404869131227, 'XCOR:IN10:521:BCTRL': -0.00120724765727497, 'XCOR:IN10:641:BCTRL': -0.0002739926249340576, 'YCOR:IN10:222:BCTRL': 0.00030559635354716593, 'YCOR:IN10:312:BCTRL': 0.0006447057227267988, 'YCOR:IN10:382:BCTRL': -0.0008625320700800797, 'YCOR:IN10:412:BCTRL': 0.00029810740465635794, 'YCOR:IN10:492:BCTRL': -0.0006582142911447251, 'YCOR:IN10:522:BCTRL': 0.0004257625700739226, 'YCOR:IN10:642:BCTRL': -0.0016856674493072557}
2026-07-01 23:36:00,831 - INFO - 81
2026-07-01 23:36:00,831 - INFO - Running Xopt step
2026-07-01 23:36:00,838 - INFO - evaluating point: {'XCOR:IN10:221:BCTRL': 0.00035150113759196576, 'XCOR:IN10:311:BCTRL': 0.0010207671536962548, 'XCOR:IN10:381:BCTRL': -3.410149131708359e-05, 'XCOR:IN10:411:BCTRL': 0.0005948910032017617, 'XCOR:IN10:491:BCTRL': 0.00047860446570277277, 'XCOR:IN10:521:BCTRL': -0.0012014201658465925, 'XCOR:IN10:641:BCTRL': -0.0002727423670969286, 'YCOR:IN10:222:BCTRL': 0.00030381517862040094, 'YCOR:IN10:312:BCTRL': 0.0006423802620577694, 'YCOR:IN10:382:BCTRL': -0.0008580220102174547, 'YCOR:IN10:412:BCTRL': 0.0003039069963833378, 'YCOR:IN10:492:BCTRL': -0.0006633031389523542, 'YCOR:IN10:522:BCTRL': 0.00041724532465897853, 'YCOR:IN10:642:BCTRL': -0.0016864985523382166}
2026-07-01 23:36:01,053 - INFO - 82
2026-07-01 23:36:01,053 - INFO - Running Xopt step
2026-07-01 23:36:01,057 - INFO - evaluating point: {'XCOR:IN10:221:BCTRL': 0.0003526523609396185, 'XCOR:IN10:311:BCTRL': 0.0010219676934449377, 'XCOR:IN10:381:BCTRL': -3.62762173538465e-05, 'XCOR:IN10:411:BCTRL': 0.0005911205960959606, 'XCOR:IN10:491:BCTRL': 0.0004784485267412668, 'XCOR:IN10:521:BCTRL': -0.0011953082472396413, 'XCOR:IN10:641:BCTRL': -0.00026920530707248453, 'YCOR:IN10:222:BCTRL': 0.0003022734774017002, 'YCOR:IN10:312:BCTRL': 0.0006390998693355109, 'YCOR:IN10:382:BCTRL': -0.0008553508401411895, 'YCOR:IN10:412:BCTRL': 0.0003101827188454095, 'YCOR:IN10:492:BCTRL': -0.000662509379352879, 'YCOR:IN10:522:BCTRL': 0.00041017665601907684, 'YCOR:IN10:642:BCTRL': -0.0016913222568654164}
2026-07-01 23:36:01,271 - INFO - 83
2026-07-01 23:36:01,271 - INFO - Running Xopt step
2026-07-01 23:36:01,275 - INFO - evaluating point: {'XCOR:IN10:221:BCTRL': 0.00035349339100483726, 'XCOR:IN10:311:BCTRL': 0.0010238647369641423, 'XCOR:IN10:381:BCTRL': -3.674693396916089e-05, 'XCOR:IN10:411:BCTRL': 0.0005867934921052391, 'XCOR:IN10:491:BCTRL': 0.00047381112697833766, 'XCOR:IN10:521:BCTRL': -0.0011898725471186093, 'XCOR:IN10:641:BCTRL': -0.00026334454207790594, 'YCOR:IN10:222:BCTRL': 0.0003013849162138315, 'YCOR:IN10:312:BCTRL': 0.0006354141698931885, 'YCOR:IN10:382:BCTRL': -0.0008557634831363911, 'YCOR:IN10:412:BCTRL': 0.0003151702457055143, 'YCOR:IN10:492:BCTRL': -0.0006544849053635192, 'YCOR:IN10:522:BCTRL': 0.0004073812861409885, 'YCOR:IN10:642:BCTRL': -0.0016994105267021079}
2026-07-01 23:36:01,487 - INFO - 84
2026-07-01 23:36:01,487 - INFO - Running Xopt step
2026-07-01 23:36:01,491 - INFO - evaluating point: {'XCOR:IN10:221:BCTRL': 0.0003538576458694632, 'XCOR:IN10:311:BCTRL': 0.0010262322183018605, 'XCOR:IN10:381:BCTRL': -3.526101218967072e-05, 'XCOR:IN10:411:BCTRL': 0.0005827023505110521, 'XCOR:IN10:491:BCTRL': 0.0004654098740535813, 'XCOR:IN10:521:BCTRL': -0.001186450975489392, 'XCOR:IN10:641:BCTRL': -0.0002566245750894335, 'YCOR:IN10:222:BCTRL': 0.00030144695661329924, 'YCOR:IN10:312:BCTRL': 0.000632500892014987, 'YCOR:IN10:382:BCTRL': -0.0008593333869631737, 'YCOR:IN10:412:BCTRL': 0.00031690730097089123, 'YCOR:IN10:492:BCTRL': -0.0006418180520540946, 'YCOR:IN10:522:BCTRL': 0.000410302753237759, 'YCOR:IN10:642:BCTRL': -0.001707454109965116}
2026-07-01 23:36:01,705 - INFO - 85
2026-07-01 23:36:01,706 - INFO - Running Xopt step
2026-07-01 23:36:01,711 - INFO - evaluating point: {'XCOR:IN10:221:BCTRL': 0.0003538152194398275, 'XCOR:IN10:311:BCTRL': 0.0010286943101429143, 'XCOR:IN10:381:BCTRL': -3.243908541167268e-05, 'XCOR:IN10:411:BCTRL': 0.0005793884204668194, 'XCOR:IN10:491:BCTRL': 0.0004554582160310256, 'XCOR:IN10:521:BCTRL': -0.0011852832648629747, 'XCOR:IN10:641:BCTRL': -0.00025066356583349555, 'YCOR:IN10:222:BCTRL': 0.00030228564802052327, 'YCOR:IN10:312:BCTRL': 0.0006310056323496022, 'YCOR:IN10:382:BCTRL': -0.0008646404916741633, 'YCOR:IN10:412:BCTRL': 0.00031531175634819797, 'YCOR:IN10:492:BCTRL': -0.0006290696541518638, 'YCOR:IN10:522:BCTRL': 0.00041716166916317825, 'YCOR:IN10:642:BCTRL': -0.0017125716752098869}
2026-07-01 23:36:01,926 - INFO - 86
2026-07-01 23:36:01,926 - INFO - Running Xopt step
2026-07-01 23:36:01,930 - INFO - evaluating point: {'XCOR:IN10:221:BCTRL': 0.00035308954396211164, 'XCOR:IN10:311:BCTRL': 0.0010307509383212347, 'XCOR:IN10:381:BCTRL': -2.824396582847599e-05, 'XCOR:IN10:411:BCTRL': 0.0005782280865661123, 'XCOR:IN10:491:BCTRL': 0.0004463213747245905, 'XCOR:IN10:521:BCTRL': -0.0011879323246441601, 'XCOR:IN10:641:BCTRL': -0.000248017405143104, 'YCOR:IN10:222:BCTRL': 0.0003039521542634432, 'YCOR:IN10:312:BCTRL': 0.0006321454777985599, 'YCOR:IN10:382:BCTRL': -0.0008701609703990626, 'YCOR:IN10:412:BCTRL': 0.000309916398265175, 'YCOR:IN10:492:BCTRL': -0.000622303304142728, 'YCOR:IN10:522:BCTRL': 0.00042558270492313753, 'YCOR:IN10:642:BCTRL': -0.001711048402930895}
2026-07-01 23:36:02,145 - INFO - 87
2026-07-01 23:36:02,145 - INFO - Running Xopt step
2026-07-01 23:36:02,149 - INFO - evaluating point: {'XCOR:IN10:221:BCTRL': 0.0003520721118607636, 'XCOR:IN10:311:BCTRL': 0.001032317541361659, 'XCOR:IN10:381:BCTRL': -2.3903151894467966e-05, 'XCOR:IN10:411:BCTRL': 0.0005785486134273459, 'XCOR:IN10:491:BCTRL': 0.0004395292488661227, 'XCOR:IN10:521:BCTRL': -0.001192470428125464, 'XCOR:IN10:641:BCTRL': -0.0002482112056971171, 'YCOR:IN10:222:BCTRL': 0.00030576418984698496, 'YCOR:IN10:312:BCTRL': 0.0006347749074243977, 'YCOR:IN10:382:BCTRL': -0.0008742383785033597, 'YCOR:IN10:412:BCTRL': 0.0003036300736323988, 'YCOR:IN10:492:BCTRL': -0.0006220917328493856, 'YCOR:IN10:522:BCTRL': 0.00043186230191015126, 'YCOR:IN10:642:BCTRL': -0.0017052345519363177}
2026-07-01 23:36:02,367 - INFO - 88
2026-07-01 23:36:02,367 - INFO - Running Xopt step
2026-07-01 23:36:02,372 - INFO - evaluating point: {'XCOR:IN10:221:BCTRL': 0.0003508057305711883, 'XCOR:IN10:311:BCTRL': 0.0010330026217004957, 'XCOR:IN10:381:BCTRL': -2.0138931876892298e-05, 'XCOR:IN10:411:BCTRL': 0.0005807340311763662, 'XCOR:IN10:491:BCTRL': 0.00043714944665534017, 'XCOR:IN10:521:BCTRL': -0.0011984122829915417, 'XCOR:IN10:641:BCTRL': -0.0002518447056868051, 'YCOR:IN10:222:BCTRL': 0.0003072895023268572, 'YCOR:IN10:312:BCTRL': 0.0006384020161253111, 'YCOR:IN10:382:BCTRL': -0.0008753461790026069, 'YCOR:IN10:412:BCTRL': 0.0002984977212445229, 'YCOR:IN10:492:BCTRL': -0.0006297043154242757, 'YCOR:IN10:522:BCTRL': 0.00043311730990653046, 'YCOR:IN10:642:BCTRL': -0.0016967693787759222}
2026-07-01 23:36:02,590 - INFO - 89
2026-07-01 23:36:02,590 - INFO - Running Xopt step
2026-07-01 23:36:02,597 - INFO - evaluating point: {'XCOR:IN10:221:BCTRL': 0.00034949038249733685, 'XCOR:IN10:311:BCTRL': 0.0010328353302443039, 'XCOR:IN10:381:BCTRL': -1.750438219815609e-05, 'XCOR:IN10:411:BCTRL': 0.0005841987896194214, 'XCOR:IN10:491:BCTRL': 0.00043918949355319494, 'XCOR:IN10:521:BCTRL': -0.0012043998966293173, 'XCOR:IN10:641:BCTRL': -0.0002576948994911716, 'YCOR:IN10:222:BCTRL': 0.00030818311266121175, 'YCOR:IN10:312:BCTRL': 0.0006418889268099222, 'YCOR:IN10:382:BCTRL': -0.0008734258733203704, 'YCOR:IN10:412:BCTRL': 0.00029616082010057324, 'YCOR:IN10:492:BCTRL': -0.0006419399166589885, 'YCOR:IN10:522:BCTRL': 0.0004292272852852753, 'YCOR:IN10:642:BCTRL': -0.001689146917877204}
2026-07-01 23:36:02,811 - INFO - 90
2026-07-01 23:36:02,812 - INFO - Running Xopt step
2026-07-01 23:36:02,817 - INFO - evaluating point: {'XCOR:IN10:221:BCTRL': 0.0003482769859960733, 'XCOR:IN10:311:BCTRL': 0.0010318719818861195, 'XCOR:IN10:381:BCTRL': -1.6337506144204283e-05, 'XCOR:IN10:411:BCTRL': 0.0005883920942056832, 'XCOR:IN10:491:BCTRL': 0.0004451312296109407, 'XCOR:IN10:521:BCTRL': -0.0012093527533437929, 'XCOR:IN10:641:BCTRL': -0.0002644113784659328, 'YCOR:IN10:222:BCTRL': 0.00030826829219498267, 'YCOR:IN10:312:BCTRL': 0.0006443259533905964, 'YCOR:IN10:382:BCTRL': -0.0008690635421997317, 'YCOR:IN10:412:BCTRL': 0.00029727028007677886, 'YCOR:IN10:492:BCTRL': -0.0006549129622065966, 'YCOR:IN10:522:BCTRL': 0.00042170005085190835, 'YCOR:IN10:642:BCTRL': -0.0016850756842199948}
2026-07-01 23:36:03,030 - INFO - 91
2026-07-01 23:36:03,030 - INFO - Running Xopt step
2026-07-01 23:36:03,034 - INFO - evaluating point: {'XCOR:IN10:221:BCTRL': 0.0003471465236290371, 'XCOR:IN10:311:BCTRL': 0.0010306044362445625, 'XCOR:IN10:381:BCTRL': -1.5955721446868936e-05, 'XCOR:IN10:411:BCTRL': 0.0005927279497756176, 'XCOR:IN10:491:BCTRL': 0.00045277902777420605, 'XCOR:IN10:521:BCTRL': -0.0012133655896153224, 'XCOR:IN10:641:BCTRL': -0.00027096379696875676, 'YCOR:IN10:222:BCTRL': 0.00030786149254823005, 'YCOR:IN10:312:BCTRL': 0.0006457716293188351, 'YCOR:IN10:382:BCTRL': -0.0008637226545546227, 'YCOR:IN10:412:BCTRL': 0.00030050537579596033, 'YCOR:IN10:492:BCTRL': -0.000666214122450589, 'YCOR:IN10:522:BCTRL': 0.00041317533605281687, 'YCOR:IN10:642:BCTRL': -0.0016843250582807892}
2026-07-01 23:36:03,247 - INFO - 92
2026-07-01 23:36:03,247 - INFO - Running Xopt step
2026-07-01 23:36:03,251 - INFO - evaluating point: {'XCOR:IN10:221:BCTRL': 0.0003463282876245384, 'XCOR:IN10:311:BCTRL': 0.001028672904563742, 'XCOR:IN10:381:BCTRL': -1.7315859542887247e-05, 'XCOR:IN10:411:BCTRL': 0.0005968626114834494, 'XCOR:IN10:491:BCTRL': 0.00046256181810034865, 'XCOR:IN10:521:BCTRL': -0.001214970259100447, 'XCOR:IN10:641:BCTRL': -0.00027601119722654006, 'YCOR:IN10:222:BCTRL': 0.00030666381364723345, 'YCOR:IN10:312:BCTRL': 0.0006452622686095125, 'YCOR:IN10:382:BCTRL': -0.000857974550517151, 'YCOR:IN10:412:BCTRL': 0.0003061798077362037, 'YCOR:IN10:492:BCTRL': -0.0006718892759501631, 'YCOR:IN10:522:BCTRL': 0.000405845060212483, 'YCOR:IN10:642:BCTRL': -0.001688741081130716}
2026-07-01 23:36:03,473 - INFO - 93
2026-07-01 23:36:03,473 - INFO - Running Xopt step
2026-07-01 23:36:03,477 - INFO - evaluating point: {'XCOR:IN10:221:BCTRL': 0.0003458468180016844, 'XCOR:IN10:311:BCTRL': 0.0010263796787695787, 'XCOR:IN10:381:BCTRL': -1.9979011546416593e-05, 'XCOR:IN10:411:BCTRL': 0.0006003054336520413, 'XCOR:IN10:491:BCTRL': 0.0004726274754327252, 'XCOR:IN10:521:BCTRL': -0.0012142394906816349, 'XCOR:IN10:641:BCTRL': -0.00027874509020061163, 'YCOR:IN10:222:BCTRL': 0.0003050076328244258, 'YCOR:IN10:312:BCTRL': 0.0006431348588022585, 'YCOR:IN10:382:BCTRL': -0.0008532294340656923, 'YCOR:IN10:412:BCTRL': 0.0003124492884127076, 'YCOR:IN10:492:BCTRL': -0.0006709022757028949, 'YCOR:IN10:522:BCTRL': 0.0004020182927807508, 'YCOR:IN10:642:BCTRL': -0.0016963954950684314}
2026-07-01 23:36:03,691 - INFO - 94
2026-07-01 23:36:03,691 - INFO - Running Xopt step
2026-07-01 23:36:03,695 - INFO - evaluating point: {'XCOR:IN10:221:BCTRL': 0.0003460078116479519, 'XCOR:IN10:311:BCTRL': 0.0010239347466308695, 'XCOR:IN10:381:BCTRL': -2.4035103272771803e-05, 'XCOR:IN10:411:BCTRL': 0.0006018845229420574, 'XCOR:IN10:491:BCTRL': 0.0004803433350034481, 'XCOR:IN10:521:BCTRL': -0.0012102742999001302, 'XCOR:IN10:641:BCTRL': -0.0002773290993347144, 'YCOR:IN10:222:BCTRL': 0.00030323549704926346, 'YCOR:IN10:312:BCTRL': 0.0006395852450116581, 'YCOR:IN10:382:BCTRL': -0.0008516172379569193, 'YCOR:IN10:412:BCTRL': 0.00031684930024342465, 'YCOR:IN10:492:BCTRL': -0.000661487941223022, 'YCOR:IN10:522:BCTRL': 0.0004045631112895222, 'YCOR:IN10:642:BCTRL': -0.0017045660581129145}
2026-07-01 23:36:03,907 - INFO - 95
2026-07-01 23:36:03,907 - INFO - Running Xopt step
2026-07-01 23:36:03,912 - INFO - evaluating point: {'XCOR:IN10:221:BCTRL': 0.00034668825193409706, 'XCOR:IN10:311:BCTRL': 0.001021824822992264, 'XCOR:IN10:381:BCTRL': -2.8368719460693295e-05, 'XCOR:IN10:411:BCTRL': 0.000601478107127607, 'XCOR:IN10:491:BCTRL': 0.00048387009370257094, 'XCOR:IN10:521:BCTRL': -0.0012045434199207926, 'XCOR:IN10:641:BCTRL': -0.0002726642723735095, 'YCOR:IN10:222:BCTRL': 0.00030192992824811443, 'YCOR:IN10:312:BCTRL': 0.000636075347438368, 'YCOR:IN10:382:BCTRL': -0.0008534312998809249, 'YCOR:IN10:412:BCTRL': 0.0003176698807546582, 'YCOR:IN10:492:BCTRL': -0.0006484208028867003, 'YCOR:IN10:522:BCTRL': 0.0004117227608865419, 'YCOR:IN10:642:BCTRL': -0.0017092536608429197}
2026-07-01 23:36:04,130 - INFO - 96
2026-07-01 23:36:04,130 - INFO - Running Xopt step
2026-07-01 23:36:04,134 - INFO - evaluating point: {'XCOR:IN10:221:BCTRL': 0.0003477956801698952, 'XCOR:IN10:311:BCTRL': 0.0010204881728161706, 'XCOR:IN10:381:BCTRL': -3.197740201648973e-05, 'XCOR:IN10:411:BCTRL': 0.000599044424056634, 'XCOR:IN10:491:BCTRL': 0.0004819611879304437, 'XCOR:IN10:521:BCTRL': -0.0011985401066379874, 'XCOR:IN10:641:BCTRL': -0.00026609446308276444, 'YCOR:IN10:222:BCTRL': 0.000301544054478334, 'YCOR:IN10:312:BCTRL': 0.0006339331402735927, 'YCOR:IN10:382:BCTRL': -0.0008581599654187102, 'YCOR:IN10:412:BCTRL': 0.00031439196024529335, 'YCOR:IN10:492:BCTRL': -0.0006371740036449047, 'YCOR:IN10:522:BCTRL': 0.0004201912267718405, 'YCOR:IN10:642:BCTRL': -0.0017080210671320839}
2026-07-01 23:36:04,346 - INFO - 97
2026-07-01 23:36:04,346 - INFO - Running Xopt step
2026-07-01 23:36:04,350 - INFO - evaluating point: {'XCOR:IN10:221:BCTRL': 0.00034905900208563243, 'XCOR:IN10:311:BCTRL': 0.0010197836487098719, 'XCOR:IN10:381:BCTRL': -3.460839926988671e-05, 'XCOR:IN10:411:BCTRL': 0.0005955769672752063, 'XCOR:IN10:491:BCTRL': 0.00047655293044818127, 'XCOR:IN10:521:BCTRL': -0.001193369820171283, 'XCOR:IN10:641:BCTRL': -0.0002595094782213072, 'YCOR:IN10:222:BCTRL': 0.00030191064435587884, 'YCOR:IN10:312:BCTRL': 0.0006333611989954403, 'YCOR:IN10:382:BCTRL': -0.0008638935308828019, 'YCOR:IN10:412:BCTRL': 0.00030891860949781543, 'YCOR:IN10:492:BCTRL': -0.0006306887667583605, 'YCOR:IN10:522:BCTRL': 0.00042675133596619785, 'YCOR:IN10:642:BCTRL': -0.001702525690069082}
2026-07-01 23:36:04,571 - INFO - 98
2026-07-01 23:36:04,571 - INFO - Running Xopt step
2026-07-01 23:36:04,575 - INFO - evaluating point: {'XCOR:IN10:221:BCTRL': 0.00035035289161605124, 'XCOR:IN10:311:BCTRL': 0.0010202563620412706, 'XCOR:IN10:381:BCTRL': -3.513406161155168e-05, 'XCOR:IN10:411:BCTRL': 0.0005912561939438447, 'XCOR:IN10:491:BCTRL': 0.00046735970364906803, 'XCOR:IN10:521:BCTRL': -0.001190792649759954, 'XCOR:IN10:641:BCTRL': -0.00025492924025043, 'YCOR:IN10:222:BCTRL': 0.0003032378039641107, 'YCOR:IN10:312:BCTRL': 0.0006351561774106001, 'YCOR:IN10:382:BCTRL': -0.0008689662717175083, 'YCOR:IN10:412:BCTRL': 0.0003027483209446664, 'YCOR:IN10:492:BCTRL': -0.0006332179484379968, 'YCOR:IN10:522:BCTRL': 0.00042778483938231464, 'YCOR:IN10:642:BCTRL': -0.0016940306284215522}
2026-07-01 23:36:04,789 - INFO - 99
2026-07-01 23:36:04,789 - INFO - Running Xopt step
2026-07-01 23:36:04,793 - INFO - evaluating point: {'XCOR:IN10:221:BCTRL': 0.00035148694104689165, 'XCOR:IN10:311:BCTRL': 0.0010215126715008252, 'XCOR:IN10:381:BCTRL': -3.3990280063541705e-05, 'XCOR:IN10:411:BCTRL': 0.0005870565312372833, 'XCOR:IN10:491:BCTRL': 0.0004572213931923331, 'XCOR:IN10:521:BCTRL': -0.0011907720028068993, 'XCOR:IN10:641:BCTRL': -0.00025311855056004144, 'YCOR:IN10:222:BCTRL': 0.00030498362601582185, 'YCOR:IN10:312:BCTRL': 0.0006383217703660887, 'YCOR:IN10:382:BCTRL': -0.0008719596982877482, 'YCOR:IN10:412:BCTRL': 0.0002981893625256636, 'YCOR:IN10:492:BCTRL': -0.0006422938408333588, 'YCOR:IN10:522:BCTRL': 0.00042375509168705795, 'YCOR:IN10:642:BCTRL': -0.0016864811029252689}
2026-07-01 23:36:05,015 - INFO - Evaluating best point during extremum-seeking alignment finalization.
2026-07-01 23:36:05,018 - INFO - evaluating point: {'XCOR:IN10:221:BCTRL': 0.00035275608302617623, 'XCOR:IN10:311:BCTRL': 0.0010268849418724475, 'XCOR:IN10:381:BCTRL': -3.099613785932022e-05, 'XCOR:IN10:411:BCTRL': 0.0005975120728502813, 'XCOR:IN10:491:BCTRL': 0.0004518529604565884, 'XCOR:IN10:521:BCTRL': -0.0012158490614903878, 'XCOR:IN10:641:BCTRL': -0.00024862738810708116, 'YCOR:IN10:222:BCTRL': 0.00030823715010757394, 'YCOR:IN10:312:BCTRL': 0.0006316537552323975, 'YCOR:IN10:382:BCTRL': -0.0008667331485938365, 'YCOR:IN10:412:BCTRL': 0.00030964517466541694, 'YCOR:IN10:492:BCTRL': -0.0006559061160423744, 'YCOR:IN10:522:BCTRL': 0.0004286252776751139, 'YCOR:IN10:642:BCTRL': -0.0016887325745823017}
2026-07-01 23:36:05,230 - INFO - Best point evaluated during extremum-seeking alignment finalization: norm=1.3084159082169782
2026-07-01 23:36:05,361 - INFO - Appended Xopt serialization for optimize_alignment to ./automatic_workflow_xopt_1782974137.yaml
2026-07-01 23:36:05,361 - INFO - Completed workflow step: optimize_alignment (step 1/1) in 23.96 s
2026-07-01 23:36:05,361 - INFO - Skipping post-workflow environment reset (reset_env_after=False).
2026-07-01 23:36:05,361 - INFO - Automatic workflow completed.
2026-07-01 23:36:05,361 - INFO - Workflow summary: completed_steps=1 total_steps=1 duration=27.96 s xopt_dump_file=./automatic_workflow_xopt_1782974137.yaml
