2026-07-01 15:46:23,860 - INFO - Starting automatic workflow...
2026-07-01 15:46:23,860 - INFO - Workflow context: steps=1 dump_location=. reset_env_after=False logging_level=INFO log_file=automatic_workflow_1782945983.log
2026-07-01 15:46:23,861 - INFO - Ensured workflow output directory exists: .
2026-07-01 15:46:23,861 - INFO - Creating new FACET-II badger environment.
2026-07-01 15:46:28,339 - INFO - Running workflow step: tcav_phasing
2026-07-01 15:46:28,339 - INFO - Step 1/1 parameters: {'tcav_on_amplitude': 4, 'n_initial_points': 3, 'n_iterations': 5, 'max_scan_range': [80, 100], 'min_transmission': 0.5}
2026-07-01 15:46:29,023 - INFO - Starting tcav_phasing.
2026-07-01 15:46:29,053 - INFO - Starting automatic TCAV phasing. Current TCAV phase: 40.0
2026-07-01 15:46:29,053 - INFO - TCAV phasing config: tcav_on_amplitude=4 n_initial_points=3 n_iterations=5 max_scan_range=[80, 100] min_transmission=0.5 dump_location=None
2026-07-01 15:46:29,085 - INFO - Starting TCAV phase optimization....
2026-07-01 15:46:29,085 - INFO - Acquiring nominal centroid.
2026-07-01 15:46:39,592 - INFO - Initialized generator expected_improvement
2026-07-01 15:46:39,594 - INFO - Initial TCAV amplitude: 4.0, phase: 40.0
2026-07-01 15:46:45,102 - ERROR - Error during TCAV optimization, resetting to original phase
Traceback (most recent call last):
  File "/home/fphysics/zhezhang/AgenticOpt/autonomous-control/autonomous_control/facet/tcav_phasing.py", line 341, in run
    self.X.evaluate_data({"phase": start_phase})
  File "/home/fphysics/zhezhang/AgenticOpt/.venv/lib/python3.11/site-packages/xopt/base.py", line 415, in evaluate_data
    validate_input_data(self.vocs, input_data)
  File "/home/fphysics/zhezhang/AgenticOpt/.venv/lib/python3.11/site-packages/xopt/vocs.py", line 712, in validate_input_data
    raise ValueError(
ValueError: input points at row indices [0] are not valid for variables ['phase']
2026-07-01 15:47:06,128 - ERROR - tcav_phasing failed with an unhandled exception:
Traceback (most recent call last):
  File "/home/fphysics/zhezhang/AgenticOpt/autonomous-control/autonomous_control/facet/tcav_phasing.py", line 341, in run
    self.X.evaluate_data({"phase": start_phase})
  File "/home/fphysics/zhezhang/AgenticOpt/.venv/lib/python3.11/site-packages/xopt/base.py", line 415, in evaluate_data
    validate_input_data(self.vocs, input_data)
  File "/home/fphysics/zhezhang/AgenticOpt/.venv/lib/python3.11/site-packages/xopt/vocs.py", line 712, in validate_input_data
    raise ValueError(
ValueError: input points at row indices [0] are not valid for variables ['phase']

During handling of the above exception, another exception occurred:

Traceback (most recent call last):
  File "/home/fphysics/zhezhang/AgenticOpt/autonomous-control/autonomous_control/facet/tcav_phasing.py", line 375, in run
    set_tcav_phase_and_wait(
  File "/home/fphysics/zhezhang/AgenticOpt/autonomous-control/autonomous_control/facet/tcav_phasing.py", line 157, in set_tcav_phase_and_wait
    _set_tcav_property_and_wait(
  File "/home/fphysics/zhezhang/AgenticOpt/autonomous-control/autonomous_control/facet/tcav_phasing.py", line 131, in _set_tcav_property_and_wait
    settled = retrying(_is_settled)
              ^^^^^^^^^^^^^^^^^^^^^
  File "/home/fphysics/zhezhang/AgenticOpt/.venv/lib/python3.11/site-packages/tenacity/__init__.py", line 470, in __call__
    do = self.iter(retry_state=retry_state)
         ^^^^^^^^^^^^^^^^^^^^^^^^^^^^^^^^^^
  File "/home/fphysics/zhezhang/AgenticOpt/.venv/lib/python3.11/site-packages/tenacity/__init__.py", line 371, in iter
    result = action(retry_state)
             ^^^^^^^^^^^^^^^^^^^
  File "/home/fphysics/zhezhang/AgenticOpt/.venv/lib/python3.11/site-packages/tenacity/__init__.py", line 393, in <lambda>
    self._add_action_func(lambda rs: rs.outcome.result())
                                     ^^^^^^^^^^^^^^^^^^^
  File "/home/fphysics/zhezhang/AgenticOpt/.python-3.11/lib/python3.11/concurrent/futures/_base.py", line 449, in result
    return self.__get_result()
           ^^^^^^^^^^^^^^^^^^^
  File "/home/fphysics/zhezhang/AgenticOpt/.python-3.11/lib/python3.11/concurrent/futures/_base.py", line 401, in __get_result
    raise self._exception
  File "/home/fphysics/zhezhang/AgenticOpt/.venv/lib/python3.11/site-packages/tenacity/__init__.py", line 473, in __call__
    result = fn(*args, **kwargs)
             ^^^^^^^^^^^^^^^^^^^
  File "/home/fphysics/zhezhang/AgenticOpt/autonomous-control/autonomous_control/facet/tcav_phasing.py", line 105, in _is_settled
    readback_value = read_tcav_attr_with_retry(
                     ^^^^^^^^^^^^^^^^^^^^^^^^^^
  File "/home/fphysics/zhezhang/AgenticOpt/autonomous-control/autonomous_control/facet/tcav_phasing.py", line 74, in read_tcav_attr_with_retry
    raise RuntimeError(
RuntimeError: TCAV phase_avgnt readback unavailable after 5 attempts

During handling of the above exception, another exception occurred:

Traceback (most recent call last):
  File "/home/fphysics/zhezhang/AgenticOpt/autonomous-control/autonomous_control/facet/optimization_utils.py", line 139, in run_script_with_restore
    return script_fn(env, *args, **kwargs)
           ^^^^^^^^^^^^^^^^^^^^^^^^^^^^^^^
  File "/home/fphysics/zhezhang/AgenticOpt/autonomous-control/autonomous_control/facet/tcav_phasing.py", line 559, in tcav_phasing
    X = phaser.run()
        ^^^^^^^^^^^^
  File "/home/fphysics/zhezhang/AgenticOpt/autonomous-control/autonomous_control/facet/tcav_phasing.py", line 381, in run
    set_tcav_amplitude_and_wait(
  File "/home/fphysics/zhezhang/AgenticOpt/autonomous-control/autonomous_control/facet/tcav_phasing.py", line 178, in set_tcav_amplitude_and_wait
    _set_tcav_property_and_wait(
  File "/home/fphysics/zhezhang/AgenticOpt/autonomous-control/autonomous_control/facet/tcav_phasing.py", line 135, in _set_tcav_property_and_wait
    raise TimeoutError(
TimeoutError: TCAV amplitude failed to settle within timeout: target=4.0 readback=4.0105133056640625 polls=40

2026-07-01 15:47:06,128 - WARNING - Attempting to restore machine to state captured before tcav_phasing: {'SOLN:IN10:121:BCTRL': 0.3952124, 'QUAD:IN10:121:BCTRL': -0.000546, 'QUAD:IN10:122:BCTRL': 0.000558236, 'QUAD:IN10:511:BCTRL': 5.0639811, 'QUAD:IN10:441:BCTRL': 5.3496533, 'QUAD:IN10:425:BCTRL': -4.0552702, 'QUAD:IN10:371:BCTRL': 2.8580495, 'QUAD:IN10:361:BCTRL': -2.7497786, 'QUAD:IN10:631:BCTRL': 4.8092115, 'QUAD:IN10:651:BCTRL': -5.4933819, 'XCOR:IN10:121:BCTRL': -0.0004255335, 'XCOR:IN10:221:BCTRL': 0.0003480096423206082, 'XCOR:IN10:311:BCTRL': 0.0010551769579857401, 'XCOR:IN10:491:BCTRL': 0.0004490824214759009, 'XCOR:IN10:521:BCTRL': -0.0011871028720543484, 'XCOR:IN10:641:BCTRL': -0.0002674460417339658, 'YCOR:IN10:122:BCTRL': 0.00082021908, 'YCOR:IN10:222:BCTRL': 0.0003214094431156367, 'YCOR:IN10:312:BCTRL': 0.0006468039593360759, 'YCOR:IN10:522:BCTRL': 0.0004068680750706202, 'YCOR:IN10:492:BCTRL': -0.0006050056046994642, 'YCOR:IN10:642:BCTRL': -0.0016300465685921656, 'KLYS:LI10:51:ADES': 4.0, 'KLYS:LI10:51:PDES': 96.81846292488362, 'KLYS:LI10:41:SFB_PDES': -10.0}
2026-07-01 15:47:08,253 - WARNING - Machine state restored successfully after tcav_phasing failure.
2026-07-01 15:47:08,254 - ERROR - Workflow step failed: tcav_phasing (step 1/1) after 39.91 s
Traceback (most recent call last):
  File "/home/fphysics/zhezhang/AgenticOpt/autonomous-control/autonomous_control/facet/tcav_phasing.py", line 341, in run
    self.X.evaluate_data({"phase": start_phase})
  File "/home/fphysics/zhezhang/AgenticOpt/.venv/lib/python3.11/site-packages/xopt/base.py", line 415, in evaluate_data
    validate_input_data(self.vocs, input_data)
  File "/home/fphysics/zhezhang/AgenticOpt/.venv/lib/python3.11/site-packages/xopt/vocs.py", line 712, in validate_input_data
    raise ValueError(
ValueError: input points at row indices [0] are not valid for variables ['phase']

During handling of the above exception, another exception occurred:

Traceback (most recent call last):
  File "/home/fphysics/zhezhang/AgenticOpt/autonomous-control/autonomous_control/facet/tcav_phasing.py", line 375, in run
    set_tcav_phase_and_wait(
  File "/home/fphysics/zhezhang/AgenticOpt/autonomous-control/autonomous_control/facet/tcav_phasing.py", line 157, in set_tcav_phase_and_wait
    _set_tcav_property_and_wait(
  File "/home/fphysics/zhezhang/AgenticOpt/autonomous-control/autonomous_control/facet/tcav_phasing.py", line 131, in _set_tcav_property_and_wait
    settled = retrying(_is_settled)
              ^^^^^^^^^^^^^^^^^^^^^
  File "/home/fphysics/zhezhang/AgenticOpt/.venv/lib/python3.11/site-packages/tenacity/__init__.py", line 470, in __call__
    do = self.iter(retry_state=retry_state)
         ^^^^^^^^^^^^^^^^^^^^^^^^^^^^^^^^^^
  File "/home/fphysics/zhezhang/AgenticOpt/.venv/lib/python3.11/site-packages/tenacity/__init__.py", line 371, in iter
    result = action(retry_state)
             ^^^^^^^^^^^^^^^^^^^
  File "/home/fphysics/zhezhang/AgenticOpt/.venv/lib/python3.11/site-packages/tenacity/__init__.py", line 393, in <lambda>
    self._add_action_func(lambda rs: rs.outcome.result())
                                     ^^^^^^^^^^^^^^^^^^^
  File "/home/fphysics/zhezhang/AgenticOpt/.python-3.11/lib/python3.11/concurrent/futures/_base.py", line 449, in result
    return self.__get_result()
           ^^^^^^^^^^^^^^^^^^^
  File "/home/fphysics/zhezhang/AgenticOpt/.python-3.11/lib/python3.11/concurrent/futures/_base.py", line 401, in __get_result
    raise self._exception
  File "/home/fphysics/zhezhang/AgenticOpt/.venv/lib/python3.11/site-packages/tenacity/__init__.py", line 473, in __call__
    result = fn(*args, **kwargs)
             ^^^^^^^^^^^^^^^^^^^
  File "/home/fphysics/zhezhang/AgenticOpt/autonomous-control/autonomous_control/facet/tcav_phasing.py", line 105, in _is_settled
    readback_value = read_tcav_attr_with_retry(
                     ^^^^^^^^^^^^^^^^^^^^^^^^^^
  File "/home/fphysics/zhezhang/AgenticOpt/autonomous-control/autonomous_control/facet/tcav_phasing.py", line 74, in read_tcav_attr_with_retry
    raise RuntimeError(
RuntimeError: TCAV phase_avgnt readback unavailable after 5 attempts

During handling of the above exception, another exception occurred:

Traceback (most recent call last):
  File "/home/fphysics/zhezhang/AgenticOpt/autonomous-control/autonomous_control/facet/runner.py", line 152, in run_automatic_workflow
    step_result = step_handler(env, **step_kwargs)
                  ^^^^^^^^^^^^^^^^^^^^^^^^^^^^^^^^
  File "/home/fphysics/zhezhang/AgenticOpt/autonomous-control/autonomous_control/facet/optimization_utils.py", line 70, in wrapper
    return run_script_with_restore(fn, env, *args, context=label, **kwargs)
           ^^^^^^^^^^^^^^^^^^^^^^^^^^^^^^^^^^^^^^^^^^^^^^^^^^^^^^^^^^^^^^^^
  File "/home/fphysics/zhezhang/AgenticOpt/autonomous-control/autonomous_control/facet/optimization_utils.py", line 139, in run_script_with_restore
    return script_fn(env, *args, **kwargs)
           ^^^^^^^^^^^^^^^^^^^^^^^^^^^^^^^
  File "/home/fphysics/zhezhang/AgenticOpt/autonomous-control/autonomous_control/facet/tcav_phasing.py", line 559, in tcav_phasing
    X = phaser.run()
        ^^^^^^^^^^^^
  File "/home/fphysics/zhezhang/AgenticOpt/autonomous-control/autonomous_control/facet/tcav_phasing.py", line 381, in run
    set_tcav_amplitude_and_wait(
  File "/home/fphysics/zhezhang/AgenticOpt/autonomous-control/autonomous_control/facet/tcav_phasing.py", line 178, in set_tcav_amplitude_and_wait
    _set_tcav_property_and_wait(
  File "/home/fphysics/zhezhang/AgenticOpt/autonomous-control/autonomous_control/facet/tcav_phasing.py", line 135, in _set_tcav_property_and_wait
    raise TimeoutError(
TimeoutError: TCAV amplitude failed to settle within timeout: target=4.0 readback=4.0105133056640625 polls=40
