2026-07-01 22:10:09,871 - INFO - Starting automatic workflow...
2026-07-01 22:10:09,872 - INFO - Workflow context: steps=1 dump_location=. reset_env_after=False logging_level=INFO log_file=automatic_workflow_1782969009.log
2026-07-01 22:10:09,872 - INFO - Ensured workflow output directory exists: .
2026-07-01 22:10:09,872 - INFO - Creating new FACET-II badger environment.
2026-07-01 22:10:14,402 - INFO - Running workflow step: tcav_phasing
2026-07-01 22:10:14,402 - INFO - Step 1/1 parameters: {'amplitude_tolerance': 0.01, 'max_scan_range': [80, 100], 'n_initial_points': 5, 'n_iterations': 5, 'phase_tolerance': 0.5, 'tcav_on_amplitude': 4}
2026-07-01 22:10:15,276 - INFO - Starting tcav_phasing.
2026-07-01 22:10:15,308 - INFO - Starting automatic TCAV phasing. Current TCAV phase: 92.87318591172351
2026-07-01 22:10:15,308 - INFO - TCAV phasing config: tcav_on_amplitude=4 n_initial_points=5 n_iterations=5 max_scan_range=[80, 100] min_transmission=0.4 dump_location=None
2026-07-01 22:10:15,331 - INFO - Starting TCAV phase optimization....
2026-07-01 22:10:15,331 - INFO - Acquiring nominal centroid.
2026-07-01 22:10:18,837 - INFO - Initialized generator expected_improvement
2026-07-01 22:10:18,838 - INFO - Initial TCAV amplitude: 4.0, phase: 92.87318591172351
2026-07-01 22:10:24,448 - INFO - Converged
2026-07-01 22:10:24,453 - INFO - setting final phase to 92.87318591172351
2026-07-01 22:10:30,457 - INFO - Restored original TCAV amplitude.
2026-07-01 22:10:30,457 - INFO - TCAV phase optimization complete.
2026-07-01 22:10:30,462 - INFO - Automatic TCAV phasing finished. Optimized phase: 92.87318591172351 duration=15.19 s
2026-07-01 22:10:30,477 - INFO - Appended Xopt serialization for tcav_phasing to ./automatic_workflow_xopt_1782969009.yaml
2026-07-01 22:10:30,477 - INFO - Completed workflow step: tcav_phasing (step 1/1) in 16.07 s
2026-07-01 22:10:30,477 - INFO - Skipping post-workflow environment reset (reset_env_after=False).
2026-07-01 22:10:30,477 - INFO - Automatic workflow completed.
2026-07-01 22:10:30,477 - INFO - Workflow summary: completed_steps=1 total_steps=1 duration=20.61 s xopt_dump_file=./automatic_workflow_xopt_1782969009.yaml
