2026-07-01 23:30:37,905 - INFO - Starting automatic workflow...
2026-07-01 23:30:37,905 - INFO - Workflow context: steps=1 dump_location=. reset_env_after=False logging_level=INFO log_file=automatic_workflow_1782973837.log
2026-07-01 23:30:37,905 - INFO - Ensured workflow output directory exists: .
2026-07-01 23:30:37,906 - INFO - Creating new FACET-II badger environment.
2026-07-01 23:30:42,113 - INFO - Running workflow step: optimize_schottky
2026-07-01 23:30:42,113 - INFO - Step 1/1 parameters: {}
2026-07-01 23:30:42,796 - INFO - Starting auto_schottky_scan.
2026-07-01 23:30:42,796 - INFO - inserting Faraday cup, interrupting feedbacks
2026-07-01 23:30:52,931 - INFO - Initialized generator annotation=NoneType required=True description='generator name'
2026-07-01 23:30:52,939 - INFO - Created Schottky Xopt object.
2026-07-01 23:30:52,939 - INFO - Starting automatic Schottky scan with Amortized BOED generator.
2026-07-01 23:30:52,939 - INFO - Running 100 steps (10 grid + 90 BOED)...
2026-07-01 23:30:52,939 - INFO - Running Xopt step
2026-07-01 23:30:55,466 - INFO - Running Xopt step
2026-07-01 23:30:57,976 - INFO - Running Xopt step
2026-07-01 23:31:00,485 - INFO - Running Xopt step
2026-07-01 23:31:02,994 - INFO - Running Xopt step
2026-07-01 23:31:05,503 - INFO - Running Xopt step
2026-07-01 23:31:08,012 - INFO - Running Xopt step
2026-07-01 23:31:10,523 - INFO - Running Xopt step
2026-07-01 23:31:13,034 - INFO - Running Xopt step
2026-07-01 23:31:15,545 - INFO - Running Xopt step
2026-07-01 23:31:18,054 - INFO - BOED step 0 / 90
2026-07-01 23:31:18,054 - INFO - Running Xopt step
2026-07-01 23:31:20,634 - INFO - Running Xopt step
2026-07-01 23:31:23,151 - INFO - Running Xopt step
2026-07-01 23:31:25,680 - INFO - Running Xopt step
2026-07-01 23:31:28,190 - INFO - Running Xopt step
2026-07-01 23:31:30,700 - INFO - BOED step 5 / 90
2026-07-01 23:31:30,700 - INFO - Running Xopt step
2026-07-01 23:31:33,210 - INFO - Running Xopt step
2026-07-01 23:31:35,721 - INFO - Running Xopt step
2026-07-01 23:31:38,235 - INFO - Running Xopt step
2026-07-01 23:31:40,748 - INFO - Running Xopt step
2026-07-01 23:31:43,260 - INFO - BOED step 10 / 90
2026-07-01 23:31:43,260 - INFO - Running Xopt step
2026-07-01 23:31:45,788 - INFO - Running Xopt step
2026-07-01 23:31:48,306 - INFO - Running Xopt step
2026-07-01 23:31:50,815 - INFO - Running Xopt step
2026-07-01 23:31:53,325 - INFO - Running Xopt step
2026-07-01 23:31:55,837 - INFO - BOED step 15 / 90
2026-07-01 23:31:55,837 - INFO - Running Xopt step
2026-07-01 23:31:58,349 - INFO - Running Xopt step
2026-07-01 23:32:00,861 - INFO - Running Xopt step
2026-07-01 23:32:03,372 - INFO - Running Xopt step
2026-07-01 23:32:05,885 - INFO - Running Xopt step
2026-07-01 23:32:08,400 - INFO - BOED step 20 / 90
2026-07-01 23:32:08,400 - INFO - Running Xopt step
2026-07-01 23:32:10,934 - INFO - Running Xopt step
2026-07-01 23:32:13,452 - INFO - Running Xopt step
2026-07-01 23:32:15,964 - INFO - Running Xopt step
2026-07-01 23:32:18,473 - INFO - Running Xopt step
2026-07-01 23:32:20,983 - INFO - BOED step 25 / 90
2026-07-01 23:32:20,983 - INFO - Running Xopt step
2026-07-01 23:32:23,492 - INFO - Running Xopt step
2026-07-01 23:32:26,006 - INFO - Running Xopt step
2026-07-01 23:32:28,516 - INFO - Running Xopt step
2026-07-01 23:32:31,026 - INFO - Running Xopt step
2026-07-01 23:32:33,537 - INFO - BOED step 30 / 90
2026-07-01 23:32:33,537 - INFO - Running Xopt step
2026-07-01 23:32:36,287 - INFO - Running Xopt step
2026-07-01 23:32:38,803 - INFO - Running Xopt step
2026-07-01 23:32:41,314 - INFO - Running Xopt step
2026-07-01 23:32:43,823 - INFO - Running Xopt step
2026-07-01 23:32:46,334 - INFO - BOED step 35 / 90
2026-07-01 23:32:46,334 - INFO - Running Xopt step
2026-07-01 23:32:48,845 - INFO - Running Xopt step
2026-07-01 23:32:51,358 - INFO - Running Xopt step
2026-07-01 23:32:53,870 - INFO - Running Xopt step
2026-07-01 23:32:56,380 - INFO - Running Xopt step
2026-07-01 23:32:58,891 - INFO - BOED step 40 / 90
2026-07-01 23:32:58,891 - INFO - Running Xopt step
2026-07-01 23:33:01,424 - INFO - Running Xopt step
2026-07-01 23:33:03,943 - INFO - Running Xopt step
2026-07-01 23:33:06,454 - INFO - Running Xopt step
2026-07-01 23:33:08,968 - INFO - Running Xopt step
2026-07-01 23:33:11,480 - INFO - BOED step 45 / 90
2026-07-01 23:33:11,480 - INFO - Running Xopt step
2026-07-01 23:33:13,990 - INFO - Running Xopt step
2026-07-01 23:33:16,500 - INFO - Running Xopt step
2026-07-01 23:33:19,011 - INFO - Running Xopt step
2026-07-01 23:33:21,521 - INFO - Running Xopt step
2026-07-01 23:33:24,034 - INFO - BOED step 50 / 90
2026-07-01 23:33:24,034 - INFO - Running Xopt step
2026-07-01 23:33:26,567 - INFO - Running Xopt step
2026-07-01 23:33:29,086 - INFO - Running Xopt step
2026-07-01 23:33:31,596 - INFO - Running Xopt step
2026-07-01 23:33:34,106 - INFO - Running Xopt step
2026-07-01 23:33:36,620 - INFO - BOED step 55 / 90
2026-07-01 23:33:36,620 - INFO - Running Xopt step
2026-07-01 23:33:39,129 - INFO - Running Xopt step
2026-07-01 23:33:41,640 - INFO - Running Xopt step
2026-07-01 23:33:44,152 - INFO - Running Xopt step
2026-07-01 23:33:46,664 - INFO - Running Xopt step
2026-07-01 23:33:49,176 - INFO - BOED step 60 / 90
2026-07-01 23:33:49,176 - INFO - Running Xopt step
2026-07-01 23:33:51,702 - INFO - Running Xopt step
2026-07-01 23:33:54,221 - INFO - Running Xopt step
2026-07-01 23:33:56,731 - INFO - Running Xopt step
2026-07-01 23:33:59,243 - INFO - Running Xopt step
2026-07-01 23:34:01,754 - INFO - BOED step 65 / 90
2026-07-01 23:34:01,754 - INFO - Running Xopt step
2026-07-01 23:34:04,265 - INFO - Running Xopt step
2026-07-01 23:34:06,776 - INFO - Running Xopt step
2026-07-01 23:34:09,287 - INFO - Running Xopt step
2026-07-01 23:34:11,797 - INFO - Running Xopt step
2026-07-01 23:34:14,307 - INFO - BOED step 70 / 90
2026-07-01 23:34:14,307 - INFO - Running Xopt step
2026-07-01 23:34:16,834 - INFO - Running Xopt step
2026-07-01 23:34:19,354 - INFO - Running Xopt step
2026-07-01 23:34:21,867 - INFO - Running Xopt step
2026-07-01 23:34:24,378 - INFO - Running Xopt step
2026-07-01 23:34:26,889 - INFO - BOED step 75 / 90
2026-07-01 23:34:26,889 - INFO - Running Xopt step
2026-07-01 23:34:29,400 - INFO - Running Xopt step
2026-07-01 23:34:31,914 - INFO - Running Xopt step
2026-07-01 23:34:34,424 - INFO - Running Xopt step
2026-07-01 23:34:36,944 - INFO - Running Xopt step
2026-07-01 23:34:39,456 - INFO - BOED step 80 / 90
2026-07-01 23:34:39,456 - INFO - Running Xopt step
2026-07-01 23:34:41,985 - INFO - Running Xopt step
2026-07-01 23:34:44,503 - INFO - Running Xopt step
2026-07-01 23:34:47,017 - INFO - Running Xopt step
2026-07-01 23:34:49,527 - INFO - Running Xopt step
2026-07-01 23:34:52,036 - INFO - BOED step 85 / 90
2026-07-01 23:34:52,036 - INFO - Running Xopt step
2026-07-01 23:34:54,547 - INFO - Running Xopt step
2026-07-01 23:34:57,058 - INFO - Running Xopt step
2026-07-01 23:34:59,570 - INFO - Running Xopt step
2026-07-01 23:35:02,081 - INFO - Running Xopt step
2026-07-01 23:35:04,591 - INFO - BOED step 90 / 90
2026-07-01 23:35:06,606 - INFO - best T0 estimate from BOED scan: 0.08° gunphase
2026-07-01 23:35:06,606 - INFO - removing the faraday cup and restarting feedbacks
2026-07-01 23:35:06,607 - INFO - Automatic Schottky scan complete.
2026-07-01 23:35:06,641 - INFO - Appended Xopt serialization for optimize_schottky to ./automatic_workflow_xopt_1782973837.yaml
2026-07-01 23:35:06,641 - INFO - Completed workflow step: optimize_schottky (step 1/1) in 264.53 s
2026-07-01 23:35:06,641 - INFO - Skipping post-workflow environment reset (reset_env_after=False).
2026-07-01 23:35:06,641 - INFO - Automatic workflow completed.
2026-07-01 23:35:06,641 - INFO - Workflow summary: completed_steps=1 total_steps=1 duration=268.74 s xopt_dump_file=./automatic_workflow_xopt_1782973837.yaml
