2026-07-01 22:27:36,851 - INFO - Starting automatic workflow...
2026-07-01 22:27:36,851 - INFO - Workflow context: steps=1 dump_location=. reset_env_after=False logging_level=INFO log_file=automatic_workflow_1782970056.log
2026-07-01 22:27:36,852 - INFO - Ensured workflow output directory exists: .
2026-07-01 22:27:36,852 - INFO - Creating new FACET-II badger environment.
2026-07-01 22:27:40,692 - INFO - Running workflow step: optimize_laser_steering
2026-07-01 22:27:40,693 - INFO - Step 1/1 parameters: {'n_steps': 20, 'initial_random_evaluations': 10}
2026-07-01 22:27:40,693 - INFO - Starting BAX solenoid alignment optimization.
2026-07-01 22:27:40,693 - INFO - Solenoid alignment config: initial_random_evaluations=10 n_steps=20 dump_location=None
2026-07-01 22:27:40,781 - INFO - Initialized generator bax
2026-07-01 22:27:40,786 - INFO - Running initial evaluations (current + 10 random points).
2026-07-01 22:28:03,119 - INFO - Running Xopt step
2026-07-01 22:28:07,860 - INFO - Running Xopt step
2026-07-01 22:28:12,364 - INFO - Running Xopt step
2026-07-01 22:28:16,939 - INFO - Running Xopt step
2026-07-01 22:28:21,114 - INFO - Running Xopt step
2026-07-01 22:28:25,445 - INFO - Running Xopt step
2026-07-01 22:28:29,859 - INFO - Running Xopt step
2026-07-01 22:28:34,200 - INFO - Running Xopt step
2026-07-01 22:28:38,540 - INFO - Running Xopt step
2026-07-01 22:28:42,857 - INFO - Running Xopt step
2026-07-01 22:28:47,210 - INFO - Running Xopt step
2026-07-01 22:28:51,597 - INFO - Running Xopt step
2026-07-01 22:28:56,031 - INFO - Running Xopt step
2026-07-01 22:29:00,364 - INFO - Running Xopt step
2026-07-01 22:29:04,684 - INFO - Running Xopt step
2026-07-01 22:29:08,951 - INFO - Running Xopt step
2026-07-01 22:29:13,388 - INFO - Running Xopt step
2026-07-01 22:29:17,906 - INFO - Running Xopt step
2026-07-01 22:29:22,337 - INFO - Running Xopt step
2026-07-01 22:29:26,770 - INFO - Running Xopt step
2026-07-01 22:29:32,584 - INFO - Evaluating best point during solenoid alignment optimization.
2026-07-01 22:29:34,595 - INFO - Best point evaluated during solenoid alignment optimization.
2026-07-01 22:29:34,595 - INFO - Completed solenoid alignment optimization.
2026-07-01 22:29:36,446 - INFO - Solenoid alignment summary: evaluations=32 dump_file=None png=./solenoid_alignment_opt_1782970060.png duration=115.75 s
2026-07-01 22:29:36,467 - INFO - Appended Xopt serialization for optimize_laser_steering to ./automatic_workflow_xopt_1782970056.yaml
2026-07-01 22:29:36,467 - INFO - Completed workflow step: optimize_laser_steering (step 1/1) in 115.77 s
2026-07-01 22:29:36,468 - INFO - Skipping post-workflow environment reset (reset_env_after=False).
2026-07-01 22:29:36,468 - INFO - Automatic workflow completed.
2026-07-01 22:29:36,468 - INFO - Workflow summary: completed_steps=1 total_steps=1 duration=119.62 s xopt_dump_file=./automatic_workflow_xopt_1782970056.yaml
